******************************************************************************
                  MSP430 Linker PC v16.9.4                     
******************************************************************************
>> Linked Thu Jun 20 13:21:02 2019

OUTPUT FILE NAME:   <MSP430_Kretsn_V3.out>
ENTRY POINT SYMBOL: "_c_int00_noargs_noexit"  address: 0000c7f8


MEMORY CONFIGURATION

         name            origin    length      used     unused   attr    fill
----------------------  --------  ---------  --------  --------  ----  --------
  SFR                   00000000   00000010  00000000  00000010  RWIX
  PERIPHERALS_8BIT      00000010   000000f0  00000000  000000f0  RWIX
  PERIPHERALS_16BIT     00000100   00000100  00000000  00000100  RWIX
  RAM                   00000200   00000200  000000b7  00000149  RWIX
  INFOD                 00001000   00000040  00000000  00000040  RWIX
  INFOC                 00001040   00000040  00000000  00000040  RWIX
  INFOB                 00001080   00000040  00000000  00000040  RWIX
  INFOA                 000010c0   00000040  00000000  00000040  RWIX
  FLASH                 0000c000   00002e00  000009e8  00002418  RWIX
  IMGFLASH              0000ee00   00001000  00000000  00001000  RWIX
  BSLSIGNATURE          0000ffde   00000002  00000002  00000000  RWIX  ffff 
  INT00                 0000ffe0   00000002  00000002  00000000  RWIX
  INT01                 0000ffe2   00000002  00000000  00000002  RWIX
  INT02                 0000ffe4   00000002  00000002  00000000  RWIX
  INT03                 0000ffe6   00000002  00000002  00000000  RWIX
  INT04                 0000ffe8   00000002  00000000  00000002  RWIX
  INT05                 0000ffea   00000002  00000002  00000000  RWIX
  INT06                 0000ffec   00000002  00000002  00000000  RWIX
  INT07                 0000ffee   00000002  00000002  00000000  RWIX
  INT08                 0000fff0   00000002  00000002  00000000  RWIX
  INT09                 0000fff2   00000002  00000002  00000000  RWIX
  INT10                 0000fff4   00000002  00000002  00000000  RWIX
  INT11                 0000fff6   00000002  00000002  00000000  RWIX
  INT12                 0000fff8   00000002  00000002  00000000  RWIX
  INT13                 0000fffa   00000002  00000002  00000000  RWIX
  INT14                 0000fffc   00000002  00000002  00000000  RWIX
  RESET                 0000fffe   00000002  00000002  00000000  RWIX


SECTION ALLOCATION MAP

 output                                  attributes/
section   page    origin      length       input sections
--------  ----  ----------  ----------   ----------------
.bss       0    00000200    00000051     UNINITIALIZED
                  00000200    00000046     (.common:UART_Buf)
                  00000246    00000008     (.common:img)
                  0000024e    00000002     (.common:UART_TXBUF)
                  00000250    00000001     main.obj (.bss)

.data      0    00000252    00000016     UNINITIALIZED
                  00000252    00000016     main.obj (.data)

.stack     0    000003b0    00000050     UNINITIALIZED
                  000003b0    00000002     rts430_eabi.lib : boot.obj (.stack)
                  000003b2    0000004e     --HOLE--

.text      0    0000c000    00000902     
                  0000c000    00000114     main.obj (.text:main)
                  0000c114    000000a2     main.obj (.text:handleUART)
                  0000c1b6    00000092     main.obj (.text:T1A0_ISR)
                  0000c248    0000008c     main.obj (.text:USCIAB0RX_ISR)
                  0000c2d4    00000080     main.obj (.text:ADC10_ISR)
                  0000c354    0000007c     rts430_eabi.lib : copy_decompress_lzss.obj (.text:decompress:lzss:__TI_decompress_lzss)
                  0000c3d0    0000006e                     : autoinit.obj (.text:_auto_init)
                  0000c43e    0000005a                     : cpy_tbl.obj (.text:copy_in)
                  0000c498    00000054     main.obj (.text:Flash_Load_Descriptor)
                  0000c4ec    00000052     main.obj (.text:inAllowedMem)
                  0000c53e    0000004c     main.obj (.text:USCI_B0_Init)
                  0000c58a    0000004c     rts430_eabi.lib : lsr16.obj (.text)
                  0000c5d6    00000046     main.obj (.text:Eyes_Set)
                  0000c61c    00000046     main.obj (.text:Flash_Erase)
                  0000c662    00000040     main.obj (.text:Flash_Write)
                  0000c6a2    00000036     main.obj (.text:USCIAB0TX_ISR)
                  0000c6d8    0000002e     main.obj (.text:Status_Set)
                  0000c706    0000002c     main.obj (.text:USCI_A0_Init)
                  0000c732    0000002c     rts430_eabi.lib : lsl16.obj (.text)
                  0000c75e    00000022     main.obj (.text:DCO_Calib)
                  0000c780    00000020     main.obj (.text:Flash_Count_Descriptors)
                  0000c7a0    00000020     main.obj (.text:TIMER_A1_Init)
                  0000c7c0    0000001c     main.obj (.text:uartTransmit)
                  0000c7dc    0000001c     main.obj (.text:watchdog_timer)
                  0000c7f8    0000001a     rts430_eabi.lib : boot_special.obj (.text:_c_int00_noargs_noexit)
                  0000c812    00000018     main.obj (.text:ADC10_Init_BTN)
                  0000c82a    00000014     main.obj (.text:clearUARTbuf)
                  0000c83e    00000014     rts430_eabi.lib : copy_zero_init.obj (.text:decompress:ZI:__TI_zero_init)
                  0000c852    00000014                     : memset.obj (.text:memset)
                  0000c866    00000014                     : mult16.obj (.text)
                  0000c87a    00000012                     : copy_decompress_none.obj (.text:decompress:none:__TI_decompress_none)
                  0000c88c    00000012                     : memcpy.obj (.text:memcpy)
                  0000c89e    00000010                     : epilog.obj (.text)
                  0000c8ae    0000000e     main.obj (.text:Eyes_Init)
                  0000c8bc    0000000a     main.obj (.text:ADC10_Init)
                  0000c8c6    0000000a     main.obj (.text:T0A1_ISR)
                  0000c8d0    0000000a     main.obj (.text:T1A1_ISR)
                  0000c8da    0000000a     rts430_eabi.lib : abs.obj (.text:abs)
                  0000c8e4    00000008                     : isr_trap.obj (.text:_isr:__TI_ISR_TRAP)
                  0000c8ec    00000006     main.obj (.text:WDT_Init)
                  0000c8f2    00000006     rts430_eabi.lib : exit.obj (.text:abort)
                  0000c8f8    00000004                     : pre_init.obj (.text:_system_pre_init)
                  0000c8fc    00000002     main.obj (.text:Port_1)
                  0000c8fe    00000002     main.obj (.text:T0A0_ISR)
                  0000c900    00000002     rts430_eabi.lib : startup.obj (.text:_system_post_cinit)

.binit     0    0000c000    00000000     

.const     0    0000c902    000000c2     
                  0000c902    00000074     main.obj (.const:.string:flash_regions)
                  0000c976    0000004e     main.obj (.const:.string:version_data)

.cinit     0    0000c9c4    00000024     
                  0000c9c4    00000011     (.cinit..data.load) [load image, compression = lzss]
                  0000c9d5    00000001     --HOLE-- [fill = 0]
                  0000c9d6    00000006     (__TI_handler_table)
                  0000c9dc    00000004     (.cinit..bss.load) [load image, compression = zero_init]
                  0000c9e0    00000008     (__TI_cinit_table)

.init_array 
*          0    0000c000    00000000     UNINITIALIZED

TRAPINT    0    0000ffe0    00000002     
                  0000ffe0    00000002     rts430_eabi.lib : int00.obj (.int00)

$fill000   0    0000ffde    00000002     
                  0000ffde    00000002     --HOLE-- [fill = ffff]

PORT1      0    0000ffe4    00000002     
                  0000ffe4    00000002     main.obj (.int02)

PORT2      0    0000ffe6    00000002     
                  0000ffe6    00000002     rts430_eabi.lib : int03.obj (.int03)

ADC10      0    0000ffea    00000002     
                  0000ffea    00000002     main.obj (.int05)

USCIAB0TX 
*          0    0000ffec    00000002     
                  0000ffec    00000002     main.obj (.int06)

USCIAB0RX 
*          0    0000ffee    00000002     
                  0000ffee    00000002     main.obj (.int07)

TIMER0_A1 
*          0    0000fff0    00000002     
                  0000fff0    00000002     main.obj (.int08)

TIMER0_A0 
*          0    0000fff2    00000002     
                  0000fff2    00000002     main.obj (.int09)

WDT        0    0000fff4    00000002     
                  0000fff4    00000002     main.obj (.int10)

COMPARATORA 
*          0    0000fff6    00000002     
                  0000fff6    00000002     rts430_eabi.lib : int11.obj (.int11)

TIMER1_A1 
*          0    0000fff8    00000002     
                  0000fff8    00000002     main.obj (.int12)

TIMER1_A0 
*          0    0000fffa    00000002     
                  0000fffa    00000002     main.obj (.int13)

NMI        0    0000fffc    00000002     
                  0000fffc    00000002     rts430_eabi.lib : int14.obj (.int14)

.reset     0    0000fffe    00000002     
                  0000fffe    00000002     rts430_eabi.lib : boot.obj (.reset)

MODULE SUMMARY

       Module                     code   ro data   rw data
       ------                     ----   -------   -------
    .\
       main.obj                   1694   212       103    
    +--+--------------------------+------+---------+---------+
       Total:                     1694   212       103    
                                                          
    C:\ti\ccsv7\tools\compiler\ti-cgt-msp430_16.9.4.LTS\lib\rts430_eabi.lib
       copy_decompress_lzss.obj   124    0         0      
       autoinit.obj               110    0         0      
       cpy_tbl.obj                90     0         0      
       lsr16.obj                  76     0         0      
       lsl16.obj                  44     0         0      
       boot_special.obj           26     0         0      
       copy_zero_init.obj         20     0         0      
       memset.obj                 20     0         0      
       mult16.obj                 20     0         0      
       copy_decompress_none.obj   18     0         0      
       memcpy.obj                 18     0         0      
       epilog.obj                 16     0         0      
       abs.obj                    10     0         0      
       isr_trap.obj               8      0         0      
       exit.obj                   6      0         0      
       pre_init.obj               4      0         0      
       boot.obj                   0      2         0      
       int00.obj                  0      2         0      
       int03.obj                  0      2         0      
       int11.obj                  0      2         0      
       int14.obj                  0      2         0      
       startup.obj                2      0         0      
    +--+--------------------------+------+---------+---------+
       Total:                     612    10        0      
                                                          
       Stack:                     0      0         80     
       Linker Generated:          0      35        0      
    +--+--------------------------+------+---------+---------+
       Grand Total:               2306   257       183    


LINKER GENERATED COPY TABLES

__TI_cinit_table @ 0000c9e0 records: 2, size/record: 4, table size: 8
	.data: load addr=0000c9c4, load size=00000011 bytes, run addr=00000252, run size=00000016 bytes, compression=lzss
	.bss: load addr=0000c9dc, load size=00000004 bytes, run addr=00000200, run size=00000051 bytes, compression=zero_init


LINKER GENERATED HANDLER TABLE

__TI_handler_table @ 0000c9d6 records: 3, size/record: 2, table size: 6
	index: 0, handler: __TI_zero_init
	index: 1, handler: __TI_decompress_lzss
	index: 2, handler: __TI_decompress_none


GLOBAL SYMBOLS: SORTED ALPHABETICALLY BY Name 

address   name                    
-------   ----                    
0000004a  ADC10AE0                
000001b0  ADC10CTL0               
000001b2  ADC10CTL1               
00000048  ADC10DTC0               
00000049  ADC10DTC1               
000001b4  ADC10MEM                
000001bc  ADC10SA                 
0000c2d4  ADC10_ISR               
0000c8bc  ADC10_Init              
0000c812  ADC10_Init_BTN          
00000057  BCSCTL1                 
00000058  BCSCTL2                 
00000053  BCSCTL3                 
00000264  BYTE_CNTR               
0000c8f2  C$$EXIT                 
00000059  CACTL1                  
0000005a  CACTL2                  
000010fb  CALBC1_12MHZ            
000010f9  CALBC1_16MHZ            
000010ff  CALBC1_1MHZ             
000010fd  CALBC1_8MHZ             
000010fa  CALDCO_12MHZ            
000010f8  CALDCO_16MHZ            
000010fe  CALDCO_1MHZ             
000010fc  CALDCO_8MHZ             
0000005b  CAPD                    
00000056  DCOCTL                  
0000c75e  DCO_Calib               
0000c8ae  Eyes_Init               
0000c5d6  Eyes_Set                
00000128  FCTL1                   
0000012a  FCTL2                   
0000012c  FCTL3                   
00000256  FRAME_CNTR              
00000258  FRAME_OFFS              
0000c780  Flash_Count_Descriptors 
0000c61c  Flash_Erase             
0000c498  Flash_Load_Descriptor   
0000c662  Flash_Write             
00000000  IE1                     
00000001  IE2                     
00000002  IFG1                    
00000003  IFG2                    
00000022  P1DIR                   
00000025  P1IE                    
00000024  P1IES                   
00000023  P1IFG                   
00000020  P1IN                    
00000021  P1OUT                   
00000027  P1REN                   
00000026  P1SEL                   
00000041  P1SEL2                  
0000002a  P2DIR                   
0000002d  P2IE                    
0000002c  P2IES                   
0000002b  P2IFG                   
00000028  P2IN                    
00000029  P2OUT                   
0000002f  P2REN                   
0000002e  P2SEL                   
00000042  P2SEL2                  
0000001a  P3DIR                   
00000018  P3IN                    
00000019  P3OUT                   
00000010  P3REN                   
0000001b  P3SEL                   
00000043  P3SEL2                  
0000c8fc  Port_1                  
0000025a  STATUS_VEC              
0000c6d8  Status_Set              
0000c8fe  T0A0_ISR                
0000c8c6  T0A1_ISR                
0000c1b6  T1A0_ISR                
0000c8d0  T1A1_ISR                
00000172  TA0CCR0                 
00000174  TA0CCR1                 
00000176  TA0CCR2                 
00000162  TA0CCTL0                
00000164  TA0CCTL1                
00000166  TA0CCTL2                
00000160  TA0CTL                  
0000012e  TA0IV                   
00000170  TA0R                    
00000192  TA1CCR0                 
00000194  TA1CCR1                 
00000196  TA1CCR2                 
00000182  TA1CCTL0                
00000184  TA1CCTL1                
00000186  TA1CCTL2                
00000180  TA1CTL                  
0000011e  TA1IV                   
00000190  TA1R                    
0000c7a0  TIMER_A1_Init           
000010db  TLV_ADC10_1_LEN         
000010da  TLV_ADC10_1_TAG         
000010c0  TLV_CHECKSUM            
000010f7  TLV_DCO_30_LEN          
000010f6  TLV_DCO_30_TAG          
00000254  UART_Available          
00000262  UART_BYTES_TX           
00000260  UART_BYTE_CNTR          
00000200  UART_Buf                
00000253  UART_DOONCE             
0000024e  UART_TXBUF              
00000263  UART_TXDONE             
0000005d  UCA0ABCTL               
00000062  UCA0BR0                 
00000063  UCA0BR1                 
00000060  UCA0CTL0                
00000061  UCA0CTL1                
0000005f  UCA0IRRCTL              
0000005e  UCA0IRTCTL              
00000064  UCA0MCTL                
00000066  UCA0RXBUF               
00000065  UCA0STAT                
00000067  UCA0TXBUF               
0000006a  UCB0BR0                 
0000006b  UCB0BR1                 
00000068  UCB0CTL0                
00000069  UCB0CTL1                
0000006c  UCB0I2CIE               
00000118  UCB0I2COA               
0000011a  UCB0I2CSA               
0000006e  UCB0RXBUF               
0000006d  UCB0STAT                
0000006f  UCB0TXBUF               
0000c248  USCIAB0RX_ISR           
0000c6a2  USCIAB0TX_ISR           
0000c706  USCI_A0_Init            
0000c53e  USCI_B0_Init            
00000120  WDTCTL                  
0000c8ec  WDT_Init                
00000400  __STACK_END             
00000050  __STACK_SIZE            
UNDEFED   __TI_BINIT_Base         
UNDEFED   __TI_BINIT_Limit        
0000c9e0  __TI_CINIT_Base         
0000c9e8  __TI_CINIT_Limit        
0000c9d6  __TI_Handler_Table_Base 
0000c9dc  __TI_Handler_Table_Limit
UNDEFED   __TI_INITARRAY_Base     
UNDEFED   __TI_INITARRAY_Limit    
0000c8e4  __TI_ISR_TRAP           
0000c354  __TI_decompress_lzss    
0000c87a  __TI_decompress_none    
0000ffe0  __TI_int00              
0000ffe4  __TI_int02              
0000ffe6  __TI_int03              
0000ffea  __TI_int05              
0000ffec  __TI_int06              
0000ffee  __TI_int07              
0000fff0  __TI_int08              
0000fff2  __TI_int09              
0000fff4  __TI_int10              
0000fff6  __TI_int11              
0000fff8  __TI_int12              
0000fffa  __TI_int13              
0000fffc  __TI_int14              
ffffffff  __TI_pprof_out_hndl     
ffffffff  __TI_prof_data_size     
ffffffff  __TI_prof_data_start    
0000c83e  __TI_zero_init          
ffffffff  __c_args__              
0000c8aa  __mspabi_func_epilog_1  
0000c8a8  __mspabi_func_epilog_2  
0000c8a6  __mspabi_func_epilog_3  
0000c8a4  __mspabi_func_epilog_4  
0000c8a2  __mspabi_func_epilog_5  
0000c8a0  __mspabi_func_epilog_6  
0000c89e  __mspabi_func_epilog_7  
0000c866  __mspabi_mpyi           
0000c866  __mspabi_mpyi_sw        
0000c732  __mspabi_slli           
0000c75a  __mspabi_slli_1         
0000c748  __mspabi_slli_10        
0000c746  __mspabi_slli_11        
0000c744  __mspabi_slli_12        
0000c742  __mspabi_slli_13        
0000c740  __mspabi_slli_14        
0000c73e  __mspabi_slli_15        
0000c758  __mspabi_slli_2         
0000c756  __mspabi_slli_3         
0000c754  __mspabi_slli_4         
0000c752  __mspabi_slli_5         
0000c750  __mspabi_slli_6         
0000c74e  __mspabi_slli_7         
0000c74c  __mspabi_slli_8         
0000c74a  __mspabi_slli_9         
0000c58a  __mspabi_srli           
0000c5d0  __mspabi_srli_1         
0000c5ac  __mspabi_srli_10        
0000c5a8  __mspabi_srli_11        
0000c5a4  __mspabi_srli_12        
0000c5a0  __mspabi_srli_13        
0000c59c  __mspabi_srli_14        
0000c598  __mspabi_srli_15        
0000c5cc  __mspabi_srli_2         
0000c5c8  __mspabi_srli_3         
0000c5c4  __mspabi_srli_4         
0000c5c0  __mspabi_srli_5         
0000c5bc  __mspabi_srli_6         
0000c5b8  __mspabi_srli_7         
0000c5b4  __mspabi_srli_8         
0000c5b0  __mspabi_srli_9         
0000c3d0  _auto_init              
0000c7f8  _c_int00_noargs_noexit  
0000fffe  _reset_vector           
000003b0  _stack                  
0000c900  _system_post_cinit      
0000c8f8  _system_pre_init        
0000c8f2  abort                   
0000c8da  abs                     
00000252  btnIndex                
0000025f  buttonreleased          
0000025c  cfg_memory              
0000c82a  clearUARTbuf            
0000c43e  copy_in                 
0000c902  flash_regions           
0000c114  handleUART              
00000246  img                     
0000c4ec  inAllowedMem            
0000c000  main                    
0000c88c  memcpy                  
0000c852  memset                  
0000025e  n_descriptors           
0000c7c0  uartTransmit            
0000c976  version_data            
0000c7dc  watchdog_timer          


GLOBAL SYMBOLS: SORTED BY Symbol Address 

address   name                    
-------   ----                    
00000000  IE1                     
00000001  IE2                     
00000002  IFG1                    
00000003  IFG2                    
00000010  P3REN                   
00000018  P3IN                    
00000019  P3OUT                   
0000001a  P3DIR                   
0000001b  P3SEL                   
00000020  P1IN                    
00000021  P1OUT                   
00000022  P1DIR                   
00000023  P1IFG                   
00000024  P1IES                   
00000025  P1IE                    
00000026  P1SEL                   
00000027  P1REN                   
00000028  P2IN                    
00000029  P2OUT                   
0000002a  P2DIR                   
0000002b  P2IFG                   
0000002c  P2IES                   
0000002d  P2IE                    
0000002e  P2SEL                   
0000002f  P2REN                   
00000041  P1SEL2                  
00000042  P2SEL2                  
00000043  P3SEL2                  
00000048  ADC10DTC0               
00000049  ADC10DTC1               
0000004a  ADC10AE0                
00000050  __STACK_SIZE            
00000053  BCSCTL3                 
00000056  DCOCTL                  
00000057  BCSCTL1                 
00000058  BCSCTL2                 
00000059  CACTL1                  
0000005a  CACTL2                  
0000005b  CAPD                    
0000005d  UCA0ABCTL               
0000005e  UCA0IRTCTL              
0000005f  UCA0IRRCTL              
00000060  UCA0CTL0                
00000061  UCA0CTL1                
00000062  UCA0BR0                 
00000063  UCA0BR1                 
00000064  UCA0MCTL                
00000065  UCA0STAT                
00000066  UCA0RXBUF               
00000067  UCA0TXBUF               
00000068  UCB0CTL0                
00000069  UCB0CTL1                
0000006a  UCB0BR0                 
0000006b  UCB0BR1                 
0000006c  UCB0I2CIE               
0000006d  UCB0STAT                
0000006e  UCB0RXBUF               
0000006f  UCB0TXBUF               
00000118  UCB0I2COA               
0000011a  UCB0I2CSA               
0000011e  TA1IV                   
00000120  WDTCTL                  
00000128  FCTL1                   
0000012a  FCTL2                   
0000012c  FCTL3                   
0000012e  TA0IV                   
00000160  TA0CTL                  
00000162  TA0CCTL0                
00000164  TA0CCTL1                
00000166  TA0CCTL2                
00000170  TA0R                    
00000172  TA0CCR0                 
00000174  TA0CCR1                 
00000176  TA0CCR2                 
00000180  TA1CTL                  
00000182  TA1CCTL0                
00000184  TA1CCTL1                
00000186  TA1CCTL2                
00000190  TA1R                    
00000192  TA1CCR0                 
00000194  TA1CCR1                 
00000196  TA1CCR2                 
000001b0  ADC10CTL0               
000001b2  ADC10CTL1               
000001b4  ADC10MEM                
000001bc  ADC10SA                 
00000200  UART_Buf                
00000246  img                     
0000024e  UART_TXBUF              
00000252  btnIndex                
00000253  UART_DOONCE             
00000254  UART_Available          
00000256  FRAME_CNTR              
00000258  FRAME_OFFS              
0000025a  STATUS_VEC              
0000025c  cfg_memory              
0000025e  n_descriptors           
0000025f  buttonreleased          
00000260  UART_BYTE_CNTR          
00000262  UART_BYTES_TX           
00000263  UART_TXDONE             
00000264  BYTE_CNTR               
000003b0  _stack                  
00000400  __STACK_END             
000010c0  TLV_CHECKSUM            
000010da  TLV_ADC10_1_TAG         
000010db  TLV_ADC10_1_LEN         
000010f6  TLV_DCO_30_TAG          
000010f7  TLV_DCO_30_LEN          
000010f8  CALDCO_16MHZ            
000010f9  CALBC1_16MHZ            
000010fa  CALDCO_12MHZ            
000010fb  CALBC1_12MHZ            
000010fc  CALDCO_8MHZ             
000010fd  CALBC1_8MHZ             
000010fe  CALDCO_1MHZ             
000010ff  CALBC1_1MHZ             
0000c000  main                    
0000c114  handleUART              
0000c1b6  T1A0_ISR                
0000c248  USCIAB0RX_ISR           
0000c2d4  ADC10_ISR               
0000c354  __TI_decompress_lzss    
0000c3d0  _auto_init              
0000c43e  copy_in                 
0000c498  Flash_Load_Descriptor   
0000c4ec  inAllowedMem            
0000c53e  USCI_B0_Init            
0000c58a  __mspabi_srli           
0000c598  __mspabi_srli_15        
0000c59c  __mspabi_srli_14        
0000c5a0  __mspabi_srli_13        
0000c5a4  __mspabi_srli_12        
0000c5a8  __mspabi_srli_11        
0000c5ac  __mspabi_srli_10        
0000c5b0  __mspabi_srli_9         
0000c5b4  __mspabi_srli_8         
0000c5b8  __mspabi_srli_7         
0000c5bc  __mspabi_srli_6         
0000c5c0  __mspabi_srli_5         
0000c5c4  __mspabi_srli_4         
0000c5c8  __mspabi_srli_3         
0000c5cc  __mspabi_srli_2         
0000c5d0  __mspabi_srli_1         
0000c5d6  Eyes_Set                
0000c61c  Flash_Erase             
0000c662  Flash_Write             
0000c6a2  USCIAB0TX_ISR           
0000c6d8  Status_Set              
0000c706  USCI_A0_Init            
0000c732  __mspabi_slli           
0000c73e  __mspabi_slli_15        
0000c740  __mspabi_slli_14        
0000c742  __mspabi_slli_13        
0000c744  __mspabi_slli_12        
0000c746  __mspabi_slli_11        
0000c748  __mspabi_slli_10        
0000c74a  __mspabi_slli_9         
0000c74c  __mspabi_slli_8         
0000c74e  __mspabi_slli_7         
0000c750  __mspabi_slli_6         
0000c752  __mspabi_slli_5         
0000c754  __mspabi_slli_4         
0000c756  __mspabi_slli_3         
0000c758  __mspabi_slli_2         
0000c75a  __mspabi_slli_1         
0000c75e  DCO_Calib               
0000c780  Flash_Count_Descriptors 
0000c7a0  TIMER_A1_Init           
0000c7c0  uartTransmit            
0000c7dc  watchdog_timer          
0000c7f8  _c_int00_noargs_noexit  
0000c812  ADC10_Init_BTN          
0000c82a  clearUARTbuf            
0000c83e  __TI_zero_init          
0000c852  memset                  
0000c866  __mspabi_mpyi           
0000c866  __mspabi_mpyi_sw        
0000c87a  __TI_decompress_none    
0000c88c  memcpy                  
0000c89e  __mspabi_func_epilog_7  
0000c8a0  __mspabi_func_epilog_6  
0000c8a2  __mspabi_func_epilog_5  
0000c8a4  __mspabi_func_epilog_4  
0000c8a6  __mspabi_func_epilog_3  
0000c8a8  __mspabi_func_epilog_2  
0000c8aa  __mspabi_func_epilog_1  
0000c8ae  Eyes_Init               
0000c8bc  ADC10_Init              
0000c8c6  T0A1_ISR                
0000c8d0  T1A1_ISR                
0000c8da  abs                     
0000c8e4  __TI_ISR_TRAP           
0000c8ec  WDT_Init                
0000c8f2  C$$EXIT                 
0000c8f2  abort                   
0000c8f8  _system_pre_init        
0000c8fc  Port_1                  
0000c8fe  T0A0_ISR                
0000c900  _system_post_cinit      
0000c902  flash_regions           
0000c976  version_data            
0000c9d6  __TI_Handler_Table_Base 
0000c9dc  __TI_Handler_Table_Limit
0000c9e0  __TI_CINIT_Base         
0000c9e8  __TI_CINIT_Limit        
0000ffe0  __TI_int00              
0000ffe4  __TI_int02              
0000ffe6  __TI_int03              
0000ffea  __TI_int05              
0000ffec  __TI_int06              
0000ffee  __TI_int07              
0000fff0  __TI_int08              
0000fff2  __TI_int09              
0000fff4  __TI_int10              
0000fff6  __TI_int11              
0000fff8  __TI_int12              
0000fffa  __TI_int13              
0000fffc  __TI_int14              
0000fffe  _reset_vector           
ffffffff  __TI_pprof_out_hndl     
ffffffff  __TI_prof_data_size     
ffffffff  __TI_prof_data_start    
ffffffff  __c_args__              
UNDEFED   __TI_BINIT_Base         
UNDEFED   __TI_BINIT_Limit        
UNDEFED   __TI_INITARRAY_Base     
UNDEFED   __TI_INITARRAY_Limit    

[228 symbols]
