<?xml version="1.0"?>
<link_info>
   <banner>MSP430 Linker PC v16.9.4.LTS</banner>
   <copyright>Copyright (c) 2003-2017 Texas Instruments Incorporated</copyright>
   <link_time>0x5bb363b9</link_time>
   <link_errors>0x0</link_errors>
   <output_file>MSP430_Kretsn_V3.out</output_file>
   <entry_point>
      <name>_c_int00_noargs_noexit</name>
      <address>0xc8a8</address>
   </entry_point>
   <input_file_list>
      <input_file id="fl-2">
         <path>.\</path>
         <kind>object</kind>
         <file>main.obj</file>
         <name>main.obj</name>
      </input_file>
      <input_file id="fl-7">
         <kind>object</kind>
         <file>&lt;internal&gt;</file>
         <name>&lt;internal&gt;</name>
      </input_file>
      <input_file id="fl-1d">
         <path>C:\ti\ccsv7\tools\compiler\ti-cgt-msp430_16.9.4.LTS\lib\</path>
         <kind>archive</kind>
         <file>rts430_eabi.lib</file>
         <name>abs.obj</name>
      </input_file>
      <input_file id="fl-1e">
         <path>C:\ti\ccsv7\tools\compiler\ti-cgt-msp430_16.9.4.LTS\lib\</path>
         <kind>archive</kind>
         <file>rts430_eabi.lib</file>
         <name>asr16.obj</name>
      </input_file>
      <input_file id="fl-1f">
         <path>C:\ti\ccsv7\tools\compiler\ti-cgt-msp430_16.9.4.LTS\lib\</path>
         <kind>archive</kind>
         <file>rts430_eabi.lib</file>
         <name>boot.obj</name>
      </input_file>
      <input_file id="fl-20">
         <path>C:\ti\ccsv7\tools\compiler\ti-cgt-msp430_16.9.4.LTS\lib\</path>
         <kind>archive</kind>
         <file>rts430_eabi.lib</file>
         <name>boot_special.obj</name>
      </input_file>
      <input_file id="fl-21">
         <path>C:\ti\ccsv7\tools\compiler\ti-cgt-msp430_16.9.4.LTS\lib\</path>
         <kind>archive</kind>
         <file>rts430_eabi.lib</file>
         <name>copy_decompress_lzss.obj</name>
      </input_file>
      <input_file id="fl-22">
         <path>C:\ti\ccsv7\tools\compiler\ti-cgt-msp430_16.9.4.LTS\lib\</path>
         <kind>archive</kind>
         <file>rts430_eabi.lib</file>
         <name>copy_decompress_none.obj</name>
      </input_file>
      <input_file id="fl-23">
         <path>C:\ti\ccsv7\tools\compiler\ti-cgt-msp430_16.9.4.LTS\lib\</path>
         <kind>archive</kind>
         <file>rts430_eabi.lib</file>
         <name>copy_zero_init.obj</name>
      </input_file>
      <input_file id="fl-24">
         <path>C:\ti\ccsv7\tools\compiler\ti-cgt-msp430_16.9.4.LTS\lib\</path>
         <kind>archive</kind>
         <file>rts430_eabi.lib</file>
         <name>epilog.obj</name>
      </input_file>
      <input_file id="fl-25">
         <path>C:\ti\ccsv7\tools\compiler\ti-cgt-msp430_16.9.4.LTS\lib\</path>
         <kind>archive</kind>
         <file>rts430_eabi.lib</file>
         <name>exit.obj</name>
      </input_file>
      <input_file id="fl-26">
         <path>C:\ti\ccsv7\tools\compiler\ti-cgt-msp430_16.9.4.LTS\lib\</path>
         <kind>archive</kind>
         <file>rts430_eabi.lib</file>
         <name>exit_gvars.obj</name>
      </input_file>
      <input_file id="fl-27">
         <path>C:\ti\ccsv7\tools\compiler\ti-cgt-msp430_16.9.4.LTS\lib\</path>
         <kind>archive</kind>
         <file>rts430_eabi.lib</file>
         <name>int00.obj</name>
      </input_file>
      <input_file id="fl-28">
         <path>C:\ti\ccsv7\tools\compiler\ti-cgt-msp430_16.9.4.LTS\lib\</path>
         <kind>archive</kind>
         <file>rts430_eabi.lib</file>
         <name>int02.obj</name>
      </input_file>
      <input_file id="fl-29">
         <path>C:\ti\ccsv7\tools\compiler\ti-cgt-msp430_16.9.4.LTS\lib\</path>
         <kind>archive</kind>
         <file>rts430_eabi.lib</file>
         <name>int03.obj</name>
      </input_file>
      <input_file id="fl-2a">
         <path>C:\ti\ccsv7\tools\compiler\ti-cgt-msp430_16.9.4.LTS\lib\</path>
         <kind>archive</kind>
         <file>rts430_eabi.lib</file>
         <name>int11.obj</name>
      </input_file>
      <input_file id="fl-2b">
         <path>C:\ti\ccsv7\tools\compiler\ti-cgt-msp430_16.9.4.LTS\lib\</path>
         <kind>archive</kind>
         <file>rts430_eabi.lib</file>
         <name>int14.obj</name>
      </input_file>
      <input_file id="fl-2c">
         <path>C:\ti\ccsv7\tools\compiler\ti-cgt-msp430_16.9.4.LTS\lib\</path>
         <kind>archive</kind>
         <file>rts430_eabi.lib</file>
         <name>isr_trap.obj</name>
      </input_file>
      <input_file id="fl-2d">
         <path>C:\ti\ccsv7\tools\compiler\ti-cgt-msp430_16.9.4.LTS\lib\</path>
         <kind>archive</kind>
         <file>rts430_eabi.lib</file>
         <name>lsl16.obj</name>
      </input_file>
      <input_file id="fl-2e">
         <path>C:\ti\ccsv7\tools\compiler\ti-cgt-msp430_16.9.4.LTS\lib\</path>
         <kind>archive</kind>
         <file>rts430_eabi.lib</file>
         <name>lsr16.obj</name>
      </input_file>
      <input_file id="fl-2f">
         <path>C:\ti\ccsv7\tools\compiler\ti-cgt-msp430_16.9.4.LTS\lib\</path>
         <kind>archive</kind>
         <file>rts430_eabi.lib</file>
         <name>memcpy.obj</name>
      </input_file>
      <input_file id="fl-30">
         <path>C:\ti\ccsv7\tools\compiler\ti-cgt-msp430_16.9.4.LTS\lib\</path>
         <kind>archive</kind>
         <file>rts430_eabi.lib</file>
         <name>mpu_init.obj</name>
      </input_file>
      <input_file id="fl-31">
         <path>C:\ti\ccsv7\tools\compiler\ti-cgt-msp430_16.9.4.LTS\lib\</path>
         <kind>archive</kind>
         <file>rts430_eabi.lib</file>
         <name>pre_init.obj</name>
      </input_file>
      <input_file id="fl-32">
         <path>C:\ti\ccsv7\tools\compiler\ti-cgt-msp430_16.9.4.LTS\lib\</path>
         <kind>archive</kind>
         <file>rts430_eabi.lib</file>
         <name>_lock.obj</name>
      </input_file>
      <input_file id="fl-33">
         <path>C:\ti\ccsv7\tools\compiler\ti-cgt-msp430_16.9.4.LTS\lib\</path>
         <kind>archive</kind>
         <file>rts430_eabi.lib</file>
         <name>args_main.obj</name>
      </input_file>
      <input_file id="fl-34">
         <path>C:\ti\ccsv7\tools\compiler\ti-cgt-msp430_16.9.4.LTS\lib\</path>
         <kind>archive</kind>
         <file>rts430_eabi.lib</file>
         <name>autoinit.obj</name>
      </input_file>
      <input_file id="fl-35">
         <path>C:\ti\ccsv7\tools\compiler\ti-cgt-msp430_16.9.4.LTS\lib\</path>
         <kind>archive</kind>
         <file>rts430_eabi.lib</file>
         <name>cpy_tbl.obj</name>
      </input_file>
      <input_file id="fl-36">
         <path>C:\ti\ccsv7\tools\compiler\ti-cgt-msp430_16.9.4.LTS\lib\</path>
         <kind>archive</kind>
         <file>rts430_eabi.lib</file>
         <name>mult16.obj</name>
      </input_file>
      <input_file id="fl-37">
         <path>C:\ti\ccsv7\tools\compiler\ti-cgt-msp430_16.9.4.LTS\lib\</path>
         <kind>archive</kind>
         <file>rts430_eabi.lib</file>
         <name>startup.obj</name>
      </input_file>
   </input_file_list>
   <object_component_list>
      <object_component id="oc-1ab">
         <name>.bss</name>
         <uninitialized>true</uninitialized>
         <run_address>0x33e</run_address>
         <size>0x2</size>
         <input_file_ref idref="fl-2"/>
      </object_component>
      <object_component id="oc-1fe">
         <name>.common:MY_ID</name>
         <uninitialized>true</uninitialized>
         <run_address>0x340</run_address>
         <size>0x1</size>
      </object_component>
      <object_component id="oc-1f7">
         <name>.common:CFG_DATA</name>
         <uninitialized>true</uninitialized>
         <run_address>0x336</run_address>
         <size>0x8</size>
      </object_component>
      <object_component id="oc-1ba">
         <name>.common:UART_Buf</name>
         <uninitialized>true</uninitialized>
         <run_address>0x322</run_address>
         <size>0x14</size>
      </object_component>
      <object_component id="oc-1ff">
         <name>.data:BTN_VOLTS</name>
         <load_address>0x31a</load_address>
         <run_address>0x31a</run_address>
         <size>0x6</size>
         <input_file_ref idref="fl-2"/>
      </object_component>
      <object_component id="oc-1a8">
         <name>.data</name>
         <load_address>0x304</load_address>
         <run_address>0x304</run_address>
         <size>0xe</size>
         <input_file_ref idref="fl-2"/>
      </object_component>
      <object_component id="oc-1b3">
         <name>.data:sensorData</name>
         <load_address>0x312</load_address>
         <run_address>0x312</run_address>
         <size>0x8</size>
         <input_file_ref idref="fl-2"/>
      </object_component>
      <object_component id="oc-1bf">
         <name>.data:DISP_BUF</name>
         <load_address>0x200</load_address>
         <run_address>0x200</run_address>
         <size>0x83</size>
         <input_file_ref idref="fl-2"/>
      </object_component>
      <object_component id="oc-2a8">
         <name>.data:micData</name>
         <load_address>0x284</load_address>
         <run_address>0x284</run_address>
         <size>0x80</size>
         <input_file_ref idref="fl-2"/>
      </object_component>
      <object_component id="oc-1b6">
         <name>.data:SPI_TX_BUF</name>
         <load_address>0x320</load_address>
         <run_address>0x320</run_address>
         <size>0x2</size>
         <input_file_ref idref="fl-2"/>
      </object_component>
      <object_component id="oc-f3">
         <name>.stack</name>
         <uninitialized>true</uninitialized>
         <run_address>0x3b0</run_address>
         <size>0x2</size>
         <input_file_ref idref="fl-1f"/>
      </object_component>
      <object_component id="oc-31f">
         <name>.stack</name>
         <uninitialized>true</uninitialized>
         <run_address>0x3b0</run_address>
         <size>0x0</size>
      </object_component>
      <object_component id="oc-17a">
         <name>.text:main</name>
         <load_address>0xc000</load_address>
         <run_address>0xc000</run_address>
         <size>0x14c</size>
         <input_file_ref idref="fl-2"/>
      </object_component>
      <object_component id="oc-244">
         <name>.text:handleUART</name>
         <load_address>0xc14c</load_address>
         <run_address>0xc14c</run_address>
         <size>0x12c</size>
         <input_file_ref idref="fl-2"/>
      </object_component>
      <object_component id="oc-2be">
         <name>.text:FlashImages</name>
         <load_address>0xc278</load_address>
         <run_address>0xc278</run_address>
         <size>0xb2</size>
         <input_file_ref idref="fl-2"/>
      </object_component>
      <object_component id="oc-129">
         <name>.text:USCIAB0TX_ISR</name>
         <load_address>0xc32a</load_address>
         <run_address>0xc32a</run_address>
         <size>0x86</size>
         <input_file_ref idref="fl-2"/>
      </object_component>
      <object_component id="oc-36">
         <name>.text:decompress:lzss:__TI_decompress_lzss</name>
         <load_address>0xc3b0</load_address>
         <run_address>0xc3b0</run_address>
         <size>0x7c</size>
         <input_file_ref idref="fl-21"/>
      </object_component>
      <object_component id="oc-160">
         <name>.text:_auto_init</name>
         <load_address>0xc42c</load_address>
         <run_address>0xc42c</run_address>
         <size>0x6e</size>
         <input_file_ref idref="fl-34"/>
      </object_component>
      <object_component id="oc-123">
         <name>.text:ADC10_ISR</name>
         <load_address>0xc49a</load_address>
         <run_address>0xc49a</run_address>
         <size>0x64</size>
         <input_file_ref idref="fl-2"/>
      </object_component>
      <object_component id="oc-13b">
         <name>.text:T0A0_ISR</name>
         <load_address>0xc4fe</load_address>
         <run_address>0xc4fe</run_address>
         <size>0x64</size>
         <input_file_ref idref="fl-2"/>
      </object_component>
      <object_component id="oc-1c9">
         <name>.text:copy_in</name>
         <load_address>0xc562</load_address>
         <run_address>0xc562</run_address>
         <size>0x5a</size>
         <input_file_ref idref="fl-35"/>
      </object_component>
      <object_component id="oc-fc">
         <name>.text</name>
         <load_address>0xc5bc</load_address>
         <run_address>0xc5bc</run_address>
         <size>0x4c</size>
         <input_file_ref idref="fl-2e"/>
      </object_component>
      <object_component id="oc-22c">
         <name>.text:findBtn</name>
         <load_address>0xc608</load_address>
         <run_address>0xc608</run_address>
         <size>0x4a</size>
         <input_file_ref idref="fl-2"/>
      </object_component>
      <object_component id="oc-1f1">
         <name>.text:Eyes_Set</name>
         <load_address>0xc652</load_address>
         <run_address>0xc652</run_address>
         <size>0x46</size>
         <input_file_ref idref="fl-2"/>
      </object_component>
      <object_component id="oc-20e">
         <name>.text:USCI_B0_Init</name>
         <load_address>0xc698</load_address>
         <run_address>0xc698</run_address>
         <size>0x46</size>
         <input_file_ref idref="fl-2"/>
      </object_component>
      <object_component id="oc-238">
         <name>.text:FlashLoad</name>
         <load_address>0xc6de</load_address>
         <run_address>0xc6de</run_address>
         <size>0x44</size>
         <input_file_ref idref="fl-2"/>
      </object_component>
      <object_component id="oc-14d">
         <name>.text:T1A0_ISR</name>
         <load_address>0xc722</load_address>
         <run_address>0xc722</run_address>
         <size>0x44</size>
         <input_file_ref idref="fl-2"/>
      </object_component>
      <object_component id="oc-12f">
         <name>.text:USCIAB0RX_ISR</name>
         <load_address>0xc766</load_address>
         <run_address>0xc766</run_address>
         <size>0x34</size>
         <input_file_ref idref="fl-2"/>
      </object_component>
      <object_component id="oc-23e">
         <name>.text:findVolume</name>
         <load_address>0xc79a</load_address>
         <run_address>0xc79a</run_address>
         <size>0x34</size>
         <input_file_ref idref="fl-2"/>
      </object_component>
      <object_component id="oc-208">
         <name>.text:USCI_A0_Init</name>
         <load_address>0xc7ce</load_address>
         <run_address>0xc7ce</run_address>
         <size>0x2c</size>
         <input_file_ref idref="fl-2"/>
      </object_component>
      <object_component id="oc-2db">
         <name>.text</name>
         <load_address>0xc7fa</load_address>
         <run_address>0xc7fa</run_address>
         <size>0x2c</size>
         <input_file_ref idref="fl-1e"/>
      </object_component>
      <object_component id="oc-f7">
         <name>.text</name>
         <load_address>0xc826</load_address>
         <run_address>0xc826</run_address>
         <size>0x2c</size>
         <input_file_ref idref="fl-2d"/>
      </object_component>
      <object_component id="oc-21a">
         <name>.text:TIMER_A0_Init</name>
         <load_address>0xc852</load_address>
         <run_address>0xc852</run_address>
         <size>0x20</size>
         <input_file_ref idref="fl-2"/>
      </object_component>
      <object_component id="oc-141">
         <name>.text:watchdog_timer</name>
         <load_address>0xc872</load_address>
         <run_address>0xc872</run_address>
         <size>0x1c</size>
         <input_file_ref idref="fl-2"/>
      </object_component>
      <object_component id="oc-220">
         <name>.text:TIMER_A1_Init</name>
         <load_address>0xc88e</load_address>
         <run_address>0xc88e</run_address>
         <size>0x1a</size>
         <input_file_ref idref="fl-2"/>
      </object_component>
      <object_component id="oc-6d">
         <name>.text:_c_int00_noargs_noexit</name>
         <load_address>0xc8a8</load_address>
         <run_address>0xc8a8</run_address>
         <size>0x1a</size>
         <input_file_ref idref="fl-20"/>
      </object_component>
      <object_component id="oc-298">
         <name>.text:ADC10_Init_BTN</name>
         <load_address>0xc8c2</load_address>
         <run_address>0xc8c2</run_address>
         <size>0x18</size>
         <input_file_ref idref="fl-2"/>
      </object_component>
      <object_component id="oc-2ac">
         <name>.text:Flash_Write_Start</name>
         <load_address>0xc8da</load_address>
         <run_address>0xc8da</run_address>
         <size>0x18</size>
         <input_file_ref idref="fl-2"/>
      </object_component>
      <object_component id="oc-24a">
         <name>.text:clearUARTbuf</name>
         <load_address>0xc8f2</load_address>
         <run_address>0xc8f2</run_address>
         <size>0x18</size>
         <input_file_ref idref="fl-2"/>
      </object_component>
      <object_component id="oc-1f8">
         <name>.text:Flash_Read</name>
         <load_address>0xc90a</load_address>
         <run_address>0xc90a</run_address>
         <size>0x16</size>
         <input_file_ref idref="fl-2"/>
      </object_component>
      <object_component id="oc-2b2">
         <name>.text:Flash_Write</name>
         <load_address>0xc920</load_address>
         <run_address>0xc920</run_address>
         <size>0x14</size>
         <input_file_ref idref="fl-2"/>
      </object_component>
      <object_component id="oc-232">
         <name>.text:Status_Set</name>
         <load_address>0xc934</load_address>
         <run_address>0xc934</run_address>
         <size>0x14</size>
         <input_file_ref idref="fl-2"/>
      </object_component>
      <object_component id="oc-4f">
         <name>.text:decompress:ZI:__TI_zero_init</name>
         <load_address>0xc948</load_address>
         <run_address>0xc948</run_address>
         <size>0x14</size>
         <input_file_ref idref="fl-23"/>
      </object_component>
      <object_component id="oc-261">
         <name>.text</name>
         <load_address>0xc95c</load_address>
         <run_address>0xc95c</run_address>
         <size>0x14</size>
         <input_file_ref idref="fl-36"/>
      </object_component>
      <object_component id="oc-3c">
         <name>.text:decompress:none:__TI_decompress_none</name>
         <load_address>0xc970</load_address>
         <run_address>0xc970</run_address>
         <size>0x12</size>
         <input_file_ref idref="fl-22"/>
      </object_component>
      <object_component id="oc-111">
         <name>.text:memcpy</name>
         <load_address>0xc982</load_address>
         <run_address>0xc982</run_address>
         <size>0x12</size>
         <input_file_ref idref="fl-2f"/>
      </object_component>
      <object_component id="oc-101">
         <name>.text</name>
         <load_address>0xc994</load_address>
         <run_address>0xc994</run_address>
         <size>0x10</size>
         <input_file_ref idref="fl-24"/>
      </object_component>
      <object_component id="oc-202">
         <name>.text:DCO_Calib</name>
         <load_address>0xc9a4</load_address>
         <run_address>0xc9a4</run_address>
         <size>0xe</size>
         <input_file_ref idref="fl-2"/>
      </object_component>
      <object_component id="oc-1eb">
         <name>.text:Eyes_Init</name>
         <load_address>0xc9b2</load_address>
         <run_address>0xc9b2</run_address>
         <size>0xe</size>
         <input_file_ref idref="fl-2"/>
      </object_component>
      <object_component id="oc-2b8">
         <name>.text:Flash_Write_End</name>
         <load_address>0xc9c0</load_address>
         <run_address>0xc9c0</run_address>
         <size>0xe</size>
         <input_file_ref idref="fl-2"/>
      </object_component>
      <object_component id="oc-214">
         <name>.text:ADC10_Init</name>
         <load_address>0xc9ce</load_address>
         <run_address>0xc9ce</run_address>
         <size>0xc</size>
         <input_file_ref idref="fl-2"/>
      </object_component>
      <object_component id="oc-135">
         <name>.text:T0A1_ISR</name>
         <load_address>0xc9da</load_address>
         <run_address>0xc9da</run_address>
         <size>0xa</size>
         <input_file_ref idref="fl-2"/>
      </object_component>
      <object_component id="oc-147">
         <name>.text:T1A1_ISR</name>
         <load_address>0xc9e4</load_address>
         <run_address>0xc9e4</run_address>
         <size>0xa</size>
         <input_file_ref idref="fl-2"/>
      </object_component>
      <object_component id="oc-1ac">
         <name>.text:abs</name>
         <load_address>0xc9ee</load_address>
         <run_address>0xc9ee</run_address>
         <size>0xa</size>
         <input_file_ref idref="fl-1d"/>
      </object_component>
      <object_component id="oc-11e">
         <name>.text:_isr:__TI_ISR_TRAP</name>
         <load_address>0xc9f8</load_address>
         <run_address>0xc9f8</run_address>
         <size>0x8</size>
         <input_file_ref idref="fl-2c"/>
      </object_component>
      <object_component id="oc-226">
         <name>.text:WDT_Init</name>
         <load_address>0xca00</load_address>
         <run_address>0xca00</run_address>
         <size>0x6</size>
         <input_file_ref idref="fl-2"/>
      </object_component>
      <object_component id="oc-182">
         <name>.text:abort</name>
         <load_address>0xca06</load_address>
         <run_address>0xca06</run_address>
         <size>0x6</size>
         <input_file_ref idref="fl-25"/>
      </object_component>
      <object_component id="oc-15a">
         <name>.text:_system_pre_init</name>
         <load_address>0xca0c</load_address>
         <run_address>0xca0c</run_address>
         <size>0x4</size>
         <input_file_ref idref="fl-31"/>
      </object_component>
      <object_component id="oc-1cf">
         <name>.text:_system_post_cinit</name>
         <load_address>0xca10</load_address>
         <run_address>0xca10</run_address>
         <size>0x2</size>
         <input_file_ref idref="fl-37"/>
      </object_component>
      <object_component id="oc-31e">
         <name>.cinit..data.load</name>
         <load_address>0xca1e</load_address>
         <run_address>0xca1e</run_address>
         <size>0x1a</size>
      </object_component>
      <object_component id="oc-31b">
         <name>__TI_handler_table</name>
         <load_address>0xca38</load_address>
         <run_address>0xca38</run_address>
         <size>0x6</size>
      </object_component>
      <object_component id="oc-31d">
         <name>.cinit..bss.load</name>
         <load_address>0xca3e</load_address>
         <run_address>0xca3e</run_address>
         <size>0x4</size>
      </object_component>
      <object_component id="oc-31c">
         <name>__TI_cinit_table</name>
         <load_address>0xca42</load_address>
         <run_address>0xca42</run_address>
         <size>0x8</size>
      </object_component>
      <object_component id="oc-2a4">
         <name>.const:FLASH_IMAGE_OFFSET</name>
         <load_address>0xca12</load_address>
         <run_address>0xca12</run_address>
         <size>0xc</size>
         <input_file_ref idref="fl-2"/>
      </object_component>
      <object_component id="oc-2e3">
         <name>.binit</name>
         <load_address>0xc000</load_address>
         <run_address>0xc000</run_address>
         <size>0x0</size>
      </object_component>
      <object_component id="oc-42">
         <name>.int00</name>
         <load_address>0xffe0</load_address>
         <run_address>0xffe0</run_address>
         <size>0x2</size>
         <input_file_ref idref="fl-27"/>
      </object_component>
      <object_component id="oc-43">
         <name>.int02</name>
         <load_address>0xffe4</load_address>
         <run_address>0xffe4</run_address>
         <size>0x2</size>
         <input_file_ref idref="fl-28"/>
      </object_component>
      <object_component id="oc-44">
         <name>.int03</name>
         <load_address>0xffe6</load_address>
         <run_address>0xffe6</run_address>
         <size>0x2</size>
         <input_file_ref idref="fl-29"/>
      </object_component>
      <object_component id="oc-45">
         <name>.int05</name>
         <load_address>0xffea</load_address>
         <run_address>0xffea</run_address>
         <size>0x2</size>
         <input_file_ref idref="fl-2"/>
      </object_component>
      <object_component id="oc-46">
         <name>.int06</name>
         <load_address>0xffec</load_address>
         <run_address>0xffec</run_address>
         <size>0x2</size>
         <input_file_ref idref="fl-2"/>
      </object_component>
      <object_component id="oc-47">
         <name>.int07</name>
         <load_address>0xffee</load_address>
         <run_address>0xffee</run_address>
         <size>0x2</size>
         <input_file_ref idref="fl-2"/>
      </object_component>
      <object_component id="oc-48">
         <name>.int08</name>
         <load_address>0xfff0</load_address>
         <run_address>0xfff0</run_address>
         <size>0x2</size>
         <input_file_ref idref="fl-2"/>
      </object_component>
      <object_component id="oc-49">
         <name>.int09</name>
         <load_address>0xfff2</load_address>
         <run_address>0xfff2</run_address>
         <size>0x2</size>
         <input_file_ref idref="fl-2"/>
      </object_component>
      <object_component id="oc-4a">
         <name>.int10</name>
         <load_address>0xfff4</load_address>
         <run_address>0xfff4</run_address>
         <size>0x2</size>
         <input_file_ref idref="fl-2"/>
      </object_component>
      <object_component id="oc-4b">
         <name>.int11</name>
         <load_address>0xfff6</load_address>
         <run_address>0xfff6</run_address>
         <size>0x2</size>
         <input_file_ref idref="fl-2a"/>
      </object_component>
      <object_component id="oc-4c">
         <name>.int12</name>
         <load_address>0xfff8</load_address>
         <run_address>0xfff8</run_address>
         <size>0x2</size>
         <input_file_ref idref="fl-2"/>
      </object_component>
      <object_component id="oc-4d">
         <name>.int13</name>
         <load_address>0xfffa</load_address>
         <run_address>0xfffa</run_address>
         <size>0x2</size>
         <input_file_ref idref="fl-2"/>
      </object_component>
      <object_component id="oc-4e">
         <name>.int14</name>
         <load_address>0xfffc</load_address>
         <run_address>0xfffc</run_address>
         <size>0x2</size>
         <input_file_ref idref="fl-2b"/>
      </object_component>
      <object_component id="oc-f6">
         <name>.reset</name>
         <load_address>0xfffe</load_address>
         <run_address>0xfffe</run_address>
         <size>0x2</size>
         <input_file_ref idref="fl-1f"/>
      </object_component>
      <object_component id="oc-1bb">
         <name>.debug_info</name>
         <load_address>0x0</load_address>
         <run_address>0x0</run_address>
         <size>0x77d</size>
         <input_file_ref idref="fl-2"/>
      </object_component>
      <object_component id="oc-200">
         <name>.debug_info</name>
         <load_address>0x77d</load_address>
         <run_address>0x77d</run_address>
         <size>0xd2</size>
         <input_file_ref idref="fl-2"/>
      </object_component>
      <object_component id="oc-1a9">
         <name>.debug_info</name>
         <load_address>0x84f</load_address>
         <run_address>0x84f</run_address>
         <size>0x254</size>
         <input_file_ref idref="fl-2"/>
      </object_component>
      <object_component id="oc-1b4">
         <name>.debug_info</name>
         <load_address>0xaa3</load_address>
         <run_address>0xaa3</run_address>
         <size>0xd4</size>
         <input_file_ref idref="fl-2"/>
      </object_component>
      <object_component id="oc-1c0">
         <name>.debug_info</name>
         <load_address>0xb77</load_address>
         <run_address>0xb77</run_address>
         <size>0xd0</size>
         <input_file_ref idref="fl-2"/>
      </object_component>
      <object_component id="oc-2a5">
         <name>.debug_info</name>
         <load_address>0xc47</load_address>
         <run_address>0xc47</run_address>
         <size>0xe4</size>
         <input_file_ref idref="fl-2"/>
      </object_component>
      <object_component id="oc-2a9">
         <name>.debug_info</name>
         <load_address>0xd2b</load_address>
         <run_address>0xd2b</run_address>
         <size>0xce</size>
         <input_file_ref idref="fl-2"/>
      </object_component>
      <object_component id="oc-1b7">
         <name>.debug_info</name>
         <load_address>0xdf9</load_address>
         <run_address>0xdf9</run_address>
         <size>0xd4</size>
         <input_file_ref idref="fl-2"/>
      </object_component>
      <object_component id="oc-1ec">
         <name>.debug_info</name>
         <load_address>0xecd</load_address>
         <run_address>0xecd</run_address>
         <size>0x10a</size>
         <input_file_ref idref="fl-2"/>
      </object_component>
      <object_component id="oc-1f2">
         <name>.debug_info</name>
         <load_address>0xfd7</load_address>
         <run_address>0xfd7</run_address>
         <size>0x143</size>
         <input_file_ref idref="fl-2"/>
      </object_component>
      <object_component id="oc-233">
         <name>.debug_info</name>
         <load_address>0x111a</load_address>
         <run_address>0x111a</run_address>
         <size>0x132</size>
         <input_file_ref idref="fl-2"/>
      </object_component>
      <object_component id="oc-2ad">
         <name>.debug_info</name>
         <load_address>0x124c</load_address>
         <run_address>0x124c</run_address>
         <size>0x144</size>
         <input_file_ref idref="fl-2"/>
      </object_component>
      <object_component id="oc-2b3">
         <name>.debug_info</name>
         <load_address>0x1390</load_address>
         <run_address>0x1390</run_address>
         <size>0x197</size>
         <input_file_ref idref="fl-2"/>
      </object_component>
      <object_component id="oc-2b9">
         <name>.debug_info</name>
         <load_address>0x1527</load_address>
         <run_address>0x1527</run_address>
         <size>0x10a</size>
         <input_file_ref idref="fl-2"/>
      </object_component>
      <object_component id="oc-1f9">
         <name>.debug_info</name>
         <load_address>0x1631</load_address>
         <run_address>0x1631</run_address>
         <size>0x195</size>
         <input_file_ref idref="fl-2"/>
      </object_component>
      <object_component id="oc-2bf">
         <name>.debug_info</name>
         <load_address>0x17c6</load_address>
         <run_address>0x17c6</run_address>
         <size>0x1f4</size>
         <input_file_ref idref="fl-2"/>
      </object_component>
      <object_component id="oc-239">
         <name>.debug_info</name>
         <load_address>0x19ba</load_address>
         <run_address>0x19ba</run_address>
         <size>0x174</size>
         <input_file_ref idref="fl-2"/>
      </object_component>
      <object_component id="oc-22d">
         <name>.debug_info</name>
         <load_address>0x1b2e</load_address>
         <run_address>0x1b2e</run_address>
         <size>0x172</size>
         <input_file_ref idref="fl-2"/>
      </object_component>
      <object_component id="oc-23f">
         <name>.debug_info</name>
         <load_address>0x1ca0</load_address>
         <run_address>0x1ca0</run_address>
         <size>0x124</size>
         <input_file_ref idref="fl-2"/>
      </object_component>
      <object_component id="oc-299">
         <name>.debug_info</name>
         <load_address>0x1dc4</load_address>
         <run_address>0x1dc4</run_address>
         <size>0x108</size>
         <input_file_ref idref="fl-2"/>
      </object_component>
      <object_component id="oc-215">
         <name>.debug_info</name>
         <load_address>0x1ecc</load_address>
         <run_address>0x1ecc</run_address>
         <size>0x115</size>
         <input_file_ref idref="fl-2"/>
      </object_component>
      <object_component id="oc-124">
         <name>.debug_info</name>
         <load_address>0x1fe1</load_address>
         <run_address>0x1fe1</run_address>
         <size>0x149</size>
         <input_file_ref idref="fl-2"/>
      </object_component>
      <object_component id="oc-209">
         <name>.debug_info</name>
         <load_address>0x212a</load_address>
         <run_address>0x212a</run_address>
         <size>0x108</size>
         <input_file_ref idref="fl-2"/>
      </object_component>
      <object_component id="oc-20f">
         <name>.debug_info</name>
         <load_address>0x2232</load_address>
         <run_address>0x2232</run_address>
         <size>0x108</size>
         <input_file_ref idref="fl-2"/>
      </object_component>
      <object_component id="oc-245">
         <name>.debug_info</name>
         <load_address>0x233a</load_address>
         <run_address>0x233a</run_address>
         <size>0x200</size>
         <input_file_ref idref="fl-2"/>
      </object_component>
      <object_component id="oc-24b">
         <name>.debug_info</name>
         <load_address>0x253a</load_address>
         <run_address>0x253a</run_address>
         <size>0x113</size>
         <input_file_ref idref="fl-2"/>
      </object_component>
      <object_component id="oc-12a">
         <name>.debug_info</name>
         <load_address>0x264d</load_address>
         <run_address>0x264d</run_address>
         <size>0x121</size>
         <input_file_ref idref="fl-2"/>
      </object_component>
      <object_component id="oc-130">
         <name>.debug_info</name>
         <load_address>0x276e</load_address>
         <run_address>0x276e</run_address>
         <size>0x10b</size>
         <input_file_ref idref="fl-2"/>
      </object_component>
      <object_component id="oc-21b">
         <name>.debug_info</name>
         <load_address>0x2879</load_address>
         <run_address>0x2879</run_address>
         <size>0x162</size>
         <input_file_ref idref="fl-2"/>
      </object_component>
      <object_component id="oc-13c">
         <name>.debug_info</name>
         <load_address>0x29db</load_address>
         <run_address>0x29db</run_address>
         <size>0x185</size>
         <input_file_ref idref="fl-2"/>
      </object_component>
      <object_component id="oc-136">
         <name>.debug_info</name>
         <load_address>0x2b60</load_address>
         <run_address>0x2b60</run_address>
         <size>0x159</size>
         <input_file_ref idref="fl-2"/>
      </object_component>
      <object_component id="oc-221">
         <name>.debug_info</name>
         <load_address>0x2cb9</load_address>
         <run_address>0x2cb9</run_address>
         <size>0x162</size>
         <input_file_ref idref="fl-2"/>
      </object_component>
      <object_component id="oc-14e">
         <name>.debug_info</name>
         <load_address>0x2e1b</load_address>
         <run_address>0x2e1b</run_address>
         <size>0x176</size>
         <input_file_ref idref="fl-2"/>
      </object_component>
      <object_component id="oc-149">
         <name>.debug_info</name>
         <load_address>0x2f91</load_address>
         <run_address>0x2f91</run_address>
         <size>0x159</size>
         <input_file_ref idref="fl-2"/>
      </object_component>
      <object_component id="oc-204">
         <name>.debug_info</name>
         <load_address>0x30ea</load_address>
         <run_address>0x30ea</run_address>
         <size>0xfa</size>
         <input_file_ref idref="fl-2"/>
      </object_component>
      <object_component id="oc-228">
         <name>.debug_info</name>
         <load_address>0x31e4</load_address>
         <run_address>0x31e4</run_address>
         <size>0xf8</size>
         <input_file_ref idref="fl-2"/>
      </object_component>
      <object_component id="oc-143">
         <name>.debug_info</name>
         <load_address>0x32dc</load_address>
         <run_address>0x32dc</run_address>
         <size>0x105</size>
         <input_file_ref idref="fl-2"/>
      </object_component>
      <object_component id="oc-17c">
         <name>.debug_info</name>
         <load_address>0x33e1</load_address>
         <run_address>0x33e1</run_address>
         <size>0x264</size>
         <input_file_ref idref="fl-2"/>
      </object_component>
      <object_component id="oc-10c">
         <name>.debug_info</name>
         <load_address>0x3645</load_address>
         <run_address>0x3645</run_address>
         <size>0x84</size>
         <input_file_ref idref="fl-2"/>
      </object_component>
      <object_component id="oc-1ad">
         <name>.debug_info</name>
         <load_address>0x36c9</load_address>
         <run_address>0x36c9</run_address>
         <size>0x135</size>
         <input_file_ref idref="fl-1d"/>
      </object_component>
      <object_component id="oc-2dd">
         <name>.debug_info</name>
         <load_address>0x37fe</load_address>
         <run_address>0x37fe</run_address>
         <size>0x118</size>
         <input_file_ref idref="fl-1e"/>
      </object_component>
      <object_component id="oc-f4">
         <name>.debug_info</name>
         <load_address>0x3916</load_address>
         <run_address>0x3916</run_address>
         <size>0xf5</size>
         <input_file_ref idref="fl-1f"/>
      </object_component>
      <object_component id="oc-6e">
         <name>.debug_info</name>
         <load_address>0x3a0b</load_address>
         <run_address>0x3a0b</run_address>
         <size>0x196</size>
         <input_file_ref idref="fl-20"/>
      </object_component>
      <object_component id="oc-198">
         <name>.debug_info</name>
         <load_address>0x3ba1</load_address>
         <run_address>0x3ba1</run_address>
         <size>0x16b</size>
         <input_file_ref idref="fl-21"/>
      </object_component>
      <object_component id="oc-39">
         <name>.debug_info</name>
         <load_address>0x3d0c</load_address>
         <run_address>0x3d0c</run_address>
         <size>0x287</size>
         <input_file_ref idref="fl-21"/>
      </object_component>
      <object_component id="oc-107">
         <name>.debug_info</name>
         <load_address>0x3f93</load_address>
         <run_address>0x3f93</run_address>
         <size>0x60</size>
         <input_file_ref idref="fl-21"/>
      </object_component>
      <object_component id="oc-193">
         <name>.debug_info</name>
         <load_address>0x3ff3</load_address>
         <run_address>0x3ff3</run_address>
         <size>0x46</size>
         <input_file_ref idref="fl-21"/>
      </object_component>
      <object_component id="oc-11d">
         <name>.debug_info</name>
         <load_address>0x4039</load_address>
         <run_address>0x4039</run_address>
         <size>0x1b2</size>
         <input_file_ref idref="fl-22"/>
      </object_component>
      <object_component id="oc-40">
         <name>.debug_info</name>
         <load_address>0x41eb</load_address>
         <run_address>0x41eb</run_address>
         <size>0x1df</size>
         <input_file_ref idref="fl-22"/>
      </object_component>
      <object_component id="oc-118">
         <name>.debug_info</name>
         <load_address>0x43ca</load_address>
         <run_address>0x43ca</run_address>
         <size>0x46</size>
         <input_file_ref idref="fl-22"/>
      </object_component>
      <object_component id="oc-1a0">
         <name>.debug_info</name>
         <load_address>0x4410</load_address>
         <run_address>0x4410</run_address>
         <size>0x2c</size>
         <input_file_ref idref="fl-22"/>
      </object_component>
      <object_component id="oc-159">
         <name>.debug_info</name>
         <load_address>0x443c</load_address>
         <run_address>0x443c</run_address>
         <size>0x16a</size>
         <input_file_ref idref="fl-23"/>
      </object_component>
      <object_component id="oc-50">
         <name>.debug_info</name>
         <load_address>0x45a6</load_address>
         <run_address>0x45a6</run_address>
         <size>0x1b5</size>
         <input_file_ref idref="fl-23"/>
      </object_component>
      <object_component id="oc-154">
         <name>.debug_info</name>
         <load_address>0x475b</load_address>
         <run_address>0x475b</run_address>
         <size>0x46</size>
         <input_file_ref idref="fl-23"/>
      </object_component>
      <object_component id="oc-19b">
         <name>.debug_info</name>
         <load_address>0x47a1</load_address>
         <run_address>0x47a1</run_address>
         <size>0x2c</size>
         <input_file_ref idref="fl-23"/>
      </object_component>
      <object_component id="oc-102">
         <name>.debug_info</name>
         <load_address>0x47cd</load_address>
         <run_address>0x47cd</run_address>
         <size>0x126</size>
         <input_file_ref idref="fl-24"/>
      </object_component>
      <object_component id="oc-186">
         <name>.debug_info</name>
         <load_address>0x48f3</load_address>
         <run_address>0x48f3</run_address>
         <size>0x117</size>
         <input_file_ref idref="fl-25"/>
      </object_component>
      <object_component id="oc-121">
         <name>.debug_info</name>
         <load_address>0x4a0a</load_address>
         <run_address>0x4a0a</run_address>
         <size>0x107</size>
         <input_file_ref idref="fl-2c"/>
      </object_component>
      <object_component id="oc-f9">
         <name>.debug_info</name>
         <load_address>0x4b11</load_address>
         <run_address>0x4b11</run_address>
         <size>0x118</size>
         <input_file_ref idref="fl-2d"/>
      </object_component>
      <object_component id="oc-fe">
         <name>.debug_info</name>
         <load_address>0x4c29</load_address>
         <run_address>0x4c29</run_address>
         <size>0x118</size>
         <input_file_ref idref="fl-2e"/>
      </object_component>
      <object_component id="oc-19a">
         <name>.debug_info</name>
         <load_address>0x4d41</load_address>
         <run_address>0x4d41</run_address>
         <size>0x16d</size>
         <input_file_ref idref="fl-2f"/>
      </object_component>
      <object_component id="oc-115">
         <name>.debug_info</name>
         <load_address>0x4eae</load_address>
         <run_address>0x4eae</run_address>
         <size>0x191</size>
         <input_file_ref idref="fl-2f"/>
      </object_component>
      <object_component id="oc-15d">
         <name>.debug_info</name>
         <load_address>0x503f</load_address>
         <run_address>0x503f</run_address>
         <size>0x148</size>
         <input_file_ref idref="fl-31"/>
      </object_component>
      <object_component id="oc-1d6">
         <name>.debug_info</name>
         <load_address>0x5187</load_address>
         <run_address>0x5187</run_address>
         <size>0x3b6</size>
         <input_file_ref idref="fl-34"/>
      </object_component>
      <object_component id="oc-162">
         <name>.debug_info</name>
         <load_address>0x553d</load_address>
         <run_address>0x553d</run_address>
         <size>0x1c2</size>
         <input_file_ref idref="fl-34"/>
      </object_component>
      <object_component id="oc-26b">
         <name>.debug_info</name>
         <load_address>0x56ff</load_address>
         <run_address>0x56ff</run_address>
         <size>0x39</size>
         <input_file_ref idref="fl-34"/>
      </object_component>
      <object_component id="oc-270">
         <name>.debug_info</name>
         <load_address>0x5738</load_address>
         <run_address>0x5738</run_address>
         <size>0xcd</size>
         <input_file_ref idref="fl-34"/>
      </object_component>
      <object_component id="oc-267">
         <name>.debug_info</name>
         <load_address>0x5805</load_address>
         <run_address>0x5805</run_address>
         <size>0x252</size>
         <input_file_ref idref="fl-35"/>
      </object_component>
      <object_component id="oc-1cb">
         <name>.debug_info</name>
         <load_address>0x5a57</load_address>
         <run_address>0x5a57</run_address>
         <size>0x1b0</size>
         <input_file_ref idref="fl-35"/>
      </object_component>
      <object_component id="oc-2c9">
         <name>.debug_info</name>
         <load_address>0x5c07</load_address>
         <run_address>0x5c07</run_address>
         <size>0x2c</size>
         <input_file_ref idref="fl-35"/>
      </object_component>
      <object_component id="oc-262">
         <name>.debug_info</name>
         <load_address>0x5c33</load_address>
         <run_address>0x5c33</run_address>
         <size>0x119</size>
         <input_file_ref idref="fl-36"/>
      </object_component>
      <object_component id="oc-1d0">
         <name>.debug_info</name>
         <load_address>0x5d4c</load_address>
         <run_address>0x5d4c</run_address>
         <size>0x145</size>
         <input_file_ref idref="fl-37"/>
      </object_component>
      <object_component id="oc-320">
         <name>.debug_info</name>
         <load_address>0x5e91</load_address>
         <run_address>0x5e91</run_address>
         <size>0xa2</size>
      </object_component>
      <object_component id="oc-25e">
         <name>.debug_line</name>
         <load_address>0x0</load_address>
         <run_address>0x0</run_address>
         <size>0xb5</size>
         <input_file_ref idref="fl-2"/>
      </object_component>
      <object_component id="oc-294">
         <name>.debug_line</name>
         <load_address>0xb5</load_address>
         <run_address>0xb5</run_address>
         <size>0x34</size>
         <input_file_ref idref="fl-2"/>
      </object_component>
      <object_component id="oc-257">
         <name>.debug_line</name>
         <load_address>0xe9</load_address>
         <run_address>0xe9</run_address>
         <size>0x52</size>
         <input_file_ref idref="fl-2"/>
      </object_component>
      <object_component id="oc-25a">
         <name>.debug_line</name>
         <load_address>0x13b</load_address>
         <run_address>0x13b</run_address>
         <size>0x34</size>
         <input_file_ref idref="fl-2"/>
      </object_component>
      <object_component id="oc-260">
         <name>.debug_line</name>
         <load_address>0x16f</load_address>
         <run_address>0x16f</run_address>
         <size>0x34</size>
         <input_file_ref idref="fl-2"/>
      </object_component>
      <object_component id="oc-2d5">
         <name>.debug_line</name>
         <load_address>0x1a3</load_address>
         <run_address>0x1a3</run_address>
         <size>0x2e</size>
         <input_file_ref idref="fl-2"/>
      </object_component>
      <object_component id="oc-2d7">
         <name>.debug_line</name>
         <load_address>0x1d1</load_address>
         <run_address>0x1d1</run_address>
         <size>0x2e</size>
         <input_file_ref idref="fl-2"/>
      </object_component>
      <object_component id="oc-25c">
         <name>.debug_line</name>
         <load_address>0x1ff</load_address>
         <run_address>0x1ff</run_address>
         <size>0x30</size>
         <input_file_ref idref="fl-2"/>
      </object_component>
      <object_component id="oc-1ef">
         <name>.debug_line</name>
         <load_address>0x22f</load_address>
         <run_address>0x22f</run_address>
         <size>0x4b</size>
         <input_file_ref idref="fl-2"/>
      </object_component>
      <object_component id="oc-1f5">
         <name>.debug_line</name>
         <load_address>0x27a</load_address>
         <run_address>0x27a</run_address>
         <size>0x54</size>
         <input_file_ref idref="fl-2"/>
      </object_component>
      <object_component id="oc-236">
         <name>.debug_line</name>
         <load_address>0x2ce</load_address>
         <run_address>0x2ce</run_address>
         <size>0x4e</size>
         <input_file_ref idref="fl-2"/>
      </object_component>
      <object_component id="oc-2b0">
         <name>.debug_line</name>
         <load_address>0x31c</load_address>
         <run_address>0x31c</run_address>
         <size>0x45</size>
         <input_file_ref idref="fl-2"/>
      </object_component>
      <object_component id="oc-2b6">
         <name>.debug_line</name>
         <load_address>0x361</load_address>
         <run_address>0x361</run_address>
         <size>0x4a</size>
         <input_file_ref idref="fl-2"/>
      </object_component>
      <object_component id="oc-2bc">
         <name>.debug_line</name>
         <load_address>0x3ab</load_address>
         <run_address>0x3ab</run_address>
         <size>0x42</size>
         <input_file_ref idref="fl-2"/>
      </object_component>
      <object_component id="oc-1fc">
         <name>.debug_line</name>
         <load_address>0x3ed</load_address>
         <run_address>0x3ed</run_address>
         <size>0x4c</size>
         <input_file_ref idref="fl-2"/>
      </object_component>
      <object_component id="oc-2c2">
         <name>.debug_line</name>
         <load_address>0x439</load_address>
         <run_address>0x439</run_address>
         <size>0x65</size>
         <input_file_ref idref="fl-2"/>
      </object_component>
      <object_component id="oc-23c">
         <name>.debug_line</name>
         <load_address>0x49e</load_address>
         <run_address>0x49e</run_address>
         <size>0x50</size>
         <input_file_ref idref="fl-2"/>
      </object_component>
      <object_component id="oc-230">
         <name>.debug_line</name>
         <load_address>0x4ee</load_address>
         <run_address>0x4ee</run_address>
         <size>0x5c</size>
         <input_file_ref idref="fl-2"/>
      </object_component>
      <object_component id="oc-242">
         <name>.debug_line</name>
         <load_address>0x54a</load_address>
         <run_address>0x54a</run_address>
         <size>0x53</size>
         <input_file_ref idref="fl-2"/>
      </object_component>
      <object_component id="oc-29c">
         <name>.debug_line</name>
         <load_address>0x59d</load_address>
         <run_address>0x59d</run_address>
         <size>0x47</size>
         <input_file_ref idref="fl-2"/>
      </object_component>
      <object_component id="oc-218">
         <name>.debug_line</name>
         <load_address>0x5e4</load_address>
         <run_address>0x5e4</run_address>
         <size>0x45</size>
         <input_file_ref idref="fl-2"/>
      </object_component>
      <object_component id="oc-127">
         <name>.debug_line</name>
         <load_address>0x629</load_address>
         <run_address>0x629</run_address>
         <size>0x58</size>
         <input_file_ref idref="fl-2"/>
      </object_component>
      <object_component id="oc-20c">
         <name>.debug_line</name>
         <load_address>0x681</load_address>
         <run_address>0x681</run_address>
         <size>0x4a</size>
         <input_file_ref idref="fl-2"/>
      </object_component>
      <object_component id="oc-212">
         <name>.debug_line</name>
         <load_address>0x6cb</load_address>
         <run_address>0x6cb</run_address>
         <size>0x4f</size>
         <input_file_ref idref="fl-2"/>
      </object_component>
      <object_component id="oc-248">
         <name>.debug_line</name>
         <load_address>0x71a</load_address>
         <run_address>0x71a</run_address>
         <size>0x8d</size>
         <input_file_ref idref="fl-2"/>
      </object_component>
      <object_component id="oc-24e">
         <name>.debug_line</name>
         <load_address>0x7a7</load_address>
         <run_address>0x7a7</run_address>
         <size>0x4f</size>
         <input_file_ref idref="fl-2"/>
      </object_component>
      <object_component id="oc-12d">
         <name>.debug_line</name>
         <load_address>0x7f6</load_address>
         <run_address>0x7f6</run_address>
         <size>0x67</size>
         <input_file_ref idref="fl-2"/>
      </object_component>
      <object_component id="oc-133">
         <name>.debug_line</name>
         <load_address>0x85d</load_address>
         <run_address>0x85d</run_address>
         <size>0x55</size>
         <input_file_ref idref="fl-2"/>
      </object_component>
      <object_component id="oc-21e">
         <name>.debug_line</name>
         <load_address>0x8b2</load_address>
         <run_address>0x8b2</run_address>
         <size>0x73</size>
         <input_file_ref idref="fl-2"/>
      </object_component>
      <object_component id="oc-13f">
         <name>.debug_line</name>
         <load_address>0x925</load_address>
         <run_address>0x925</run_address>
         <size>0x7b</size>
         <input_file_ref idref="fl-2"/>
      </object_component>
      <object_component id="oc-139">
         <name>.debug_line</name>
         <load_address>0x9a0</load_address>
         <run_address>0x9a0</run_address>
         <size>0x6f</size>
         <input_file_ref idref="fl-2"/>
      </object_component>
      <object_component id="oc-224">
         <name>.debug_line</name>
         <load_address>0xa0f</load_address>
         <run_address>0xa0f</run_address>
         <size>0x72</size>
         <input_file_ref idref="fl-2"/>
      </object_component>
      <object_component id="oc-151">
         <name>.debug_line</name>
         <load_address>0xa81</load_address>
         <run_address>0xa81</run_address>
         <size>0x77</size>
         <input_file_ref idref="fl-2"/>
      </object_component>
      <object_component id="oc-148">
         <name>.debug_line</name>
         <load_address>0xaf8</load_address>
         <run_address>0xaf8</run_address>
         <size>0x6f</size>
         <input_file_ref idref="fl-2"/>
      </object_component>
      <object_component id="oc-203">
         <name>.debug_line</name>
         <load_address>0xb67</load_address>
         <run_address>0xb67</run_address>
         <size>0x40</size>
         <input_file_ref idref="fl-2"/>
      </object_component>
      <object_component id="oc-227">
         <name>.debug_line</name>
         <load_address>0xba7</load_address>
         <run_address>0xba7</run_address>
         <size>0x3f</size>
         <input_file_ref idref="fl-2"/>
      </object_component>
      <object_component id="oc-142">
         <name>.debug_line</name>
         <load_address>0xbe6</load_address>
         <run_address>0xbe6</run_address>
         <size>0x45</size>
         <input_file_ref idref="fl-2"/>
      </object_component>
      <object_component id="oc-17b">
         <name>.debug_line</name>
         <load_address>0xc2b</load_address>
         <run_address>0xc2b</run_address>
         <size>0x9c</size>
         <input_file_ref idref="fl-2"/>
      </object_component>
      <object_component id="oc-10f">
         <name>.debug_line</name>
         <load_address>0xcc7</load_address>
         <run_address>0xcc7</run_address>
         <size>0x20</size>
         <input_file_ref idref="fl-2"/>
      </object_component>
      <object_component id="oc-1b0">
         <name>.debug_line</name>
         <load_address>0xce7</load_address>
         <run_address>0xce7</run_address>
         <size>0x3c</size>
         <input_file_ref idref="fl-1d"/>
      </object_component>
      <object_component id="oc-2dc">
         <name>.debug_line</name>
         <load_address>0xd23</load_address>
         <run_address>0xd23</run_address>
         <size>0x4e</size>
         <input_file_ref idref="fl-1e"/>
      </object_component>
      <object_component id="oc-18f">
         <name>.debug_line</name>
         <load_address>0xd71</load_address>
         <run_address>0xd71</run_address>
         <size>0x2a</size>
         <input_file_ref idref="fl-1f"/>
      </object_component>
      <object_component id="oc-72">
         <name>.debug_line</name>
         <load_address>0xd9b</load_address>
         <run_address>0xd9b</run_address>
         <size>0x4c</size>
         <input_file_ref idref="fl-20"/>
      </object_component>
      <object_component id="oc-253">
         <name>.debug_line</name>
         <load_address>0xde7</load_address>
         <run_address>0xde7</run_address>
         <size>0x20</size>
         <input_file_ref idref="fl-21"/>
      </object_component>
      <object_component id="oc-37">
         <name>.debug_line</name>
         <load_address>0xe07</load_address>
         <run_address>0xe07</run_address>
         <size>0x92</size>
         <input_file_ref idref="fl-21"/>
      </object_component>
      <object_component id="oc-10a">
         <name>.debug_line</name>
         <load_address>0xe99</load_address>
         <run_address>0xe99</run_address>
         <size>0x3a</size>
         <input_file_ref idref="fl-21"/>
      </object_component>
      <object_component id="oc-196">
         <name>.debug_line</name>
         <load_address>0xed3</load_address>
         <run_address>0xed3</run_address>
         <size>0x8a</size>
         <input_file_ref idref="fl-21"/>
      </object_component>
      <object_component id="oc-1a6">
         <name>.debug_line</name>
         <load_address>0xf5d</load_address>
         <run_address>0xf5d</run_address>
         <size>0x8a</size>
         <input_file_ref idref="fl-22"/>
      </object_component>
      <object_component id="oc-3e">
         <name>.debug_line</name>
         <load_address>0xfe7</load_address>
         <run_address>0xfe7</run_address>
         <size>0x50</size>
         <input_file_ref idref="fl-22"/>
      </object_component>
      <object_component id="oc-11b">
         <name>.debug_line</name>
         <load_address>0x1037</load_address>
         <run_address>0x1037</run_address>
         <size>0x3a</size>
         <input_file_ref idref="fl-22"/>
      </object_component>
      <object_component id="oc-1a3">
         <name>.debug_line</name>
         <load_address>0x1071</load_address>
         <run_address>0x1071</run_address>
         <size>0x8a</size>
         <input_file_ref idref="fl-22"/>
      </object_component>
      <object_component id="oc-1c7">
         <name>.debug_line</name>
         <load_address>0x10fb</load_address>
         <run_address>0x10fb</run_address>
         <size>0x20</size>
         <input_file_ref idref="fl-23"/>
      </object_component>
      <object_component id="oc-54">
         <name>.debug_line</name>
         <load_address>0x111b</load_address>
         <run_address>0x111b</run_address>
         <size>0x4d</size>
         <input_file_ref idref="fl-23"/>
      </object_component>
      <object_component id="oc-157">
         <name>.debug_line</name>
         <load_address>0x1168</load_address>
         <run_address>0x1168</run_address>
         <size>0x34</size>
         <input_file_ref idref="fl-23"/>
      </object_component>
      <object_component id="oc-19e">
         <name>.debug_line</name>
         <load_address>0x119c</load_address>
         <run_address>0x119c</run_address>
         <size>0x8a</size>
         <input_file_ref idref="fl-23"/>
      </object_component>
      <object_component id="oc-105">
         <name>.debug_line</name>
         <load_address>0x1226</load_address>
         <run_address>0x1226</run_address>
         <size>0x40</size>
         <input_file_ref idref="fl-24"/>
      </object_component>
      <object_component id="oc-183">
         <name>.debug_line</name>
         <load_address>0x1266</load_address>
         <run_address>0x1266</run_address>
         <size>0x3d</size>
         <input_file_ref idref="fl-25"/>
      </object_component>
      <object_component id="oc-120">
         <name>.debug_line</name>
         <load_address>0x12a3</load_address>
         <run_address>0x12a3</run_address>
         <size>0x3d</size>
         <input_file_ref idref="fl-2c"/>
      </object_component>
      <object_component id="oc-f8">
         <name>.debug_line</name>
         <load_address>0x12e0</load_address>
         <run_address>0x12e0</run_address>
         <size>0x4e</size>
         <input_file_ref idref="fl-2d"/>
      </object_component>
      <object_component id="oc-fd">
         <name>.debug_line</name>
         <load_address>0x132e</load_address>
         <run_address>0x132e</run_address>
         <size>0x5e</size>
         <input_file_ref idref="fl-2e"/>
      </object_component>
      <object_component id="oc-255">
         <name>.debug_line</name>
         <load_address>0x138c</load_address>
         <run_address>0x138c</run_address>
         <size>0x20</size>
         <input_file_ref idref="fl-2f"/>
      </object_component>
      <object_component id="oc-113">
         <name>.debug_line</name>
         <load_address>0x13ac</load_address>
         <run_address>0x13ac</run_address>
         <size>0x45</size>
         <input_file_ref idref="fl-2f"/>
      </object_component>
      <object_component id="oc-15f">
         <name>.debug_line</name>
         <load_address>0x13f1</load_address>
         <run_address>0x13f1</run_address>
         <size>0x3e</size>
         <input_file_ref idref="fl-31"/>
      </object_component>
      <object_component id="oc-26a">
         <name>.debug_line</name>
         <load_address>0x142f</load_address>
         <run_address>0x142f</run_address>
         <size>0xa9</size>
         <input_file_ref idref="fl-34"/>
      </object_component>
      <object_component id="oc-164">
         <name>.debug_line</name>
         <load_address>0x14d8</load_address>
         <run_address>0x14d8</run_address>
         <size>0x91</size>
         <input_file_ref idref="fl-34"/>
      </object_component>
      <object_component id="oc-26e">
         <name>.debug_line</name>
         <load_address>0x1569</load_address>
         <run_address>0x1569</run_address>
         <size>0x2e</size>
         <input_file_ref idref="fl-34"/>
      </object_component>
      <object_component id="oc-273">
         <name>.debug_line</name>
         <load_address>0x1597</load_address>
         <run_address>0x1597</run_address>
         <size>0x8b</size>
         <input_file_ref idref="fl-34"/>
      </object_component>
      <object_component id="oc-2c8">
         <name>.debug_line</name>
         <load_address>0x1622</load_address>
         <run_address>0x1622</run_address>
         <size>0x98</size>
         <input_file_ref idref="fl-35"/>
      </object_component>
      <object_component id="oc-1cd">
         <name>.debug_line</name>
         <load_address>0x16ba</load_address>
         <run_address>0x16ba</run_address>
         <size>0x5f</size>
         <input_file_ref idref="fl-35"/>
      </object_component>
      <object_component id="oc-2cc">
         <name>.debug_line</name>
         <load_address>0x1719</load_address>
         <run_address>0x1719</run_address>
         <size>0x2e</size>
         <input_file_ref idref="fl-35"/>
      </object_component>
      <object_component id="oc-265">
         <name>.debug_line</name>
         <load_address>0x1747</load_address>
         <run_address>0x1747</run_address>
         <size>0x42</size>
         <input_file_ref idref="fl-36"/>
      </object_component>
      <object_component id="oc-1d3">
         <name>.debug_line</name>
         <load_address>0x1789</load_address>
         <run_address>0x1789</run_address>
         <size>0x3a</size>
         <input_file_ref idref="fl-37"/>
      </object_component>
      <object_component id="oc-1f0">
         <name>.debug_frame</name>
         <load_address>0x0</load_address>
         <run_address>0x0</run_address>
         <size>0x39</size>
         <input_file_ref idref="fl-2"/>
      </object_component>
      <object_component id="oc-1f6">
         <name>.debug_frame</name>
         <load_address>0x39</load_address>
         <run_address>0x39</run_address>
         <size>0x39</size>
         <input_file_ref idref="fl-2"/>
      </object_component>
      <object_component id="oc-237">
         <name>.debug_frame</name>
         <load_address>0x72</load_address>
         <run_address>0x72</run_address>
         <size>0x39</size>
         <input_file_ref idref="fl-2"/>
      </object_component>
      <object_component id="oc-2b1">
         <name>.debug_frame</name>
         <load_address>0xab</load_address>
         <run_address>0xab</run_address>
         <size>0x39</size>
         <input_file_ref idref="fl-2"/>
      </object_component>
      <object_component id="oc-2b7">
         <name>.debug_frame</name>
         <load_address>0xe4</load_address>
         <run_address>0xe4</run_address>
         <size>0x39</size>
         <input_file_ref idref="fl-2"/>
      </object_component>
      <object_component id="oc-2bd">
         <name>.debug_frame</name>
         <load_address>0x11d</load_address>
         <run_address>0x11d</run_address>
         <size>0x39</size>
         <input_file_ref idref="fl-2"/>
      </object_component>
      <object_component id="oc-1fd">
         <name>.debug_frame</name>
         <load_address>0x156</load_address>
         <run_address>0x156</run_address>
         <size>0x39</size>
         <input_file_ref idref="fl-2"/>
      </object_component>
      <object_component id="oc-2c3">
         <name>.debug_frame</name>
         <load_address>0x18f</load_address>
         <run_address>0x18f</run_address>
         <size>0x44</size>
         <input_file_ref idref="fl-2"/>
      </object_component>
      <object_component id="oc-23d">
         <name>.debug_frame</name>
         <load_address>0x1d3</load_address>
         <run_address>0x1d3</run_address>
         <size>0x42</size>
         <input_file_ref idref="fl-2"/>
      </object_component>
      <object_component id="oc-231">
         <name>.debug_frame</name>
         <load_address>0x215</load_address>
         <run_address>0x215</run_address>
         <size>0x4d</size>
         <input_file_ref idref="fl-2"/>
      </object_component>
      <object_component id="oc-243">
         <name>.debug_frame</name>
         <load_address>0x262</load_address>
         <run_address>0x262</run_address>
         <size>0x39</size>
         <input_file_ref idref="fl-2"/>
      </object_component>
      <object_component id="oc-29d">
         <name>.debug_frame</name>
         <load_address>0x29b</load_address>
         <run_address>0x29b</run_address>
         <size>0x39</size>
         <input_file_ref idref="fl-2"/>
      </object_component>
      <object_component id="oc-219">
         <name>.debug_frame</name>
         <load_address>0x2d4</load_address>
         <run_address>0x2d4</run_address>
         <size>0x39</size>
         <input_file_ref idref="fl-2"/>
      </object_component>
      <object_component id="oc-128">
         <name>.debug_frame</name>
         <load_address>0x30d</load_address>
         <run_address>0x30d</run_address>
         <size>0x6a</size>
         <input_file_ref idref="fl-2"/>
      </object_component>
      <object_component id="oc-20d">
         <name>.debug_frame</name>
         <load_address>0x377</load_address>
         <run_address>0x377</run_address>
         <size>0x39</size>
         <input_file_ref idref="fl-2"/>
      </object_component>
      <object_component id="oc-213">
         <name>.debug_frame</name>
         <load_address>0x3b0</load_address>
         <run_address>0x3b0</run_address>
         <size>0x39</size>
         <input_file_ref idref="fl-2"/>
      </object_component>
      <object_component id="oc-249">
         <name>.debug_frame</name>
         <load_address>0x3e9</load_address>
         <run_address>0x3e9</run_address>
         <size>0x3a</size>
         <input_file_ref idref="fl-2"/>
      </object_component>
      <object_component id="oc-24f">
         <name>.debug_frame</name>
         <load_address>0x423</load_address>
         <run_address>0x423</run_address>
         <size>0x39</size>
         <input_file_ref idref="fl-2"/>
      </object_component>
      <object_component id="oc-12e">
         <name>.debug_frame</name>
         <load_address>0x45c</load_address>
         <run_address>0x45c</run_address>
         <size>0x61</size>
         <input_file_ref idref="fl-2"/>
      </object_component>
      <object_component id="oc-134">
         <name>.debug_frame</name>
         <load_address>0x4bd</load_address>
         <run_address>0x4bd</run_address>
         <size>0x41</size>
         <input_file_ref idref="fl-2"/>
      </object_component>
      <object_component id="oc-21f">
         <name>.debug_frame</name>
         <load_address>0x4fe</load_address>
         <run_address>0x4fe</run_address>
         <size>0x39</size>
         <input_file_ref idref="fl-2"/>
      </object_component>
      <object_component id="oc-140">
         <name>.debug_frame</name>
         <load_address>0x537</load_address>
         <run_address>0x537</run_address>
         <size>0x61</size>
         <input_file_ref idref="fl-2"/>
      </object_component>
      <object_component id="oc-13a">
         <name>.debug_frame</name>
         <load_address>0x598</load_address>
         <run_address>0x598</run_address>
         <size>0x41</size>
         <input_file_ref idref="fl-2"/>
      </object_component>
      <object_component id="oc-225">
         <name>.debug_frame</name>
         <load_address>0x5d9</load_address>
         <run_address>0x5d9</run_address>
         <size>0x39</size>
         <input_file_ref idref="fl-2"/>
      </object_component>
      <object_component id="oc-152">
         <name>.debug_frame</name>
         <load_address>0x612</load_address>
         <run_address>0x612</run_address>
         <size>0x41</size>
         <input_file_ref idref="fl-2"/>
      </object_component>
      <object_component id="oc-14c">
         <name>.debug_frame</name>
         <load_address>0x653</load_address>
         <run_address>0x653</run_address>
         <size>0x41</size>
         <input_file_ref idref="fl-2"/>
      </object_component>
      <object_component id="oc-207">
         <name>.debug_frame</name>
         <load_address>0x694</load_address>
         <run_address>0x694</run_address>
         <size>0x39</size>
         <input_file_ref idref="fl-2"/>
      </object_component>
      <object_component id="oc-22b">
         <name>.debug_frame</name>
         <load_address>0x6cd</load_address>
         <run_address>0x6cd</run_address>
         <size>0x39</size>
         <input_file_ref idref="fl-2"/>
      </object_component>
      <object_component id="oc-146">
         <name>.debug_frame</name>
         <load_address>0x706</load_address>
         <run_address>0x706</run_address>
         <size>0x39</size>
         <input_file_ref idref="fl-2"/>
      </object_component>
      <object_component id="oc-17f">
         <name>.debug_frame</name>
         <load_address>0x73f</load_address>
         <run_address>0x73f</run_address>
         <size>0x3a</size>
         <input_file_ref idref="fl-2"/>
      </object_component>
      <object_component id="oc-1b1">
         <name>.debug_frame</name>
         <load_address>0x779</load_address>
         <run_address>0x779</run_address>
         <size>0x39</size>
         <input_file_ref idref="fl-1d"/>
      </object_component>
      <object_component id="oc-71">
         <name>.debug_frame</name>
         <load_address>0x7b2</load_address>
         <run_address>0x7b2</run_address>
         <size>0x34</size>
         <input_file_ref idref="fl-20"/>
      </object_component>
      <object_component id="oc-38">
         <name>.debug_frame</name>
         <load_address>0x7e6</load_address>
         <run_address>0x7e6</run_address>
         <size>0x48</size>
         <input_file_ref idref="fl-21"/>
      </object_component>
      <object_component id="oc-3f">
         <name>.debug_frame</name>
         <load_address>0x82e</load_address>
         <run_address>0x82e</run_address>
         <size>0x39</size>
         <input_file_ref idref="fl-22"/>
      </object_component>
      <object_component id="oc-53">
         <name>.debug_frame</name>
         <load_address>0x867</load_address>
         <run_address>0x867</run_address>
         <size>0x39</size>
         <input_file_ref idref="fl-23"/>
      </object_component>
      <object_component id="oc-184">
         <name>.debug_frame</name>
         <load_address>0x8a0</load_address>
         <run_address>0x8a0</run_address>
         <size>0x39</size>
         <input_file_ref idref="fl-25"/>
      </object_component>
      <object_component id="oc-114">
         <name>.debug_frame</name>
         <load_address>0x8d9</load_address>
         <run_address>0x8d9</run_address>
         <size>0x39</size>
         <input_file_ref idref="fl-2f"/>
      </object_component>
      <object_component id="oc-15b">
         <name>.debug_frame</name>
         <load_address>0x912</load_address>
         <run_address>0x912</run_address>
         <size>0x39</size>
         <input_file_ref idref="fl-31"/>
      </object_component>
      <object_component id="oc-165">
         <name>.debug_frame</name>
         <load_address>0x94b</load_address>
         <run_address>0x94b</run_address>
         <size>0x43</size>
         <input_file_ref idref="fl-34"/>
      </object_component>
      <object_component id="oc-1ce">
         <name>.debug_frame</name>
         <load_address>0x98e</load_address>
         <run_address>0x98e</run_address>
         <size>0x43</size>
         <input_file_ref idref="fl-35"/>
      </object_component>
      <object_component id="oc-1d4">
         <name>.debug_frame</name>
         <load_address>0x9d1</load_address>
         <run_address>0x9d1</run_address>
         <size>0x39</size>
         <input_file_ref idref="fl-37"/>
      </object_component>
      <object_component id="oc-25d">
         <name>.debug_abbrev</name>
         <load_address>0x0</load_address>
         <run_address>0x0</run_address>
         <size>0xdf</size>
         <input_file_ref idref="fl-2"/>
      </object_component>
      <object_component id="oc-293">
         <name>.debug_abbrev</name>
         <load_address>0xdf</load_address>
         <run_address>0xdf</run_address>
         <size>0x29</size>
         <input_file_ref idref="fl-2"/>
      </object_component>
      <object_component id="oc-256">
         <name>.debug_abbrev</name>
         <load_address>0x108</load_address>
         <run_address>0x108</run_address>
         <size>0x29</size>
         <input_file_ref idref="fl-2"/>
      </object_component>
      <object_component id="oc-259">
         <name>.debug_abbrev</name>
         <load_address>0x131</load_address>
         <run_address>0x131</run_address>
         <size>0x29</size>
         <input_file_ref idref="fl-2"/>
      </object_component>
      <object_component id="oc-25f">
         <name>.debug_abbrev</name>
         <load_address>0x15a</load_address>
         <run_address>0x15a</run_address>
         <size>0x29</size>
         <input_file_ref idref="fl-2"/>
      </object_component>
      <object_component id="oc-2d4">
         <name>.debug_abbrev</name>
         <load_address>0x183</load_address>
         <run_address>0x183</run_address>
         <size>0x29</size>
         <input_file_ref idref="fl-2"/>
      </object_component>
      <object_component id="oc-2d6">
         <name>.debug_abbrev</name>
         <load_address>0x1ac</load_address>
         <run_address>0x1ac</run_address>
         <size>0x29</size>
         <input_file_ref idref="fl-2"/>
      </object_component>
      <object_component id="oc-25b">
         <name>.debug_abbrev</name>
         <load_address>0x1d5</load_address>
         <run_address>0x1d5</run_address>
         <size>0x29</size>
         <input_file_ref idref="fl-2"/>
      </object_component>
      <object_component id="oc-290">
         <name>.debug_abbrev</name>
         <load_address>0x1fe</load_address>
         <run_address>0x1fe</run_address>
         <size>0x50</size>
         <input_file_ref idref="fl-2"/>
      </object_component>
      <object_component id="oc-291">
         <name>.debug_abbrev</name>
         <load_address>0x24e</load_address>
         <run_address>0x24e</run_address>
         <size>0x6c</size>
         <input_file_ref idref="fl-2"/>
      </object_component>
      <object_component id="oc-2a3">
         <name>.debug_abbrev</name>
         <load_address>0x2ba</load_address>
         <run_address>0x2ba</run_address>
         <size>0x6c</size>
         <input_file_ref idref="fl-2"/>
      </object_component>
      <object_component id="oc-2d8">
         <name>.debug_abbrev</name>
         <load_address>0x326</load_address>
         <run_address>0x326</run_address>
         <size>0x6c</size>
         <input_file_ref idref="fl-2"/>
      </object_component>
      <object_component id="oc-2d9">
         <name>.debug_abbrev</name>
         <load_address>0x392</load_address>
         <run_address>0x392</run_address>
         <size>0x6c</size>
         <input_file_ref idref="fl-2"/>
      </object_component>
      <object_component id="oc-2da">
         <name>.debug_abbrev</name>
         <load_address>0x3fe</load_address>
         <run_address>0x3fe</run_address>
         <size>0x50</size>
         <input_file_ref idref="fl-2"/>
      </object_component>
      <object_component id="oc-292">
         <name>.debug_abbrev</name>
         <load_address>0x44e</load_address>
         <run_address>0x44e</run_address>
         <size>0x6c</size>
         <input_file_ref idref="fl-2"/>
      </object_component>
      <object_component id="oc-2e0">
         <name>.debug_abbrev</name>
         <load_address>0x4ba</load_address>
         <run_address>0x4ba</run_address>
         <size>0x7a</size>
         <input_file_ref idref="fl-2"/>
      </object_component>
      <object_component id="oc-2a7">
         <name>.debug_abbrev</name>
         <load_address>0x534</load_address>
         <run_address>0x534</run_address>
         <size>0x7c</size>
         <input_file_ref idref="fl-2"/>
      </object_component>
      <object_component id="oc-2a2">
         <name>.debug_abbrev</name>
         <load_address>0x5b0</load_address>
         <run_address>0x5b0</run_address>
         <size>0x7c</size>
         <input_file_ref idref="fl-2"/>
      </object_component>
      <object_component id="oc-2ab">
         <name>.debug_abbrev</name>
         <load_address>0x62c</load_address>
         <run_address>0x62c</run_address>
         <size>0x60</size>
         <input_file_ref idref="fl-2"/>
      </object_component>
      <object_component id="oc-2d3">
         <name>.debug_abbrev</name>
         <load_address>0x68c</load_address>
         <run_address>0x68c</run_address>
         <size>0x50</size>
         <input_file_ref idref="fl-2"/>
      </object_component>
      <object_component id="oc-29e">
         <name>.debug_abbrev</name>
         <load_address>0x6dc</load_address>
         <run_address>0x6dc</run_address>
         <size>0x5e</size>
         <input_file_ref idref="fl-2"/>
      </object_component>
      <object_component id="oc-1b2">
         <name>.debug_abbrev</name>
         <load_address>0x73a</load_address>
         <run_address>0x73a</run_address>
         <size>0x6f</size>
         <input_file_ref idref="fl-2"/>
      </object_component>
      <object_component id="oc-296">
         <name>.debug_abbrev</name>
         <load_address>0x7a9</load_address>
         <run_address>0x7a9</run_address>
         <size>0x50</size>
         <input_file_ref idref="fl-2"/>
      </object_component>
      <object_component id="oc-297">
         <name>.debug_abbrev</name>
         <load_address>0x7f9</load_address>
         <run_address>0x7f9</run_address>
         <size>0x50</size>
         <input_file_ref idref="fl-2"/>
      </object_component>
      <object_component id="oc-2c4">
         <name>.debug_abbrev</name>
         <load_address>0x849</load_address>
         <run_address>0x849</run_address>
         <size>0x6c</size>
         <input_file_ref idref="fl-2"/>
      </object_component>
      <object_component id="oc-2c5">
         <name>.debug_abbrev</name>
         <load_address>0x8b5</load_address>
         <run_address>0x8b5</run_address>
[...]
         <value>0xffec</value>
         <object_component_ref idref="oc-46"/>
      </symbol>
      <symbol id="sm-1fb">
         <name>__TI_int07</name>
         <value>0xffee</value>
         <object_component_ref idref="oc-47"/>
      </symbol>
      <symbol id="sm-1fc">
         <name>CURR_SENSOR</name>
         <value>0x306</value>
         <object_component_ref idref="oc-1a8"/>
      </symbol>
      <symbol id="sm-1fd">
         <name>__TI_int05</name>
         <value>0xffea</value>
         <object_component_ref idref="oc-45"/>
      </symbol>
      <symbol id="sm-1fe">
         <name>FLASH_IMAGE_OFFSET</name>
         <value>0xca12</value>
         <object_component_ref idref="oc-2a4"/>
      </symbol>
      <symbol id="sm-1ff">
         <name>Eyes_Set</name>
         <value>0xc652</value>
         <object_component_ref idref="oc-1f1"/>
      </symbol>
      <symbol id="sm-200">
         <name>__TI_int12</name>
         <value>0xfff8</value>
         <object_component_ref idref="oc-4c"/>
      </symbol>
      <symbol id="sm-201">
         <name>__TI_int13</name>
         <value>0xfffa</value>
         <object_component_ref idref="oc-4d"/>
      </symbol>
      <symbol id="sm-202">
         <name>__TI_int10</name>
         <value>0xfff4</value>
         <object_component_ref idref="oc-4a"/>
      </symbol>
      <symbol id="sm-203">
         <name>DTC_MODE</name>
         <value>0x30a</value>
         <object_component_ref idref="oc-1a8"/>
      </symbol>
      <symbol id="sm-204">
         <name>UART_Available</name>
         <value>0x305</value>
         <object_component_ref idref="oc-1a8"/>
      </symbol>
      <symbol id="sm-205">
         <name>USCI_A0_Init</name>
         <value>0xc7ce</value>
         <object_component_ref idref="oc-208"/>
      </symbol>
      <symbol id="sm-206">
         <name>STATUS_VEC</name>
         <value>0x308</value>
         <object_component_ref idref="oc-1a8"/>
      </symbol>
      <symbol id="sm-207">
         <name>handleUART</name>
         <value>0xc14c</value>
         <object_component_ref idref="oc-244"/>
      </symbol>
      <symbol id="sm-208">
         <name>ADC10_Init_BTN</name>
         <value>0xc8c2</value>
         <object_component_ref idref="oc-298"/>
      </symbol>
      <symbol id="sm-209">
         <name>DISP_BUF</name>
         <value>0x200</value>
         <object_component_ref idref="oc-1bf"/>
      </symbol>
      <symbol id="sm-20a">
         <name>SPI_TX_BUF</name>
         <value>0x320</value>
         <object_component_ref idref="oc-1b6"/>
      </symbol>
      <symbol id="sm-20b">
         <name>DCO_Calib</name>
         <value>0xc9a4</value>
         <object_component_ref idref="oc-202"/>
      </symbol>
      <symbol id="sm-20c">
         <name>watchdog_timer</name>
         <value>0xc872</value>
         <object_component_ref idref="oc-141"/>
      </symbol>
      <symbol id="sm-20d">
         <name>FlashLoad</name>
         <value>0xc6de</value>
         <object_component_ref idref="oc-238"/>
      </symbol>
      <symbol id="sm-20e">
         <name>ADC10_Init</name>
         <value>0xc9ce</value>
         <object_component_ref idref="oc-214"/>
      </symbol>
      <symbol id="sm-20f">
         <name>FlashImages</name>
         <value>0xc278</value>
         <object_component_ref idref="oc-2be"/>
      </symbol>
      <symbol id="sm-210">
         <name>main</name>
         <value>0xc000</value>
         <object_component_ref idref="oc-17a"/>
      </symbol>
      <symbol id="sm-211">
         <name>index</name>
         <value>0x30b</value>
         <object_component_ref idref="oc-1a8"/>
      </symbol>
      <symbol id="sm-212">
         <name>TIMER_A1_Init</name>
         <value>0xc88e</value>
         <object_component_ref idref="oc-220"/>
      </symbol>
      <symbol id="sm-213">
         <name>TIMER_A0_Init</name>
         <value>0xc852</value>
         <object_component_ref idref="oc-21a"/>
      </symbol>
      <symbol id="sm-214">
         <name>findVolume</name>
         <value>0xc79a</value>
         <object_component_ref idref="oc-23e"/>
      </symbol>
      <symbol id="sm-215">
         <name>findBtn</name>
         <value>0xc608</value>
         <object_component_ref idref="oc-22c"/>
      </symbol>
      <symbol id="sm-216">
         <name>micData</name>
         <value>0x284</value>
         <object_component_ref idref="oc-2a8"/>
      </symbol>
      <symbol id="sm-217">
         <name>UART_DOONCE</name>
         <value>0x304</value>
         <object_component_ref idref="oc-1a8"/>
      </symbol>
      <symbol id="sm-218">
         <name>ROW_CNTR</name>
         <value>0x307</value>
         <object_component_ref idref="oc-1a8"/>
      </symbol>
      <symbol id="sm-219">
         <name>Flash_Read</name>
         <value>0xc90a</value>
         <object_component_ref idref="oc-1f8"/>
      </symbol>
      <symbol id="sm-21a">
         <name>SPI_BYTE_COUNTER</name>
         <value>0x30f</value>
         <object_component_ref idref="oc-1a8"/>
      </symbol>
      <symbol id="sm-21b">
         <name>Eyes_Init</name>
         <value>0xc9b2</value>
         <object_component_ref idref="oc-1eb"/>
      </symbol>
      <symbol id="sm-21c">
         <name>T1A0_ISR</name>
         <value>0xc722</value>
         <object_component_ref idref="oc-14d"/>
      </symbol>
      <symbol id="sm-21d">
         <name>Flash_Write_End</name>
         <value>0xc9c0</value>
         <object_component_ref idref="oc-2b8"/>
      </symbol>
      <symbol id="sm-21e">
         <name>USCIAB0RX_ISR</name>
         <value>0xc766</value>
         <object_component_ref idref="oc-12f"/>
      </symbol>
      <symbol id="sm-21f">
         <name>USCIAB0TX_ISR</name>
         <value>0xc32a</value>
         <object_component_ref idref="oc-129"/>
      </symbol>
      <symbol id="sm-220">
         <name>T1A1_ISR</name>
         <value>0xc9e4</value>
         <object_component_ref idref="oc-147"/>
      </symbol>
      <symbol id="sm-221">
         <name>WDT_Init</name>
         <value>0xca00</value>
         <object_component_ref idref="oc-226"/>
      </symbol>
      <symbol id="sm-222">
         <name>clearUARTbuf</name>
         <value>0xc8f2</value>
         <object_component_ref idref="oc-24a"/>
      </symbol>
      <symbol id="sm-223">
         <name>sensorData</name>
         <value>0x312</value>
         <object_component_ref idref="oc-1b3"/>
      </symbol>
      <symbol id="sm-224">
         <name>T0A0_ISR</name>
         <value>0xc4fe</value>
         <object_component_ref idref="oc-13b"/>
      </symbol>
      <symbol id="sm-225">
         <name>TX_ONGOING</name>
         <value>0x30e</value>
         <object_component_ref idref="oc-1a8"/>
      </symbol>
      <symbol id="sm-226">
         <name>Flash_Write</name>
         <value>0xc920</value>
         <object_component_ref idref="oc-2b2"/>
      </symbol>
      <symbol id="sm-227">
         <name>Status_Set</name>
         <value>0xc934</value>
         <object_component_ref idref="oc-232"/>
      </symbol>
      <symbol id="sm-228">
         <name>T0A1_ISR</name>
         <value>0xc9da</value>
         <object_component_ref idref="oc-135"/>
      </symbol>
      <symbol id="sm-232">
         <name>abs</name>
         <value>0xc9ee</value>
         <object_component_ref idref="oc-1ac"/>
      </symbol>
      <symbol id="sm-23a">
         <name>__mspabi_srai</name>
         <value>0xc7fa</value>
         <object_component_ref idref="oc-2db"/>
      </symbol>
      <symbol id="sm-23b">
         <name>__mspabi_srai_8</name>
         <value>0xc814</value>
         <object_component_ref idref="oc-2db"/>
      </symbol>
      <symbol id="sm-23c">
         <name>__mspabi_srai_9</name>
         <value>0xc812</value>
         <object_component_ref idref="oc-2db"/>
      </symbol>
      <symbol id="sm-23d">
         <name>__mspabi_srai_6</name>
         <value>0xc818</value>
         <object_component_ref idref="oc-2db"/>
      </symbol>
      <symbol id="sm-23e">
         <name>__mspabi_srai_7</name>
         <value>0xc816</value>
         <object_component_ref idref="oc-2db"/>
      </symbol>
      <symbol id="sm-23f">
         <name>__mspabi_srai_4</name>
         <value>0xc81c</value>
         <object_component_ref idref="oc-2db"/>
      </symbol>
      <symbol id="sm-240">
         <name>__mspabi_srai_5</name>
         <value>0xc81a</value>
         <object_component_ref idref="oc-2db"/>
      </symbol>
      <symbol id="sm-241">
         <name>__mspabi_srai_2</name>
         <value>0xc820</value>
         <object_component_ref idref="oc-2db"/>
      </symbol>
      <symbol id="sm-242">
         <name>__mspabi_srai_3</name>
         <value>0xc81e</value>
         <object_component_ref idref="oc-2db"/>
      </symbol>
      <symbol id="sm-243">
         <name>__mspabi_srai_1</name>
         <value>0xc822</value>
         <object_component_ref idref="oc-2db"/>
      </symbol>
      <symbol id="sm-244">
         <name>__mspabi_srai_15</name>
         <value>0xc806</value>
         <object_component_ref idref="oc-2db"/>
      </symbol>
      <symbol id="sm-245">
         <name>__mspabi_srai_14</name>
         <value>0xc808</value>
         <object_component_ref idref="oc-2db"/>
      </symbol>
      <symbol id="sm-246">
         <name>__mspabi_srai_13</name>
         <value>0xc80a</value>
         <object_component_ref idref="oc-2db"/>
      </symbol>
      <symbol id="sm-247">
         <name>__mspabi_srai_12</name>
         <value>0xc80c</value>
         <object_component_ref idref="oc-2db"/>
      </symbol>
      <symbol id="sm-248">
         <name>__mspabi_srai_11</name>
         <value>0xc80e</value>
         <object_component_ref idref="oc-2db"/>
      </symbol>
      <symbol id="sm-249">
         <name>__mspabi_srai_10</name>
         <value>0xc810</value>
         <object_component_ref idref="oc-2db"/>
      </symbol>
      <symbol id="sm-251">
         <name>_stack</name>
         <value>0x3b0</value>
         <object_component_ref idref="oc-f3"/>
      </symbol>
      <symbol id="sm-252">
         <name>_reset_vector</name>
         <value>0xfffe</value>
         <object_component_ref idref="oc-f6"/>
      </symbol>
      <symbol id="sm-25c">
         <name>_c_int00_noargs_noexit</name>
         <value>0xc8a8</value>
         <object_component_ref idref="oc-6d"/>
      </symbol>
      <symbol id="sm-27a">
         <name>__TI_decompress_lzss</name>
         <value>0xc3b0</value>
         <object_component_ref idref="oc-36"/>
      </symbol>
      <symbol id="sm-290">
         <name>__TI_decompress_none</name>
         <value>0xc970</value>
         <object_component_ref idref="oc-3c"/>
      </symbol>
      <symbol id="sm-2a8">
         <name>__TI_zero_init</name>
         <value>0xc948</value>
         <object_component_ref idref="oc-4f"/>
      </symbol>
      <symbol id="sm-2b1">
         <name>__mspabi_func_epilog_2</name>
         <value>0xc99e</value>
         <object_component_ref idref="oc-101"/>
      </symbol>
      <symbol id="sm-2b2">
         <name>__mspabi_func_epilog_3</name>
         <value>0xc99c</value>
         <object_component_ref idref="oc-101"/>
      </symbol>
      <symbol id="sm-2b3">
         <name>__mspabi_func_epilog_1</name>
         <value>0xc9a0</value>
         <object_component_ref idref="oc-101"/>
      </symbol>
      <symbol id="sm-2b4">
         <name>__mspabi_func_epilog_6</name>
         <value>0xc996</value>
         <object_component_ref idref="oc-101"/>
      </symbol>
      <symbol id="sm-2b5">
         <name>__mspabi_func_epilog_7</name>
         <value>0xc994</value>
         <object_component_ref idref="oc-101"/>
      </symbol>
      <symbol id="sm-2b6">
         <name>__mspabi_func_epilog_4</name>
         <value>0xc99a</value>
         <object_component_ref idref="oc-101"/>
      </symbol>
      <symbol id="sm-2b7">
         <name>__mspabi_func_epilog_5</name>
         <value>0xc998</value>
         <object_component_ref idref="oc-101"/>
      </symbol>
      <symbol id="sm-2c1">
         <name>C$$EXIT</name>
         <value>0xca06</value>
         <object_component_ref idref="oc-182"/>
      </symbol>
      <symbol id="sm-2c2">
         <name>abort</name>
         <value>0xca06</value>
         <object_component_ref idref="oc-182"/>
      </symbol>
      <symbol id="sm-2c6">
         <name>__TI_int00</name>
         <value>0xffe0</value>
         <object_component_ref idref="oc-42"/>
      </symbol>
      <symbol id="sm-2c9">
         <name>__TI_int02</name>
         <value>0xffe4</value>
         <object_component_ref idref="oc-43"/>
      </symbol>
      <symbol id="sm-2cc">
         <name>__TI_int03</name>
         <value>0xffe6</value>
         <object_component_ref idref="oc-44"/>
      </symbol>
      <symbol id="sm-2cf">
         <name>__TI_int11</name>
         <value>0xfff6</value>
         <object_component_ref idref="oc-4b"/>
      </symbol>
      <symbol id="sm-2d2">
         <name>__TI_int14</name>
         <value>0xfffc</value>
         <object_component_ref idref="oc-4e"/>
      </symbol>
      <symbol id="sm-2da">
         <name>__TI_ISR_TRAP</name>
         <value>0xc9f8</value>
         <object_component_ref idref="oc-11e"/>
      </symbol>
      <symbol id="sm-2e2">
         <name>__mspabi_slli</name>
         <value>0xc826</value>
         <object_component_ref idref="oc-f7"/>
      </symbol>
      <symbol id="sm-2e3">
         <name>__mspabi_slli_9</name>
         <value>0xc83e</value>
         <object_component_ref idref="oc-f7"/>
      </symbol>
      <symbol id="sm-2e4">
         <name>__mspabi_slli_8</name>
         <value>0xc840</value>
         <object_component_ref idref="oc-f7"/>
      </symbol>
      <symbol id="sm-2e5">
         <name>__mspabi_slli_7</name>
         <value>0xc842</value>
         <object_component_ref idref="oc-f7"/>
      </symbol>
      <symbol id="sm-2e6">
         <name>__mspabi_slli_6</name>
         <value>0xc844</value>
         <object_component_ref idref="oc-f7"/>
      </symbol>
      <symbol id="sm-2e7">
         <name>__mspabi_slli_5</name>
         <value>0xc846</value>
         <object_component_ref idref="oc-f7"/>
      </symbol>
      <symbol id="sm-2e8">
         <name>__mspabi_slli_4</name>
         <value>0xc848</value>
         <object_component_ref idref="oc-f7"/>
      </symbol>
      <symbol id="sm-2e9">
         <name>__mspabi_slli_3</name>
         <value>0xc84a</value>
         <object_component_ref idref="oc-f7"/>
      </symbol>
      <symbol id="sm-2ea">
         <name>__mspabi_slli_2</name>
         <value>0xc84c</value>
         <object_component_ref idref="oc-f7"/>
      </symbol>
      <symbol id="sm-2eb">
         <name>__mspabi_slli_1</name>
         <value>0xc84e</value>
         <object_component_ref idref="oc-f7"/>
      </symbol>
      <symbol id="sm-2ec">
         <name>__mspabi_slli_15</name>
         <value>0xc832</value>
         <object_component_ref idref="oc-f7"/>
      </symbol>
      <symbol id="sm-2ed">
         <name>__mspabi_slli_14</name>
         <value>0xc834</value>
         <object_component_ref idref="oc-f7"/>
      </symbol>
      <symbol id="sm-2ee">
         <name>__mspabi_slli_13</name>
         <value>0xc836</value>
         <object_component_ref idref="oc-f7"/>
      </symbol>
      <symbol id="sm-2ef">
         <name>__mspabi_slli_12</name>
         <value>0xc838</value>
         <object_component_ref idref="oc-f7"/>
      </symbol>
      <symbol id="sm-2f0">
         <name>__mspabi_slli_11</name>
         <value>0xc83a</value>
         <object_component_ref idref="oc-f7"/>
      </symbol>
      <symbol id="sm-2f1">
         <name>__mspabi_slli_10</name>
         <value>0xc83c</value>
         <object_component_ref idref="oc-f7"/>
      </symbol>
      <symbol id="sm-2f9">
         <name>__mspabi_srli_8</name>
         <value>0xc5e6</value>
         <object_component_ref idref="oc-fc"/>
      </symbol>
      <symbol id="sm-2fa">
         <name>__mspabi_srli_9</name>
         <value>0xc5e2</value>
         <object_component_ref idref="oc-fc"/>
      </symbol>
      <symbol id="sm-2fb">
         <name>__mspabi_srli_6</name>
         <value>0xc5ee</value>
         <object_component_ref idref="oc-fc"/>
      </symbol>
      <symbol id="sm-2fc">
         <name>__mspabi_srli_7</name>
         <value>0xc5ea</value>
         <object_component_ref idref="oc-fc"/>
      </symbol>
      <symbol id="sm-2fd">
         <name>__mspabi_srli_4</name>
         <value>0xc5f6</value>
         <object_component_ref idref="oc-fc"/>
      </symbol>
      <symbol id="sm-2fe">
         <name>__mspabi_srli_5</name>
         <value>0xc5f2</value>
         <object_component_ref idref="oc-fc"/>
      </symbol>
      <symbol id="sm-2ff">
         <name>__mspabi_srli_2</name>
         <value>0xc5fe</value>
         <object_component_ref idref="oc-fc"/>
      </symbol>
      <symbol id="sm-300">
         <name>__mspabi_srli_3</name>
         <value>0xc5fa</value>
         <object_component_ref idref="oc-fc"/>
      </symbol>
      <symbol id="sm-301">
         <name>__mspabi_srli_1</name>
         <value>0xc602</value>
         <object_component_ref idref="oc-fc"/>
      </symbol>
      <symbol id="sm-302">
         <name>__mspabi_srli</name>
         <value>0xc5bc</value>
         <object_component_ref idref="oc-fc"/>
      </symbol>
      <symbol id="sm-303">
         <name>__mspabi_srli_15</name>
         <value>0xc5ca</value>
         <object_component_ref idref="oc-fc"/>
      </symbol>
      <symbol id="sm-304">
         <name>__mspabi_srli_14</name>
         <value>0xc5ce</value>
         <object_component_ref idref="oc-fc"/>
      </symbol>
      <symbol id="sm-305">
         <name>__mspabi_srli_13</name>
         <value>0xc5d2</value>
         <object_component_ref idref="oc-fc"/>
      </symbol>
      <symbol id="sm-306">
         <name>__mspabi_srli_12</name>
         <value>0xc5d6</value>
         <object_component_ref idref="oc-fc"/>
      </symbol>
      <symbol id="sm-307">
         <name>__mspabi_srli_11</name>
         <value>0xc5da</value>
         <object_component_ref idref="oc-fc"/>
      </symbol>
      <symbol id="sm-308">
         <name>__mspabi_srli_10</name>
         <value>0xc5de</value>
         <object_component_ref idref="oc-fc"/>
      </symbol>
      <symbol id="sm-316">
         <name>memcpy</name>
         <value>0xc982</value>
         <object_component_ref idref="oc-111"/>
      </symbol>
      <symbol id="sm-320">
         <name>_system_pre_init</name>
         <value>0xca0c</value>
         <object_component_ref idref="oc-15a"/>
      </symbol>
      <symbol id="sm-33e">
         <name>_auto_init</name>
         <value>0xc42c</value>
         <object_component_ref idref="oc-160"/>
      </symbol>
      <symbol id="sm-354">
         <name>copy_in</name>
         <value>0xc562</value>
         <object_component_ref idref="oc-1c9"/>
      </symbol>
      <symbol id="sm-35e">
         <name>__mspabi_mpyi_sw</name>
         <value>0xc95c</value>
         <object_component_ref idref="oc-261"/>
      </symbol>
      <symbol id="sm-35f">
         <name>__mspabi_mpyi</name>
         <value>0xc95c</value>
         <object_component_ref idref="oc-261"/>
      </symbol>
      <symbol id="sm-368">
         <name>_system_post_cinit</name>
         <value>0xca10</value>
         <object_component_ref idref="oc-1cf"/>
      </symbol>
      <symbol id="sm-36b">
         <name>__TI_BINIT_Base</name>
         <value>0x0</value>
      </symbol>
      <symbol id="sm-36c">
         <name>__TI_BINIT_Limit</name>
         <value>0x0</value>
      </symbol>
      <symbol id="sm-36d">
         <name>__TI_INITARRAY_Base</name>
         <value>0x0</value>
      </symbol>
      <symbol id="sm-36e">
         <name>__TI_INITARRAY_Limit</name>
         <value>0x0</value>
      </symbol>
   </symbol_table>
   <title>Link successful</title>
</link_info>
