******************************************************************************
                  MSP430 Linker PC v16.9.4                     
******************************************************************************
>> Linked Tue Oct 02 14:25:29 2018

OUTPUT FILE NAME:   <MSP430_Kretsn_V3.out>
ENTRY POINT SYMBOL: "_c_int00_noargs_noexit"  address: 0000c8a8


MEMORY CONFIGURATION

         name            origin    length      used     unused   attr    fill
----------------------  --------  ---------  --------  --------  ----  --------
  SFR                   00000000   00000010  00000000  00000010  RWIX
  PERIPHERALS_8BIT      00000010   000000f0  00000000  000000f0  RWIX
  PERIPHERALS_16BIT     00000100   00000100  00000000  00000100  RWIX
  RAM                   00000200   00000200  00000191  0000006f  RWIX
  INFOD                 00001000   00000040  00000000  00000040  RWIX
  INFOC                 00001040   00000040  00000000  00000040  RWIX
  INFOB                 00001080   00000040  00000000  00000040  RWIX
  INFOA                 000010c0   00000040  00000000  00000040  RWIX
  FLASH                 0000c000   00003a00  00000a4a  00002fb6  RWIX
  FLASH2                0000fa00   00000200  00000000  00000200  RWIX
  FLASH3                0000fc00   00000200  00000000  00000200  RWIX
  BSLSIGNATURE          0000ffde   00000002  00000002  00000000  RWIX  ffff 
  INT00                 0000ffe0   00000002  00000002  00000000  RWIX
  INT01                 0000ffe2   00000002  00000000  00000002  RWIX
  INT02                 0000ffe4   00000002  00000002  00000000  RWIX
  INT03                 0000ffe6   00000002  00000002  00000000  RWIX
  INT04                 0000ffe8   00000002  00000000  00000002  RWIX
  INT05                 0000ffea   00000002  00000002  00000000  RWIX
  INT06                 0000ffec   00000002  00000002  00000000  RWIX
  INT07                 0000ffee   00000002  00000002  00000000  RWIX
  INT08                 0000fff0   00000002  00000002  00000000  RWIX
  INT09                 0000fff2   00000002  00000002  00000000  RWIX
  INT10                 0000fff4   00000002  00000002  00000000  RWIX
  INT11                 0000fff6   00000002  00000002  00000000  RWIX
  INT12                 0000fff8   00000002  00000002  00000000  RWIX
  INT13                 0000fffa   00000002  00000002  00000000  RWIX
  INT14                 0000fffc   00000002  00000002  00000000  RWIX
  RESET                 0000fffe   00000002  00000002  00000000  RWIX


SECTION ALLOCATION MAP

 output                                  attributes/
section   page    origin      length       input sections
--------  ----  ----------  ----------   ----------------
.data      0    00000200    00000122     UNINITIALIZED
                  00000200    00000083     main.obj (.data:DISP_BUF)
                  00000283    00000001     --HOLE--
                  00000284    00000080     main.obj (.data:micData)
                  00000304    0000000e     main.obj (.data)
                  00000312    00000008     main.obj (.data:sensorData)
                  0000031a    00000006     main.obj (.data:BTN_VOLTS)
                  00000320    00000002     main.obj (.data:SPI_TX_BUF)

.bss       0    00000322    0000001f     UNINITIALIZED
                  00000322    00000014     (.common:UART_Buf)
                  00000336    00000008     (.common:CFG_DATA)
                  0000033e    00000002     main.obj (.bss)
                  00000340    00000001     (.common:MY_ID)

.stack     0    000003b0    00000050     UNINITIALIZED
                  000003b0    00000002     rts430_eabi.lib : boot.obj (.stack)
                  000003b2    0000004e     --HOLE--

.text      0    0000c000    00000a12     
                  0000c000    0000014c     main.obj (.text:main)
                  0000c14c    0000012c     main.obj (.text:handleUART)
                  0000c278    000000b2     main.obj (.text:FlashImages)
                  0000c32a    00000086     main.obj (.text:USCIAB0TX_ISR)
                  0000c3b0    0000007c     rts430_eabi.lib : copy_decompress_lzss.obj (.text:decompress:lzss:__TI_decompress_lzss)
                  0000c42c    0000006e                     : autoinit.obj (.text:_auto_init)
                  0000c49a    00000064     main.obj (.text:ADC10_ISR)
                  0000c4fe    00000064     main.obj (.text:T0A0_ISR)
                  0000c562    0000005a     rts430_eabi.lib : cpy_tbl.obj (.text:copy_in)
                  0000c5bc    0000004c                     : lsr16.obj (.text)
                  0000c608    0000004a     main.obj (.text:findBtn)
                  0000c652    00000046     main.obj (.text:Eyes_Set)
                  0000c698    00000046     main.obj (.text:USCI_B0_Init)
                  0000c6de    00000044     main.obj (.text:FlashLoad)
                  0000c722    00000044     main.obj (.text:T1A0_ISR)
                  0000c766    00000034     main.obj (.text:USCIAB0RX_ISR)
                  0000c79a    00000034     main.obj (.text:findVolume)
                  0000c7ce    0000002c     main.obj (.text:USCI_A0_Init)
                  0000c7fa    0000002c     rts430_eabi.lib : asr16.obj (.text)
                  0000c826    0000002c                     : lsl16.obj (.text)
                  0000c852    00000020     main.obj (.text:TIMER_A0_Init)
                  0000c872    0000001c     main.obj (.text:watchdog_timer)
                  0000c88e    0000001a     main.obj (.text:TIMER_A1_Init)
                  0000c8a8    0000001a     rts430_eabi.lib : boot_special.obj (.text:_c_int00_noargs_noexit)
                  0000c8c2    00000018     main.obj (.text:ADC10_Init_BTN)
                  0000c8da    00000018     main.obj (.text:Flash_Write_Start)
                  0000c8f2    00000018     main.obj (.text:clearUARTbuf)
                  0000c90a    00000016     main.obj (.text:Flash_Read)
                  0000c920    00000014     main.obj (.text:Flash_Write)
                  0000c934    00000014     main.obj (.text:Status_Set)
                  0000c948    00000014     rts430_eabi.lib : copy_zero_init.obj (.text:decompress:ZI:__TI_zero_init)
                  0000c95c    00000014                     : mult16.obj (.text)
                  0000c970    00000012                     : copy_decompress_none.obj (.text:decompress:none:__TI_decompress_none)
                  0000c982    00000012                     : memcpy.obj (.text:memcpy)
                  0000c994    00000010                     : epilog.obj (.text)
                  0000c9a4    0000000e     main.obj (.text:DCO_Calib)
                  0000c9b2    0000000e     main.obj (.text:Eyes_Init)
                  0000c9c0    0000000e     main.obj (.text:Flash_Write_End)
                  0000c9ce    0000000c     main.obj (.text:ADC10_Init)
                  0000c9da    0000000a     main.obj (.text:T0A1_ISR)
                  0000c9e4    0000000a     main.obj (.text:T1A1_ISR)
                  0000c9ee    0000000a     rts430_eabi.lib : abs.obj (.text:abs)
                  0000c9f8    00000008                     : isr_trap.obj (.text:_isr:__TI_ISR_TRAP)
                  0000ca00    00000006     main.obj (.text:WDT_Init)
                  0000ca06    00000006     rts430_eabi.lib : exit.obj (.text:abort)
                  0000ca0c    00000004                     : pre_init.obj (.text:_system_pre_init)
                  0000ca10    00000002                     : startup.obj (.text:_system_post_cinit)

.binit     0    0000c000    00000000     

.const     0    0000ca12    0000000c     
                  0000ca12    0000000c     main.obj (.const:FLASH_IMAGE_OFFSET)

.cinit     0    0000ca1e    0000002c     
                  0000ca1e    0000001a     (.cinit..data.load) [load image, compression = lzss]
                  0000ca38    00000006     (__TI_handler_table)
                  0000ca3e    00000004     (.cinit..bss.load) [load image, compression = zero_init]
                  0000ca42    00000008     (__TI_cinit_table)

.init_array 
*          0    0000c000    00000000     UNINITIALIZED

$fill000   0    0000ffde    00000002     
                  0000ffde    00000002     --HOLE-- [fill = ffff]

TRAPINT    0    0000ffe0    00000002     
                  0000ffe0    00000002     rts430_eabi.lib : int00.obj (.int00)

PORT1      0    0000ffe4    00000002     
                  0000ffe4    00000002     rts430_eabi.lib : int02.obj (.int02)

PORT2      0    0000ffe6    00000002     
                  0000ffe6    00000002     rts430_eabi.lib : int03.obj (.int03)

ADC10      0    0000ffea    00000002     
                  0000ffea    00000002     main.obj (.int05)

USCIAB0TX 
*          0    0000ffec    00000002     
                  0000ffec    00000002     main.obj (.int06)

USCIAB0RX 
*          0    0000ffee    00000002     
                  0000ffee    00000002     main.obj (.int07)

TIMER0_A1 
*          0    0000fff0    00000002     
                  0000fff0    00000002     main.obj (.int08)

TIMER0_A0 
*          0    0000fff2    00000002     
                  0000fff2    00000002     main.obj (.int09)

WDT        0    0000fff4    00000002     
                  0000fff4    00000002     main.obj (.int10)

COMPARATORA 
*          0    0000fff6    00000002     
                  0000fff6    00000002     rts430_eabi.lib : int11.obj (.int11)

TIMER1_A1 
*          0    0000fff8    00000002     
                  0000fff8    00000002     main.obj (.int12)

TIMER1_A0 
*          0    0000fffa    00000002     
                  0000fffa    00000002     main.obj (.int13)

NMI        0    0000fffc    00000002     
                  0000fffc    00000002     rts430_eabi.lib : int14.obj (.int14)

.reset     0    0000fffe    00000002     
                  0000fffe    00000002     rts430_eabi.lib : boot.obj (.reset)

MODULE SUMMARY

       Module                     code   ro data   rw data
       ------                     ----   -------   -------
    .\
       main.obj                   1942   28        320    
    +--+--------------------------+------+---------+---------+
       Total:                     1942   28        320    
                                                          
    C:\ti\ccsv7\tools\compiler\ti-cgt-msp430_16.9.4.LTS\lib\rts430_eabi.lib
       copy_decompress_lzss.obj   124    0         0      
       autoinit.obj               110    0         0      
       cpy_tbl.obj                90     0         0      
       lsr16.obj                  76     0         0      
       asr16.obj                  44     0         0      
       lsl16.obj                  44     0         0      
       boot_special.obj           26     0         0      
       copy_zero_init.obj         20     0         0      
       mult16.obj                 20     0         0      
       copy_decompress_none.obj   18     0         0      
       memcpy.obj                 18     0         0      
       epilog.obj                 16     0         0      
       abs.obj                    10     0         0      
       isr_trap.obj               8      0         0      
       exit.obj                   6      0         0      
       pre_init.obj               4      0         0      
       boot.obj                   0      2         0      
       int00.obj                  0      2         0      
       int02.obj                  0      2         0      
       int03.obj                  0      2         0      
       int11.obj                  0      2         0      
       int14.obj                  0      2         0      
       startup.obj                2      0         0      
    +--+--------------------------+------+---------+---------+
       Total:                     636    12        0      
                                                          
       Stack:                     0      0         80     
       Linker Generated:          0      44        0      
    +--+--------------------------+------+---------+---------+
       Grand Total:               2578   84        400    


LINKER GENERATED COPY TABLES

__TI_cinit_table @ 0000ca42 records: 2, size/record: 4, table size: 8
	.data: load addr=0000ca1e, load size=0000001a bytes, run addr=00000200, run size=00000122 bytes, compression=lzss
	.bss: load addr=0000ca3e, load size=00000004 bytes, run addr=00000322, run size=0000001f bytes, compression=zero_init


LINKER GENERATED HANDLER TABLE

__TI_handler_table @ 0000ca38 records: 3, size/record: 2, table size: 6
	index: 0, handler: __TI_zero_init
	index: 1, handler: __TI_decompress_lzss
	index: 2, handler: __TI_decompress_none


GLOBAL SYMBOLS: SORTED ALPHABETICALLY BY Name 

address   name                    
-------   ----                    
0000004a  ADC10AE0                
000001b0  ADC10CTL0               
000001b2  ADC10CTL1               
00000048  ADC10DTC0               
00000049  ADC10DTC1               
000001b4  ADC10MEM                
000001bc  ADC10SA                 
0000c49a  ADC10_ISR               
0000c9ce  ADC10_Init              
0000c8c2  ADC10_Init_BTN          
00000057  BCSCTL1                 
00000058  BCSCTL2                 
00000053  BCSCTL3                 
0000030c  BTN_VAL                 
0000031a  BTN_VOLTS               
0000ca06  C$$EXIT                 
00000059  CACTL1                  
0000005a  CACTL2                  
000010fb  CALBC1_12MHZ            
000010f9  CALBC1_16MHZ            
000010ff  CALBC1_1MHZ             
000010fd  CALBC1_8MHZ             
000010fa  CALDCO_12MHZ            
000010f8  CALDCO_16MHZ            
000010fe  CALDCO_1MHZ             
000010fc  CALDCO_8MHZ             
0000005b  CAPD                    
00000336  CFG_DATA                
00000306  CURR_SENSOR             
00000056  DCOCTL                  
0000c9a4  DCO_Calib               
00000200  DISP_BUF                
0000030a  DTC_MODE                
0000c9b2  Eyes_Init               
0000c652  Eyes_Set                
00000128  FCTL1                   
0000012a  FCTL2                   
0000012c  FCTL3                   
0000ca12  FLASH_IMAGE_OFFSET      
0000c278  FlashImages             
0000c6de  FlashLoad               
0000c90a  Flash_Read              
0000c920  Flash_Write             
0000c9c0  Flash_Write_End         
0000c8da  Flash_Write_Start       
00000000  IE1                     
00000001  IE2                     
00000002  IFG1                    
00000003  IFG2                    
00000340  MY_ID                   
00000022  P1DIR                   
00000025  P1IE                    
00000024  P1IES                   
00000023  P1IFG                   
00000020  P1IN                    
00000021  P1OUT                   
00000027  P1REN                   
00000026  P1SEL                   
00000041  P1SEL2                  
0000002a  P2DIR                   
0000002d  P2IE                    
0000002c  P2IES                   
0000002b  P2IFG                   
00000028  P2IN                    
00000029  P2OUT                   
0000002f  P2REN                   
0000002e  P2SEL                   
00000042  P2SEL2                  
0000001a  P3DIR                   
00000018  P3IN                    
00000019  P3OUT                   
00000010  P3REN                   
0000001b  P3SEL                   
00000043  P3SEL2                  
00000307  ROW_CNTR                
0000030f  SPI_BYTE_COUNTER        
00000320  SPI_TX_BUF              
00000308  STATUS_VEC              
0000c934  Status_Set              
0000c4fe  T0A0_ISR                
0000c9da  T0A1_ISR                
0000c722  T1A0_ISR                
0000c9e4  T1A1_ISR                
00000172  TA0CCR0                 
00000174  TA0CCR1                 
00000176  TA0CCR2                 
00000162  TA0CCTL0                
00000164  TA0CCTL1                
00000166  TA0CCTL2                
00000160  TA0CTL                  
0000012e  TA0IV                   
00000170  TA0R                    
00000192  TA1CCR0                 
00000194  TA1CCR1                 
00000196  TA1CCR2                 
00000182  TA1CCTL0                
00000184  TA1CCTL1                
00000186  TA1CCTL2                
00000180  TA1CTL                  
0000011e  TA1IV                   
00000190  TA1R                    
0000c852  TIMER_A0_Init           
0000c88e  TIMER_A1_Init           
000010db  TLV_ADC10_1_LEN         
000010da  TLV_ADC10_1_TAG         
000010c0  TLV_CHECKSUM            
000010f7  TLV_DCO_30_LEN          
000010f6  TLV_DCO_30_TAG          
0000030e  TX_ONGOING              
00000305  UART_Available          
00000310  UART_BYTE_COUNTER       
00000322  UART_Buf                
00000304  UART_DOONCE             
0000005d  UCA0ABCTL               
00000062  UCA0BR0                 
00000063  UCA0BR1                 
00000060  UCA0CTL0                
00000061  UCA0CTL1                
0000005f  UCA0IRRCTL              
0000005e  UCA0IRTCTL              
00000064  UCA0MCTL                
00000066  UCA0RXBUF               
00000065  UCA0STAT                
00000067  UCA0TXBUF               
0000006a  UCB0BR0                 
0000006b  UCB0BR1                 
00000068  UCB0CTL0                
00000069  UCB0CTL1                
0000006c  UCB0I2CIE               
00000118  UCB0I2COA               
0000011a  UCB0I2CSA               
0000006e  UCB0RXBUF               
0000006d  UCB0STAT                
0000006f  UCB0TXBUF               
0000c766  USCIAB0RX_ISR           
0000c32a  USCIAB0TX_ISR           
0000c7ce  USCI_A0_Init            
0000c698  USCI_B0_Init            
00000120  WDTCTL                  
0000ca00  WDT_Init                
00000400  __STACK_END             
00000050  __STACK_SIZE            
UNDEFED   __TI_BINIT_Base         
UNDEFED   __TI_BINIT_Limit        
0000ca42  __TI_CINIT_Base         
0000ca4a  __TI_CINIT_Limit        
0000ca38  __TI_Handler_Table_Base 
0000ca3e  __TI_Handler_Table_Limit
UNDEFED   __TI_INITARRAY_Base     
UNDEFED   __TI_INITARRAY_Limit    
0000c9f8  __TI_ISR_TRAP           
0000c3b0  __TI_decompress_lzss    
0000c970  __TI_decompress_none    
0000ffe0  __TI_int00              
0000ffe4  __TI_int02              
0000ffe6  __TI_int03              
0000ffea  __TI_int05              
0000ffec  __TI_int06              
0000ffee  __TI_int07              
0000fff0  __TI_int08              
0000fff2  __TI_int09              
0000fff4  __TI_int10              
0000fff6  __TI_int11              
0000fff8  __TI_int12              
0000fffa  __TI_int13              
0000fffc  __TI_int14              
ffffffff  __TI_pprof_out_hndl     
ffffffff  __TI_prof_data_size     
ffffffff  __TI_prof_data_start    
0000c948  __TI_zero_init          
ffffffff  __c_args__              
0000c9a0  __mspabi_func_epilog_1  
0000c99e  __mspabi_func_epilog_2  
0000c99c  __mspabi_func_epilog_3  
0000c99a  __mspabi_func_epilog_4  
0000c998  __mspabi_func_epilog_5  
0000c996  __mspabi_func_epilog_6  
0000c994  __mspabi_func_epilog_7  
0000c95c  __mspabi_mpyi           
0000c95c  __mspabi_mpyi_sw        
0000c826  __mspabi_slli           
0000c84e  __mspabi_slli_1         
0000c83c  __mspabi_slli_10        
0000c83a  __mspabi_slli_11        
0000c838  __mspabi_slli_12        
0000c836  __mspabi_slli_13        
0000c834  __mspabi_slli_14        
0000c832  __mspabi_slli_15        
0000c84c  __mspabi_slli_2         
0000c84a  __mspabi_slli_3         
0000c848  __mspabi_slli_4         
0000c846  __mspabi_slli_5         
0000c844  __mspabi_slli_6         
0000c842  __mspabi_slli_7         
0000c840  __mspabi_slli_8         
0000c83e  __mspabi_slli_9         
0000c7fa  __mspabi_srai           
0000c822  __mspabi_srai_1         
0000c810  __mspabi_srai_10        
0000c80e  __mspabi_srai_11        
0000c80c  __mspabi_srai_12        
0000c80a  __mspabi_srai_13        
0000c808  __mspabi_srai_14        
0000c806  __mspabi_srai_15        
0000c820  __mspabi_srai_2         
0000c81e  __mspabi_srai_3         
0000c81c  __mspabi_srai_4         
0000c81a  __mspabi_srai_5         
0000c818  __mspabi_srai_6         
0000c816  __mspabi_srai_7         
0000c814  __mspabi_srai_8         
0000c812  __mspabi_srai_9         
0000c5bc  __mspabi_srli           
0000c602  __mspabi_srli_1         
0000c5de  __mspabi_srli_10        
0000c5da  __mspabi_srli_11        
0000c5d6  __mspabi_srli_12        
0000c5d2  __mspabi_srli_13        
0000c5ce  __mspabi_srli_14        
0000c5ca  __mspabi_srli_15        
0000c5fe  __mspabi_srli_2         
0000c5fa  __mspabi_srli_3         
0000c5f6  __mspabi_srli_4         
0000c5f2  __mspabi_srli_5         
0000c5ee  __mspabi_srli_6         
0000c5ea  __mspabi_srli_7         
0000c5e6  __mspabi_srli_8         
0000c5e2  __mspabi_srli_9         
0000c42c  _auto_init              
0000c8a8  _c_int00_noargs_noexit  
0000fffe  _reset_vector           
000003b0  _stack                  
0000ca10  _system_post_cinit      
0000ca0c  _system_pre_init        
0000ca06  abort                   
0000c9ee  abs                     
0000c8f2  clearUARTbuf            
0000c562  copy_in                 
0000c608  findBtn                 
0000c79a  findVolume              
0000c14c  handleUART              
0000030b  index                   
0000c000  main                    
0000c982  memcpy                  
00000284  micData                 
00000312  sensorData              
0000c872  watchdog_timer          


GLOBAL SYMBOLS: SORTED BY Symbol Address 

address   name                    
-------   ----                    
00000000  IE1                     
00000001  IE2                     
00000002  IFG1                    
00000003  IFG2                    
00000010  P3REN                   
00000018  P3IN                    
00000019  P3OUT                   
0000001a  P3DIR                   
0000001b  P3SEL                   
00000020  P1IN                    
00000021  P1OUT                   
00000022  P1DIR                   
00000023  P1IFG                   
00000024  P1IES                   
00000025  P1IE                    
00000026  P1SEL                   
00000027  P1REN                   
00000028  P2IN                    
00000029  P2OUT                   
0000002a  P2DIR                   
0000002b  P2IFG                   
0000002c  P2IES                   
0000002d  P2IE                    
0000002e  P2SEL                   
0000002f  P2REN                   
00000041  P1SEL2                  
00000042  P2SEL2                  
00000043  P3SEL2                  
00000048  ADC10DTC0               
00000049  ADC10DTC1               
0000004a  ADC10AE0                
00000050  __STACK_SIZE            
00000053  BCSCTL3                 
00000056  DCOCTL                  
00000057  BCSCTL1                 
00000058  BCSCTL2                 
00000059  CACTL1                  
0000005a  CACTL2                  
0000005b  CAPD                    
0000005d  UCA0ABCTL               
0000005e  UCA0IRTCTL              
0000005f  UCA0IRRCTL              
00000060  UCA0CTL0                
00000061  UCA0CTL1                
00000062  UCA0BR0                 
00000063  UCA0BR1                 
00000064  UCA0MCTL                
00000065  UCA0STAT                
00000066  UCA0RXBUF               
00000067  UCA0TXBUF               
00000068  UCB0CTL0                
00000069  UCB0CTL1                
0000006a  UCB0BR0                 
0000006b  UCB0BR1                 
0000006c  UCB0I2CIE               
0000006d  UCB0STAT                
0000006e  UCB0RXBUF               
0000006f  UCB0TXBUF               
00000118  UCB0I2COA               
0000011a  UCB0I2CSA               
0000011e  TA1IV                   
00000120  WDTCTL                  
00000128  FCTL1                   
0000012a  FCTL2                   
0000012c  FCTL3                   
0000012e  TA0IV                   
00000160  TA0CTL                  
00000162  TA0CCTL0                
00000164  TA0CCTL1                
00000166  TA0CCTL2                
00000170  TA0R                    
00000172  TA0CCR0                 
00000174  TA0CCR1                 
00000176  TA0CCR2                 
00000180  TA1CTL                  
00000182  TA1CCTL0                
00000184  TA1CCTL1                
00000186  TA1CCTL2                
00000190  TA1R                    
00000192  TA1CCR0                 
00000194  TA1CCR1                 
00000196  TA1CCR2                 
000001b0  ADC10CTL0               
000001b2  ADC10CTL1               
000001b4  ADC10MEM                
000001bc  ADC10SA                 
00000200  DISP_BUF                
00000284  micData                 
00000304  UART_DOONCE             
00000305  UART_Available          
00000306  CURR_SENSOR             
00000307  ROW_CNTR                
00000308  STATUS_VEC              
0000030a  DTC_MODE                
0000030b  index                   
0000030c  BTN_VAL                 
0000030e  TX_ONGOING              
0000030f  SPI_BYTE_COUNTER        
00000310  UART_BYTE_COUNTER       
00000312  sensorData              
0000031a  BTN_VOLTS               
00000320  SPI_TX_BUF              
00000322  UART_Buf                
00000336  CFG_DATA                
00000340  MY_ID                   
000003b0  _stack                  
00000400  __STACK_END             
000010c0  TLV_CHECKSUM            
000010da  TLV_ADC10_1_TAG         
000010db  TLV_ADC10_1_LEN         
000010f6  TLV_DCO_30_TAG          
000010f7  TLV_DCO_30_LEN          
000010f8  CALDCO_16MHZ            
000010f9  CALBC1_16MHZ            
000010fa  CALDCO_12MHZ            
000010fb  CALBC1_12MHZ            
000010fc  CALDCO_8MHZ             
000010fd  CALBC1_8MHZ             
000010fe  CALDCO_1MHZ             
000010ff  CALBC1_1MHZ             
0000c000  main                    
0000c14c  handleUART              
0000c278  FlashImages             
0000c32a  USCIAB0TX_ISR           
0000c3b0  __TI_decompress_lzss    
0000c42c  _auto_init              
0000c49a  ADC10_ISR               
0000c4fe  T0A0_ISR                
0000c562  copy_in                 
0000c5bc  __mspabi_srli           
0000c5ca  __mspabi_srli_15        
0000c5ce  __mspabi_srli_14        
0000c5d2  __mspabi_srli_13        
0000c5d6  __mspabi_srli_12        
0000c5da  __mspabi_srli_11        
0000c5de  __mspabi_srli_10        
0000c5e2  __mspabi_srli_9         
0000c5e6  __mspabi_srli_8         
0000c5ea  __mspabi_srli_7         
0000c5ee  __mspabi_srli_6         
0000c5f2  __mspabi_srli_5         
0000c5f6  __mspabi_srli_4         
0000c5fa  __mspabi_srli_3         
0000c5fe  __mspabi_srli_2         
0000c602  __mspabi_srli_1         
0000c608  findBtn                 
0000c652  Eyes_Set                
0000c698  USCI_B0_Init            
0000c6de  FlashLoad               
0000c722  T1A0_ISR                
0000c766  USCIAB0RX_ISR           
0000c79a  findVolume              
0000c7ce  USCI_A0_Init            
0000c7fa  __mspabi_srai           
0000c806  __mspabi_srai_15        
0000c808  __mspabi_srai_14        
0000c80a  __mspabi_srai_13        
0000c80c  __mspabi_srai_12        
0000c80e  __mspabi_srai_11        
0000c810  __mspabi_srai_10        
0000c812  __mspabi_srai_9         
0000c814  __mspabi_srai_8         
0000c816  __mspabi_srai_7         
0000c818  __mspabi_srai_6         
0000c81a  __mspabi_srai_5         
0000c81c  __mspabi_srai_4         
0000c81e  __mspabi_srai_3         
0000c820  __mspabi_srai_2         
0000c822  __mspabi_srai_1         
0000c826  __mspabi_slli           
0000c832  __mspabi_slli_15        
0000c834  __mspabi_slli_14        
0000c836  __mspabi_slli_13        
0000c838  __mspabi_slli_12        
0000c83a  __mspabi_slli_11        
0000c83c  __mspabi_slli_10        
0000c83e  __mspabi_slli_9         
0000c840  __mspabi_slli_8         
0000c842  __mspabi_slli_7         
0000c844  __mspabi_slli_6         
0000c846  __mspabi_slli_5         
0000c848  __mspabi_slli_4         
0000c84a  __mspabi_slli_3         
0000c84c  __mspabi_slli_2         
0000c84e  __mspabi_slli_1         
0000c852  TIMER_A0_Init           
0000c872  watchdog_timer          
0000c88e  TIMER_A1_Init           
0000c8a8  _c_int00_noargs_noexit  
0000c8c2  ADC10_Init_BTN          
0000c8da  Flash_Write_Start       
0000c8f2  clearUARTbuf            
0000c90a  Flash_Read              
0000c920  Flash_Write             
0000c934  Status_Set              
0000c948  __TI_zero_init          
0000c95c  __mspabi_mpyi           
0000c95c  __mspabi_mpyi_sw        
0000c970  __TI_decompress_none    
0000c982  memcpy                  
0000c994  __mspabi_func_epilog_7  
0000c996  __mspabi_func_epilog_6  
0000c998  __mspabi_func_epilog_5  
0000c99a  __mspabi_func_epilog_4  
0000c99c  __mspabi_func_epilog_3  
0000c99e  __mspabi_func_epilog_2  
0000c9a0  __mspabi_func_epilog_1  
0000c9a4  DCO_Calib               
0000c9b2  Eyes_Init               
0000c9c0  Flash_Write_End         
0000c9ce  ADC10_Init              
0000c9da  T0A1_ISR                
0000c9e4  T1A1_ISR                
0000c9ee  abs                     
0000c9f8  __TI_ISR_TRAP           
0000ca00  WDT_Init                
0000ca06  C$$EXIT                 
0000ca06  abort                   
0000ca0c  _system_pre_init        
0000ca10  _system_post_cinit      
0000ca12  FLASH_IMAGE_OFFSET      
0000ca38  __TI_Handler_Table_Base 
0000ca3e  __TI_Handler_Table_Limit
0000ca42  __TI_CINIT_Base         
0000ca4a  __TI_CINIT_Limit        
0000ffe0  __TI_int00              
0000ffe4  __TI_int02              
0000ffe6  __TI_int03              
0000ffea  __TI_int05              
0000ffec  __TI_int06              
0000ffee  __TI_int07              
0000fff0  __TI_int08              
0000fff2  __TI_int09              
0000fff4  __TI_int10              
0000fff6  __TI_int11              
0000fff8  __TI_int12              
0000fffa  __TI_int13              
0000fffc  __TI_int14              
0000fffe  _reset_vector           
ffffffff  __TI_pprof_out_hndl     
ffffffff  __TI_prof_data_size     
ffffffff  __TI_prof_data_start    
ffffffff  __c_args__              
UNDEFED   __TI_BINIT_Base         
UNDEFED   __TI_BINIT_Limit        
UNDEFED   __TI_INITARRAY_Base     
UNDEFED   __TI_INITARRAY_Limit    

[247 symbols]
