******************************************************************************
                  MSP430 Linker PC v16.9.4                     
******************************************************************************
>> Linked Tue May 07 22:55:20 2019

OUTPUT FILE NAME:   <MSP430_Kretsn_V3.out>
ENTRY POINT SYMBOL: "_c_int00_noargs_noexit"  address: 0000c6e0


MEMORY CONFIGURATION

         name            origin    length      used     unused   attr    fill
----------------------  --------  ---------  --------  --------  ----  --------
  SFR                   00000000   00000010  00000000  00000010  RWIX
  PERIPHERALS_8BIT      00000010   000000f0  00000000  000000f0  RWIX
  PERIPHERALS_16BIT     00000100   00000100  00000000  00000100  RWIX
  RAM                   00000200   00000200  000000b1  0000014f  RWIX
  INFOD                 00001000   00000040  00000000  00000040  RWIX
  INFOC                 00001040   00000040  00000000  00000040  RWIX
  INFOB                 00001080   00000040  00000000  00000040  RWIX
  INFOA                 000010c0   00000040  00000000  00000040  RWIX
  FLASH                 0000c000   00002e00  0000081a  000025e6  RWIX
  IMGFLASH              0000ee00   00001000  00000000  00001000  RWIX
  BSLSIGNATURE          0000ffde   00000002  00000002  00000000  RWIX  ffff 
  INT00                 0000ffe0   00000002  00000002  00000000  RWIX
  INT01                 0000ffe2   00000002  00000000  00000002  RWIX
  INT02                 0000ffe4   00000002  00000002  00000000  RWIX
  INT03                 0000ffe6   00000002  00000002  00000000  RWIX
  INT04                 0000ffe8   00000002  00000000  00000002  RWIX
  INT05                 0000ffea   00000002  00000002  00000000  RWIX
  INT06                 0000ffec   00000002  00000002  00000000  RWIX
  INT07                 0000ffee   00000002  00000002  00000000  RWIX
  INT08                 0000fff0   00000002  00000002  00000000  RWIX
  INT09                 0000fff2   00000002  00000002  00000000  RWIX
  INT10                 0000fff4   00000002  00000002  00000000  RWIX
  INT11                 0000fff6   00000002  00000002  00000000  RWIX
  INT12                 0000fff8   00000002  00000002  00000000  RWIX
  INT13                 0000fffa   00000002  00000002  00000000  RWIX
  INT14                 0000fffc   00000002  00000002  00000000  RWIX
  RESET                 0000fffe   00000002  00000002  00000000  RWIX


SECTION ALLOCATION MAP

 output                                  attributes/
section   page    origin      length       input sections
--------  ----  ----------  ----------   ----------------
.bss       0    00000200    0000004f     UNINITIALIZED
                  00000200    00000046     (.common:UART_Buf)
                  00000246    00000008     (.common:img)
                  0000024e    00000001     main.obj (.bss)

.data      0    00000250    00000012     UNINITIALIZED
                  00000250    00000012     main.obj (.data)

.stack     0    000003b0    00000050     UNINITIALIZED
                  000003b0    00000002     rts430_eabi.lib : boot.obj (.stack)
                  000003b2    0000004e     --HOLE--

.text      0    0000c000    000007fe     
                  0000c000    000000d4     main.obj (.text:main)
                  0000c0d4    0000008c     main.obj (.text:USCIAB0RX_ISR)
                  0000c160    00000080     main.obj (.text:ADC10_ISR)
                  0000c1e0    0000007c     rts430_eabi.lib : copy_decompress_lzss.obj (.text:decompress:lzss:__TI_decompress_lzss)
                  0000c25c    0000006e                     : autoinit.obj (.text:_auto_init)
                  0000c2ca    0000006c     main.obj (.text:handleUART)
                  0000c336    00000064     main.obj (.text:T1A0_ISR)
                  0000c39a    0000005a     rts430_eabi.lib : cpy_tbl.obj (.text:copy_in)
                  0000c3f4    00000050     main.obj (.text:Flash_Write)
                  0000c444    0000004c     main.obj (.text:USCI_B0_Init)
                  0000c490    0000004c     rts430_eabi.lib : lsr16.obj (.text)
                  0000c4dc    0000004a     main.obj (.text:Flash_Load_Descriptor)
                  0000c526    00000046     main.obj (.text:Eyes_Set)
                  0000c56c    0000002e     main.obj (.text:Status_Set)
                  0000c59a    0000002c     main.obj (.text:Flash_Erase_Images)
                  0000c5c6    0000002c     main.obj (.text:USCI_A0_Init)
                  0000c5f2    0000002c     rts430_eabi.lib : lsl16.obj (.text)
                  0000c61e    00000028     main.obj (.text:USCIAB0TX_ISR)
                  0000c646    00000022     main.obj (.text:DCO_Calib)
                  0000c668    00000020     main.obj (.text:Flash_Count_Descriptors)
                  0000c688    00000020     main.obj (.text:TIMER_A1_Init)
                  0000c6a8    0000001c     main.obj (.text:Flash_Erase_Descriptors)
                  0000c6c4    0000001c     main.obj (.text:watchdog_timer)
                  0000c6e0    0000001a     rts430_eabi.lib : boot_special.obj (.text:_c_int00_noargs_noexit)
                  0000c6fa    00000018     main.obj (.text:ADC10_Init_BTN)
                  0000c712    00000018     main.obj (.text:inDescMem)
                  0000c72a    00000018     main.obj (.text:inImgMem)
                  0000c742    00000014     rts430_eabi.lib : copy_zero_init.obj (.text:decompress:ZI:__TI_zero_init)
                  0000c756    00000014                     : mult16.obj (.text)
                  0000c76a    00000012                     : copy_decompress_none.obj (.text:decompress:none:__TI_decompress_none)
                  0000c77c    00000012                     : memcpy.obj (.text:memcpy)
                  0000c78e    00000010                     : epilog.obj (.text)
                  0000c79e    0000000e     main.obj (.text:Eyes_Init)
                  0000c7ac    0000000c     main.obj (.text:clearUARTbuf)
                  0000c7b8    0000000a     main.obj (.text:ADC10_Init)
                  0000c7c2    0000000a     main.obj (.text:T0A1_ISR)
                  0000c7cc    0000000a     main.obj (.text:T1A1_ISR)
                  0000c7d6    0000000a     rts430_eabi.lib : abs.obj (.text:abs)
                  0000c7e0    00000008                     : isr_trap.obj (.text:_isr:__TI_ISR_TRAP)
                  0000c7e8    00000006     main.obj (.text:WDT_Init)
                  0000c7ee    00000006     rts430_eabi.lib : exit.obj (.text:abort)
                  0000c7f4    00000004                     : pre_init.obj (.text:_system_pre_init)
                  0000c7f8    00000002     main.obj (.text:Port_1)
                  0000c7fa    00000002     main.obj (.text:T0A0_ISR)
                  0000c7fc    00000002     rts430_eabi.lib : startup.obj (.text:_system_post_cinit)

.cinit     0    0000c7fe    0000001c     
                  0000c7fe    0000000a     (.cinit..data.load) [load image, compression = lzss]
                  0000c808    00000006     (__TI_handler_table)
                  0000c80e    00000004     (.cinit..bss.load) [load image, compression = zero_init]
                  0000c812    00000008     (__TI_cinit_table)

.binit     0    0000c000    00000000     

.init_array 
*          0    0000c000    00000000     UNINITIALIZED

$fill000   0    0000ffde    00000002     
                  0000ffde    00000002     --HOLE-- [fill = ffff]

TRAPINT    0    0000ffe0    00000002     
                  0000ffe0    00000002     rts430_eabi.lib : int00.obj (.int00)

PORT1      0    0000ffe4    00000002     
                  0000ffe4    00000002     main.obj (.int02)

PORT2      0    0000ffe6    00000002     
                  0000ffe6    00000002     rts430_eabi.lib : int03.obj (.int03)

ADC10      0    0000ffea    00000002     
                  0000ffea    00000002     main.obj (.int05)

USCIAB0TX 
*          0    0000ffec    00000002     
                  0000ffec    00000002     main.obj (.int06)

USCIAB0RX 
*          0    0000ffee    00000002     
                  0000ffee    00000002     main.obj (.int07)

TIMER0_A1 
*          0    0000fff0    00000002     
                  0000fff0    00000002     main.obj (.int08)

TIMER0_A0 
*          0    0000fff2    00000002     
                  0000fff2    00000002     main.obj (.int09)

WDT        0    0000fff4    00000002     
                  0000fff4    00000002     main.obj (.int10)

COMPARATORA 
*          0    0000fff6    00000002     
                  0000fff6    00000002     rts430_eabi.lib : int11.obj (.int11)

TIMER1_A1 
*          0    0000fff8    00000002     
                  0000fff8    00000002     main.obj (.int12)

TIMER1_A0 
*          0    0000fffa    00000002     
                  0000fffa    00000002     main.obj (.int13)

NMI        0    0000fffc    00000002     
                  0000fffc    00000002     rts430_eabi.lib : int14.obj (.int14)

.reset     0    0000fffe    00000002     
                  0000fffe    00000002     rts430_eabi.lib : boot.obj (.reset)

MODULE SUMMARY

       Module                     code   ro data   rw data
       ------                     ----   -------   -------
    .\
       main.obj                   1454   18        97     
    +--+--------------------------+------+---------+---------+
       Total:                     1454   18        97     
                                                          
    C:\ti\ccsv7\tools\compiler\ti-cgt-msp430_16.9.4.LTS\lib\rts430_eabi.lib
       copy_decompress_lzss.obj   124    0         0      
       autoinit.obj               110    0         0      
       cpy_tbl.obj                90     0         0      
       lsr16.obj                  76     0         0      
       lsl16.obj                  44     0         0      
       boot_special.obj           26     0         0      
       copy_zero_init.obj         20     0         0      
       mult16.obj                 20     0         0      
       copy_decompress_none.obj   18     0         0      
       memcpy.obj                 18     0         0      
       epilog.obj                 16     0         0      
       abs.obj                    10     0         0      
       isr_trap.obj               8      0         0      
       exit.obj                   6      0         0      
       pre_init.obj               4      0         0      
       boot.obj                   0      2         0      
       int00.obj                  0      2         0      
       int03.obj                  0      2         0      
       int11.obj                  0      2         0      
       int14.obj                  0      2         0      
       startup.obj                2      0         0      
    +--+--------------------------+------+---------+---------+
       Total:                     592    10        0      
                                                          
       Stack:                     0      0         80     
       Linker Generated:          0      28        0      
    +--+--------------------------+------+---------+---------+
       Grand Total:               2046   56        177    


LINKER GENERATED COPY TABLES

__TI_cinit_table @ 0000c812 records: 2, size/record: 4, table size: 8
	.data: load addr=0000c7fe, load size=0000000a bytes, run addr=00000250, run size=00000012 bytes, compression=lzss
	.bss: load addr=0000c80e, load size=00000004 bytes, run addr=00000200, run size=0000004f bytes, compression=zero_init


LINKER GENERATED HANDLER TABLE

__TI_handler_table @ 0000c808 records: 3, size/record: 2, table size: 6
	index: 0, handler: __TI_zero_init
	index: 1, handler: __TI_decompress_lzss
	index: 2, handler: __TI_decompress_none


GLOBAL SYMBOLS: SORTED ALPHABETICALLY BY Name 

address   name                    
-------   ----                    
0000004a  ADC10AE0                
000001b0  ADC10CTL0               
000001b2  ADC10CTL1               
00000048  ADC10DTC0               
00000049  ADC10DTC1               
000001b4  ADC10MEM                
000001bc  ADC10SA                 
0000c160  ADC10_ISR               
0000c7b8  ADC10_Init              
0000c6fa  ADC10_Init_BTN          
00000057  BCSCTL1                 
00000058  BCSCTL2                 
00000053  BCSCTL3                 
0000025e  BYTE_CNTR               
0000c7ee  C$$EXIT                 
00000059  CACTL1                  
0000005a  CACTL2                  
000010fb  CALBC1_12MHZ            
000010f9  CALBC1_16MHZ            
000010ff  CALBC1_1MHZ             
000010fd  CALBC1_8MHZ             
000010fa  CALDCO_12MHZ            
000010f8  CALDCO_16MHZ            
000010fe  CALDCO_1MHZ             
000010fc  CALDCO_8MHZ             
0000005b  CAPD                    
00000056  DCOCTL                  
0000c646  DCO_Calib               
0000c79e  Eyes_Init               
0000c526  Eyes_Set                
00000128  FCTL1                   
0000012a  FCTL2                   
0000012c  FCTL3                   
00000254  FRAME_CNTR              
00000256  FRAME_OFFS              
0000c668  Flash_Count_Descriptors 
0000c6a8  Flash_Erase_Descriptors 
0000c59a  Flash_Erase_Images      
0000c4dc  Flash_Load_Descriptor   
0000c3f4  Flash_Write             
00000000  IE1                     
00000001  IE2                     
00000002  IFG1                    
00000003  IFG2                    
00000022  P1DIR                   
00000025  P1IE                    
00000024  P1IES                   
00000023  P1IFG                   
00000020  P1IN                    
00000021  P1OUT                   
00000027  P1REN                   
00000026  P1SEL                   
00000041  P1SEL2                  
0000002a  P2DIR                   
0000002d  P2IE                    
0000002c  P2IES                   
0000002b  P2IFG                   
00000028  P2IN                    
00000029  P2OUT                   
0000002f  P2REN                   
0000002e  P2SEL                   
00000042  P2SEL2                  
0000001a  P3DIR                   
00000018  P3IN                    
00000019  P3OUT                   
00000010  P3REN                   
0000001b  P3SEL                   
00000043  P3SEL2                  
0000c7f8  Port_1                  
00000258  STATUS_VEC              
0000c56c  Status_Set              
0000c7fa  T0A0_ISR                
0000c7c2  T0A1_ISR                
0000c336  T1A0_ISR                
0000c7cc  T1A1_ISR                
00000172  TA0CCR0                 
00000174  TA0CCR1                 
00000176  TA0CCR2                 
00000162  TA0CCTL0                
00000164  TA0CCTL1                
00000166  TA0CCTL2                
00000160  TA0CTL                  
0000012e  TA0IV                   
00000170  TA0R                    
00000192  TA1CCR0                 
00000194  TA1CCR1                 
00000196  TA1CCR2                 
00000182  TA1CCTL0                
00000184  TA1CCTL1                
00000186  TA1CCTL2                
00000180  TA1CTL                  
0000011e  TA1IV                   
00000190  TA1R                    
0000c688  TIMER_A1_Init           
000010db  TLV_ADC10_1_LEN         
000010da  TLV_ADC10_1_TAG         
000010c0  TLV_CHECKSUM            
000010f7  TLV_DCO_30_LEN          
000010f6  TLV_DCO_30_TAG          
00000252  UART_Available          
0000025c  UART_BYTE_CNTR          
00000200  UART_Buf                
00000251  UART_DOONCE             
0000005d  UCA0ABCTL               
00000062  UCA0BR0                 
00000063  UCA0BR1                 
00000060  UCA0CTL0                
00000061  UCA0CTL1                
0000005f  UCA0IRRCTL              
0000005e  UCA0IRTCTL              
00000064  UCA0MCTL                
00000066  UCA0RXBUF               
00000065  UCA0STAT                
00000067  UCA0TXBUF               
0000006a  UCB0BR0                 
0000006b  UCB0BR1                 
00000068  UCB0CTL0                
00000069  UCB0CTL1                
0000006c  UCB0I2CIE               
00000118  UCB0I2COA               
0000011a  UCB0I2CSA               
0000006e  UCB0RXBUF               
0000006d  UCB0STAT                
0000006f  UCB0TXBUF               
0000c0d4  USCIAB0RX_ISR           
0000c61e  USCIAB0TX_ISR           
0000c5c6  USCI_A0_Init            
0000c444  USCI_B0_Init            
00000120  WDTCTL                  
0000c7e8  WDT_Init                
00000400  __STACK_END             
00000050  __STACK_SIZE            
UNDEFED   __TI_BINIT_Base         
UNDEFED   __TI_BINIT_Limit        
0000c812  __TI_CINIT_Base         
0000c81a  __TI_CINIT_Limit        
0000c808  __TI_Handler_Table_Base 
0000c80e  __TI_Handler_Table_Limit
UNDEFED   __TI_INITARRAY_Base     
UNDEFED   __TI_INITARRAY_Limit    
0000c7e0  __TI_ISR_TRAP           
0000c1e0  __TI_decompress_lzss    
0000c76a  __TI_decompress_none    
0000ffe0  __TI_int00              
0000ffe4  __TI_int02              
0000ffe6  __TI_int03              
0000ffea  __TI_int05              
0000ffec  __TI_int06              
0000ffee  __TI_int07              
0000fff0  __TI_int08              
0000fff2  __TI_int09              
0000fff4  __TI_int10              
0000fff6  __TI_int11              
0000fff8  __TI_int12              
0000fffa  __TI_int13              
0000fffc  __TI_int14              
ffffffff  __TI_pprof_out_hndl     
ffffffff  __TI_prof_data_size     
ffffffff  __TI_prof_data_start    
0000c742  __TI_zero_init          
ffffffff  __c_args__              
0000c79a  __mspabi_func_epilog_1  
0000c798  __mspabi_func_epilog_2  
0000c796  __mspabi_func_epilog_3  
0000c794  __mspabi_func_epilog_4  
0000c792  __mspabi_func_epilog_5  
0000c790  __mspabi_func_epilog_6  
0000c78e  __mspabi_func_epilog_7  
0000c756  __mspabi_mpyi           
0000c756  __mspabi_mpyi_sw        
0000c5f2  __mspabi_slli           
0000c61a  __mspabi_slli_1         
0000c608  __mspabi_slli_10        
0000c606  __mspabi_slli_11        
0000c604  __mspabi_slli_12        
0000c602  __mspabi_slli_13        
0000c600  __mspabi_slli_14        
0000c5fe  __mspabi_slli_15        
0000c618  __mspabi_slli_2         
0000c616  __mspabi_slli_3         
0000c614  __mspabi_slli_4         
0000c612  __mspabi_slli_5         
0000c610  __mspabi_slli_6         
0000c60e  __mspabi_slli_7         
0000c60c  __mspabi_slli_8         
0000c60a  __mspabi_slli_9         
0000c490  __mspabi_srli           
0000c4d6  __mspabi_srli_1         
0000c4b2  __mspabi_srli_10        
0000c4ae  __mspabi_srli_11        
0000c4aa  __mspabi_srli_12        
0000c4a6  __mspabi_srli_13        
0000c4a2  __mspabi_srli_14        
0000c49e  __mspabi_srli_15        
0000c4d2  __mspabi_srli_2         
0000c4ce  __mspabi_srli_3         
0000c4ca  __mspabi_srli_4         
0000c4c6  __mspabi_srli_5         
0000c4c2  __mspabi_srli_6         
0000c4be  __mspabi_srli_7         
0000c4ba  __mspabi_srli_8         
0000c4b6  __mspabi_srli_9         
0000c25c  _auto_init              
0000c6e0  _c_int00_noargs_noexit  
0000fffe  _reset_vector           
000003b0  _stack                  
0000c7fc  _system_post_cinit      
0000c7f4  _system_pre_init        
0000c7ee  abort                   
0000c7d6  abs                     
00000250  btnIndex                
0000025b  buttonreleased          
0000c7ac  clearUARTbuf            
0000c39a  copy_in                 
0000c2ca  handleUART              
00000246  img                     
0000c712  inDescMem               
0000c72a  inImgMem                
0000c000  main                    
0000c77c  memcpy                  
0000025a  n_descriptors           
0000c6c4  watchdog_timer          


GLOBAL SYMBOLS: SORTED BY Symbol Address 

address   name                    
-------   ----                    
00000000  IE1                     
00000001  IE2                     
00000002  IFG1                    
00000003  IFG2                    
00000010  P3REN                   
00000018  P3IN                    
00000019  P3OUT                   
0000001a  P3DIR                   
0000001b  P3SEL                   
00000020  P1IN                    
00000021  P1OUT                   
00000022  P1DIR                   
00000023  P1IFG                   
00000024  P1IES                   
00000025  P1IE                    
00000026  P1SEL                   
00000027  P1REN                   
00000028  P2IN                    
00000029  P2OUT                   
0000002a  P2DIR                   
0000002b  P2IFG                   
0000002c  P2IES                   
0000002d  P2IE                    
0000002e  P2SEL                   
0000002f  P2REN                   
00000041  P1SEL2                  
00000042  P2SEL2                  
00000043  P3SEL2                  
00000048  ADC10DTC0               
00000049  ADC10DTC1               
0000004a  ADC10AE0                
00000050  __STACK_SIZE            
00000053  BCSCTL3                 
00000056  DCOCTL                  
00000057  BCSCTL1                 
00000058  BCSCTL2                 
00000059  CACTL1                  
0000005a  CACTL2                  
0000005b  CAPD                    
0000005d  UCA0ABCTL               
0000005e  UCA0IRTCTL              
0000005f  UCA0IRRCTL              
00000060  UCA0CTL0                
00000061  UCA0CTL1                
00000062  UCA0BR0                 
00000063  UCA0BR1                 
00000064  UCA0MCTL                
00000065  UCA0STAT                
00000066  UCA0RXBUF               
00000067  UCA0TXBUF               
00000068  UCB0CTL0                
00000069  UCB0CTL1                
0000006a  UCB0BR0                 
0000006b  UCB0BR1                 
0000006c  UCB0I2CIE               
0000006d  UCB0STAT                
0000006e  UCB0RXBUF               
0000006f  UCB0TXBUF               
00000118  UCB0I2COA               
0000011a  UCB0I2CSA               
0000011e  TA1IV                   
00000120  WDTCTL                  
00000128  FCTL1                   
0000012a  FCTL2                   
0000012c  FCTL3                   
0000012e  TA0IV                   
00000160  TA0CTL                  
00000162  TA0CCTL0                
00000164  TA0CCTL1                
00000166  TA0CCTL2                
00000170  TA0R                    
00000172  TA0CCR0                 
00000174  TA0CCR1                 
00000176  TA0CCR2                 
00000180  TA1CTL                  
00000182  TA1CCTL0                
00000184  TA1CCTL1                
00000186  TA1CCTL2                
00000190  TA1R                    
00000192  TA1CCR0                 
00000194  TA1CCR1                 
00000196  TA1CCR2                 
000001b0  ADC10CTL0               
000001b2  ADC10CTL1               
000001b4  ADC10MEM                
000001bc  ADC10SA                 
00000200  UART_Buf                
00000246  img                     
00000250  btnIndex                
00000251  UART_DOONCE             
00000252  UART_Available          
00000254  FRAME_CNTR              
00000256  FRAME_OFFS              
00000258  STATUS_VEC              
0000025a  n_descriptors           
0000025b  buttonreleased          
0000025c  UART_BYTE_CNTR          
0000025e  BYTE_CNTR               
000003b0  _stack                  
00000400  __STACK_END             
000010c0  TLV_CHECKSUM            
000010da  TLV_ADC10_1_TAG         
000010db  TLV_ADC10_1_LEN         
000010f6  TLV_DCO_30_TAG          
000010f7  TLV_DCO_30_LEN          
000010f8  CALDCO_16MHZ            
000010f9  CALBC1_16MHZ            
000010fa  CALDCO_12MHZ            
000010fb  CALBC1_12MHZ            
000010fc  CALDCO_8MHZ             
000010fd  CALBC1_8MHZ             
000010fe  CALDCO_1MHZ             
000010ff  CALBC1_1MHZ             
0000c000  main                    
0000c0d4  USCIAB0RX_ISR           
0000c160  ADC10_ISR               
0000c1e0  __TI_decompress_lzss    
0000c25c  _auto_init              
0000c2ca  handleUART              
0000c336  T1A0_ISR                
0000c39a  copy_in                 
0000c3f4  Flash_Write             
0000c444  USCI_B0_Init            
0000c490  __mspabi_srli           
0000c49e  __mspabi_srli_15        
0000c4a2  __mspabi_srli_14        
0000c4a6  __mspabi_srli_13        
0000c4aa  __mspabi_srli_12        
0000c4ae  __mspabi_srli_11        
0000c4b2  __mspabi_srli_10        
0000c4b6  __mspabi_srli_9         
0000c4ba  __mspabi_srli_8         
0000c4be  __mspabi_srli_7         
0000c4c2  __mspabi_srli_6         
0000c4c6  __mspabi_srli_5         
0000c4ca  __mspabi_srli_4         
0000c4ce  __mspabi_srli_3         
0000c4d2  __mspabi_srli_2         
0000c4d6  __mspabi_srli_1         
0000c4dc  Flash_Load_Descriptor   
0000c526  Eyes_Set                
0000c56c  Status_Set              
0000c59a  Flash_Erase_Images      
0000c5c6  USCI_A0_Init            
0000c5f2  __mspabi_slli           
0000c5fe  __mspabi_slli_15        
0000c600  __mspabi_slli_14        
0000c602  __mspabi_slli_13        
0000c604  __mspabi_slli_12        
0000c606  __mspabi_slli_11        
0000c608  __mspabi_slli_10        
0000c60a  __mspabi_slli_9         
0000c60c  __mspabi_slli_8         
0000c60e  __mspabi_slli_7         
0000c610  __mspabi_slli_6         
0000c612  __mspabi_slli_5         
0000c614  __mspabi_slli_4         
0000c616  __mspabi_slli_3         
0000c618  __mspabi_slli_2         
0000c61a  __mspabi_slli_1         
0000c61e  USCIAB0TX_ISR           
0000c646  DCO_Calib               
0000c668  Flash_Count_Descriptors 
0000c688  TIMER_A1_Init           
0000c6a8  Flash_Erase_Descriptors 
0000c6c4  watchdog_timer          
0000c6e0  _c_int00_noargs_noexit  
0000c6fa  ADC10_Init_BTN          
0000c712  inDescMem               
0000c72a  inImgMem                
0000c742  __TI_zero_init          
0000c756  __mspabi_mpyi           
0000c756  __mspabi_mpyi_sw        
0000c76a  __TI_decompress_none    
0000c77c  memcpy                  
0000c78e  __mspabi_func_epilog_7  
0000c790  __mspabi_func_epilog_6  
0000c792  __mspabi_func_epilog_5  
0000c794  __mspabi_func_epilog_4  
0000c796  __mspabi_func_epilog_3  
0000c798  __mspabi_func_epilog_2  
0000c79a  __mspabi_func_epilog_1  
0000c79e  Eyes_Init               
0000c7ac  clearUARTbuf            
0000c7b8  ADC10_Init              
0000c7c2  T0A1_ISR                
0000c7cc  T1A1_ISR                
0000c7d6  abs                     
0000c7e0  __TI_ISR_TRAP           
0000c7e8  WDT_Init                
0000c7ee  C$$EXIT                 
0000c7ee  abort                   
0000c7f4  _system_pre_init        
0000c7f8  Port_1                  
0000c7fa  T0A0_ISR                
0000c7fc  _system_post_cinit      
0000c808  __TI_Handler_Table_Base 
0000c80e  __TI_Handler_Table_Limit
0000c812  __TI_CINIT_Base         
0000c81a  __TI_CINIT_Limit        
0000ffe0  __TI_int00              
0000ffe4  __TI_int02              
0000ffe6  __TI_int03              
0000ffea  __TI_int05              
0000ffec  __TI_int06              
0000ffee  __TI_int07              
0000fff0  __TI_int08              
0000fff2  __TI_int09              
0000fff4  __TI_int10              
0000fff6  __TI_int11              
0000fff8  __TI_int12              
0000fffa  __TI_int13              
0000fffc  __TI_int14              
0000fffe  _reset_vector           
ffffffff  __TI_pprof_out_hndl     
ffffffff  __TI_prof_data_size     
ffffffff  __TI_prof_data_start    
ffffffff  __c_args__              
UNDEFED   __TI_BINIT_Base         
UNDEFED   __TI_BINIT_Limit        
UNDEFED   __TI_INITARRAY_Base     
UNDEFED   __TI_INITARRAY_Limit    

[222 symbols]
