******************************************************************************
                  MSP430 Linker PC v16.9.4                     
******************************************************************************
>> Linked Fri Aug 23 18:32:52 2019

OUTPUT FILE NAME:   <MSP430_Kretsn_V3.out>
ENTRY POINT SYMBOL: "_c_int00_noargs_noexit"  address: 0000c9a6


MEMORY CONFIGURATION

         name            origin    length      used     unused   attr    fill
----------------------  --------  ---------  --------  --------  ----  --------
  SFR                   00000000   00000010  00000000  00000010  RWIX
  PERIPHERALS_8BIT      00000010   000000f0  00000000  000000f0  RWIX
  PERIPHERALS_16BIT     00000100   00000100  00000000  00000100  RWIX
  RAM                   00000200   00000200  000000bd  00000143  RWIX
  INFOD                 00001000   00000040  00000000  00000040  RWIX
  INFOC                 00001040   00000040  00000000  00000040  RWIX
  INFOB                 00001080   00000040  00000000  00000040  RWIX
  INFOA                 000010c0   00000040  00000000  00000040  RWIX
  FLASH                 0000c000   00002e00  00000bb2  0000224e  RWIX
  IMGFLASH              0000ee00   00001000  00000000  00001000  RWIX
  BSLSIGNATURE          0000ffde   00000002  00000002  00000000  RWIX  ffff 
  INT00                 0000ffe0   00000002  00000002  00000000  RWIX
  INT01                 0000ffe2   00000002  00000000  00000002  RWIX
  INT02                 0000ffe4   00000002  00000002  00000000  RWIX
  INT03                 0000ffe6   00000002  00000002  00000000  RWIX
  INT04                 0000ffe8   00000002  00000000  00000002  RWIX
  INT05                 0000ffea   00000002  00000002  00000000  RWIX
  INT06                 0000ffec   00000002  00000002  00000000  RWIX
  INT07                 0000ffee   00000002  00000002  00000000  RWIX
  INT08                 0000fff0   00000002  00000002  00000000  RWIX
  INT09                 0000fff2   00000002  00000002  00000000  RWIX
  INT10                 0000fff4   00000002  00000002  00000000  RWIX
  INT11                 0000fff6   00000002  00000002  00000000  RWIX
  INT12                 0000fff8   00000002  00000002  00000000  RWIX
  INT13                 0000fffa   00000002  00000002  00000000  RWIX
  INT14                 0000fffc   00000002  00000002  00000000  RWIX
  RESET                 0000fffe   00000002  00000002  00000000  RWIX


SECTION ALLOCATION MAP

 output                                  attributes/
section   page    origin      length       input sections
--------  ----  ----------  ----------   ----------------
.bss       0    00000200    00000053     UNINITIALIZED
                  00000200    00000046     (.common:UART_Buf)
                  00000246    0000000a     (.common:img)
                  00000250    00000002     (.common:UART_TXBUF)
                  00000252    00000001     main.obj (.bss)

.data      0    00000254    0000001a     UNINITIALIZED
                  00000254    0000001a     main.obj (.data)

.stack     0    000003b0    00000050     UNINITIALIZED
                  000003b0    00000002     rts430_eabi.lib : boot.obj (.stack)
                  000003b2    0000004e     --HOLE--

.text      0    0000c000    00000ad0     
                  0000c000    00000198     main.obj (.text:main)
                  0000c198    000000a0     main.obj (.text:handleUART)
                  0000c238    0000009e     main.obj (.text:img_update)
                  0000c2d6    00000098     main.obj (.text:Flash_Load_Descriptor)
                  0000c36e    0000008c     main.obj (.text:USCIAB0RX_ISR)
                  0000c3fa    00000080     main.obj (.text:ADC10_ISR)
                  0000c47a    0000007c     rts430_eabi.lib : copy_decompress_lzss.obj (.text:decompress:lzss:__TI_decompress_lzss)
                  0000c4f6    0000006e                     : autoinit.obj (.text:_auto_init)
                  0000c564    00000062     main.obj (.text:img_find_chained)
                  0000c5c6    0000005a     rts430_eabi.lib : cpy_tbl.obj (.text:copy_in)
                  0000c620    00000052     main.obj (.text:inAllowedMem)
                  0000c672    0000004c     main.obj (.text:USCI_B0_Init)
                  0000c6be    0000004c     rts430_eabi.lib : lsr16.obj (.text)
                  0000c70a    00000046     main.obj (.text:Eyes_Set)
                  0000c750    00000042     main.obj (.text:Flash_Erase)
                  0000c792    00000040     main.obj (.text:Flash_Write)
                  0000c7d2    00000036     main.obj (.text:USCIAB0TX_ISR)
                  0000c808    0000002e     main.obj (.text:Status_Set)
                  0000c836    0000002e     main.obj (.text:T1A0_ISR)
                  0000c864    0000002c     main.obj (.text:USCI_A0_Init)
                  0000c890    0000002c     rts430_eabi.lib : asr16.obj (.text)
                  0000c8bc    0000002c                     : lsl16.obj (.text)
                  0000c8e8    00000024     main.obj (.text:img_start)
                  0000c90c    00000022     main.obj (.text:DCO_Calib)
                  0000c92e    00000020     main.obj (.text:Flash_Count_Descriptors)
                  0000c94e    00000020     main.obj (.text:TIMER_A1_Init)
                  0000c96e    0000001c     main.obj (.text:uartTransmit)
                  0000c98a    0000001c     main.obj (.text:watchdog_timer)
                  0000c9a6    0000001a     rts430_eabi.lib : boot_special.obj (.text:_c_int00_noargs_noexit)
                  0000c9c0    00000018     main.obj (.text:ADC10_Init_BTN)
                  0000c9d8    00000014     main.obj (.text:clearUARTbuf)
                  0000c9ec    00000014     rts430_eabi.lib : copy_zero_init.obj (.text:decompress:ZI:__TI_zero_init)
                  0000ca00    00000014                     : memset.obj (.text:memset)
                  0000ca14    00000014                     : mult16.obj (.text)
                  0000ca28    00000012                     : copy_decompress_none.obj (.text:decompress:none:__TI_decompress_none)
                  0000ca3a    00000012                     : memcpy.obj (.text:memcpy)
                  0000ca4c    00000010                     : epilog.obj (.text)
                  0000ca5c    0000000e     main.obj (.text:Eyes_Init)
                  0000ca6a    0000000e     main.obj (.text:TIMER_A0_Init)
                  0000ca78    0000000c     main.obj (.text:img_isRunning)
                  0000ca84    0000000a     main.obj (.text:ADC10_Init)
                  0000ca8e    0000000a     main.obj (.text:T0A1_ISR)
                  0000ca98    0000000a     main.obj (.text:T1A1_ISR)
                  0000caa2    0000000a     rts430_eabi.lib : abs.obj (.text:abs)
                  0000caac    00000008                     : isr_trap.obj (.text:_isr:__TI_ISR_TRAP)
                  0000cab4    00000006     main.obj (.text:WDT_Init)
                  0000caba    00000006     rts430_eabi.lib : exit.obj (.text:abort)
                  0000cac0    00000006     main.obj (.text:img_stop)
                  0000cac6    00000004     rts430_eabi.lib : pre_init.obj (.text:_system_pre_init)
                  0000caca    00000002     main.obj (.text:Port_1)
                  0000cacc    00000002     main.obj (.text:T0A0_ISR)
                  0000cace    00000002     rts430_eabi.lib : startup.obj (.text:_system_post_cinit)

.binit     0    0000c000    00000000     

.const     0    0000cad0    000000c2     
                  0000cad0    00000074     main.obj (.const:.string:flash_regions)
                  0000cb44    0000004e     main.obj (.const:.string:version_data)

.cinit     0    0000cb92    00000020     
                  0000cb92    0000000e     (.cinit..data.load) [load image, compression = lzss]
                  0000cba0    00000006     (__TI_handler_table)
                  0000cba6    00000004     (.cinit..bss.load) [load image, compression = zero_init]
                  0000cbaa    00000008     (__TI_cinit_table)

.init_array 
*          0    0000c000    00000000     UNINITIALIZED

TRAPINT    0    0000ffe0    00000002     
                  0000ffe0    00000002     rts430_eabi.lib : int00.obj (.int00)

$fill000   0    0000ffde    00000002     
                  0000ffde    00000002     --HOLE-- [fill = ffff]

PORT1      0    0000ffe4    00000002     
                  0000ffe4    00000002     main.obj (.int02)

PORT2      0    0000ffe6    00000002     
                  0000ffe6    00000002     rts430_eabi.lib : int03.obj (.int03)

ADC10      0    0000ffea    00000002     
                  0000ffea    00000002     main.obj (.int05)

USCIAB0TX 
*          0    0000ffec    00000002     
                  0000ffec    00000002     main.obj (.int06)

USCIAB0RX 
*          0    0000ffee    00000002     
                  0000ffee    00000002     main.obj (.int07)

TIMER0_A1 
*          0    0000fff0    00000002     
                  0000fff0    00000002     main.obj (.int08)

TIMER0_A0 
*          0    0000fff2    00000002     
                  0000fff2    00000002     main.obj (.int09)

WDT        0    0000fff4    00000002     
                  0000fff4    00000002     main.obj (.int10)

COMPARATORA 
*          0    0000fff6    00000002     
                  0000fff6    00000002     rts430_eabi.lib : int11.obj (.int11)

TIMER1_A1 
*          0    0000fff8    00000002     
                  0000fff8    00000002     main.obj (.int12)

TIMER1_A0 
*          0    0000fffa    00000002     
                  0000fffa    00000002     main.obj (.int13)

NMI        0    0000fffc    00000002     
                  0000fffc    00000002     rts430_eabi.lib : int14.obj (.int14)

.reset     0    0000fffe    00000002     
                  0000fffe    00000002     rts430_eabi.lib : boot.obj (.reset)

MODULE SUMMARY

       Module                     code   ro data   rw data
       ------                     ----   -------   -------
    .\
       main.obj                   2112   212       109    
    +--+--------------------------+------+---------+---------+
       Total:                     2112   212       109    
                                                          
    C:\ti\ccsv7\tools\compiler\ti-cgt-msp430_16.9.4.LTS\lib\rts430_eabi.lib
       copy_decompress_lzss.obj   124    0         0      
       autoinit.obj               110    0         0      
       cpy_tbl.obj                90     0         0      
       lsr16.obj                  76     0         0      
       asr16.obj                  44     0         0      
       lsl16.obj                  44     0         0      
       boot_special.obj           26     0         0      
       copy_zero_init.obj         20     0         0      
       memset.obj                 20     0         0      
       mult16.obj                 20     0         0      
       copy_decompress_none.obj   18     0         0      
       memcpy.obj                 18     0         0      
       epilog.obj                 16     0         0      
       abs.obj                    10     0         0      
       isr_trap.obj               8      0         0      
       exit.obj                   6      0         0      
       pre_init.obj               4      0         0      
       boot.obj                   0      2         0      
       int00.obj                  0      2         0      
       int03.obj                  0      2         0      
       int11.obj                  0      2         0      
       int14.obj                  0      2         0      
       startup.obj                2      0         0      
    +--+--------------------------+------+---------+---------+
       Total:                     656    10        0      
                                                          
       Stack:                     0      0         80     
       Linker Generated:          0      32        0      
    +--+--------------------------+------+---------+---------+
       Grand Total:               2768   254       189    


LINKER GENERATED COPY TABLES

__TI_cinit_table @ 0000cbaa records: 2, size/record: 4, table size: 8
	.data: load addr=0000cb92, load size=0000000e bytes, run addr=00000254, run size=0000001a bytes, compression=lzss
	.bss: load addr=0000cba6, load size=00000004 bytes, run addr=00000200, run size=00000053 bytes, compression=zero_init


LINKER GENERATED HANDLER TABLE

__TI_handler_table @ 0000cba0 records: 3, size/record: 2, table size: 6
	index: 0, handler: __TI_zero_init
	index: 1, handler: __TI_decompress_lzss
	index: 2, handler: __TI_decompress_none


GLOBAL SYMBOLS: SORTED ALPHABETICALLY BY Name 

address   name                    
-------   ----                    
0000004a  ADC10AE0                
000001b0  ADC10CTL0               
000001b2  ADC10CTL1               
00000048  ADC10DTC0               
00000049  ADC10DTC1               
000001b4  ADC10MEM                
000001bc  ADC10SA                 
0000c3fa  ADC10_ISR               
0000ca84  ADC10_Init              
0000c9c0  ADC10_Init_BTN          
00000057  BCSCTL1                 
00000058  BCSCTL2                 
00000053  BCSCTL3                 
0000026a  BYTE_CNTR               
0000caba  C$$EXIT                 
00000059  CACTL1                  
0000005a  CACTL2                  
000010fb  CALBC1_12MHZ            
000010f9  CALBC1_16MHZ            
000010ff  CALBC1_1MHZ             
000010fd  CALBC1_8MHZ             
000010fa  CALDCO_12MHZ            
000010f8  CALDCO_16MHZ            
000010fe  CALDCO_1MHZ             
000010fc  CALDCO_8MHZ             
0000005b  CAPD                    
00000056  DCOCTL                  
0000c90c  DCO_Calib               
0000ca5c  Eyes_Init               
0000c70a  Eyes_Set                
00000128  FCTL1                   
0000012a  FCTL2                   
0000012c  FCTL3                   
00000262  FRAME_CNTR              
00000258  FRAME_OFFS              
0000c92e  Flash_Count_Descriptors 
0000c750  Flash_Erase             
0000c2d6  Flash_Load_Descriptor   
0000c792  Flash_Write             
00000000  IE1                     
00000001  IE2                     
00000002  IFG1                    
00000003  IFG2                    
00000022  P1DIR                   
00000025  P1IE                    
00000024  P1IES                   
00000023  P1IFG                   
00000020  P1IN                    
00000021  P1OUT                   
00000027  P1REN                   
00000026  P1SEL                   
00000041  P1SEL2                  
0000002a  P2DIR                   
0000002d  P2IE                    
0000002c  P2IES                   
0000002b  P2IFG                   
00000028  P2IN                    
00000029  P2OUT                   
0000002f  P2REN                   
0000002e  P2SEL                   
00000042  P2SEL2                  
0000001a  P3DIR                   
00000018  P3IN                    
00000019  P3OUT                   
00000010  P3REN                   
0000001b  P3SEL                   
00000043  P3SEL2                  
0000caca  Port_1                  
0000025a  STATUS_VEC              
0000c808  Status_Set              
0000cacc  T0A0_ISR                
0000ca8e  T0A1_ISR                
0000c836  T1A0_ISR                
0000ca98  T1A1_ISR                
00000172  TA0CCR0                 
00000174  TA0CCR1                 
00000176  TA0CCR2                 
00000162  TA0CCTL0                
00000164  TA0CCTL1                
00000166  TA0CCTL2                
00000160  TA0CTL                  
0000012e  TA0IV                   
00000170  TA0R                    
00000192  TA1CCR0                 
00000194  TA1CCR1                 
00000196  TA1CCR2                 
00000182  TA1CCTL0                
00000184  TA1CCTL1                
00000186  TA1CCTL2                
00000180  TA1CTL                  
0000011e  TA1IV                   
00000190  TA1R                    
0000ca6a  TIMER_A0_Init           
0000c94e  TIMER_A1_Init           
000010db  TLV_ADC10_1_LEN         
000010da  TLV_ADC10_1_TAG         
000010c0  TLV_CHECKSUM            
000010f7  TLV_DCO_30_LEN          
000010f6  TLV_DCO_30_TAG          
00000256  UART_Available          
00000268  UART_BYTES_TX           
00000266  UART_BYTE_CNTR          
00000200  UART_Buf                
00000255  UART_DOONCE             
00000250  UART_TXBUF              
00000269  UART_TXDONE             
0000005d  UCA0ABCTL               
00000062  UCA0BR0                 
00000063  UCA0BR1                 
00000060  UCA0CTL0                
00000061  UCA0CTL1                
0000005f  UCA0IRRCTL              
0000005e  UCA0IRTCTL              
00000064  UCA0MCTL                
00000066  UCA0RXBUF               
00000065  UCA0STAT                
00000067  UCA0TXBUF               
0000006a  UCB0BR0                 
0000006b  UCB0BR1                 
00000068  UCB0CTL0                
00000069  UCB0CTL1                
0000006c  UCB0I2CIE               
00000118  UCB0I2COA               
0000011a  UCB0I2CSA               
0000006e  UCB0RXBUF               
0000006d  UCB0STAT                
0000006f  UCB0TXBUF               
0000c36e  USCIAB0RX_ISR           
0000c7d2  USCIAB0TX_ISR           
0000c864  USCI_A0_Init            
0000c672  USCI_B0_Init            
00000120  WDTCTL                  
0000cab4  WDT_Init                
00000400  __STACK_END             
00000050  __STACK_SIZE            
UNDEFED   __TI_BINIT_Base         
UNDEFED   __TI_BINIT_Limit        
0000cbaa  __TI_CINIT_Base         
0000cbb2  __TI_CINIT_Limit        
0000cba0  __TI_Handler_Table_Base 
0000cba6  __TI_Handler_Table_Limit
UNDEFED   __TI_INITARRAY_Base     
UNDEFED   __TI_INITARRAY_Limit    
0000caac  __TI_ISR_TRAP           
0000c47a  __TI_decompress_lzss    
0000ca28  __TI_decompress_none    
0000ffe0  __TI_int00              
0000ffe4  __TI_int02              
0000ffe6  __TI_int03              
0000ffea  __TI_int05              
0000ffec  __TI_int06              
0000ffee  __TI_int07              
0000fff0  __TI_int08              
0000fff2  __TI_int09              
0000fff4  __TI_int10              
0000fff6  __TI_int11              
0000fff8  __TI_int12              
0000fffa  __TI_int13              
0000fffc  __TI_int14              
ffffffff  __TI_pprof_out_hndl     
ffffffff  __TI_prof_data_size     
ffffffff  __TI_prof_data_start    
0000c9ec  __TI_zero_init          
ffffffff  __c_args__              
0000ca58  __mspabi_func_epilog_1  
0000ca56  __mspabi_func_epilog_2  
0000ca54  __mspabi_func_epilog_3  
0000ca52  __mspabi_func_epilog_4  
0000ca50  __mspabi_func_epilog_5  
0000ca4e  __mspabi_func_epilog_6  
0000ca4c  __mspabi_func_epilog_7  
0000ca14  __mspabi_mpyi           
0000ca14  __mspabi_mpyi_sw        
0000c8bc  __mspabi_slli           
0000c8e4  __mspabi_slli_1         
0000c8d2  __mspabi_slli_10        
0000c8d0  __mspabi_slli_11        
0000c8ce  __mspabi_slli_12        
0000c8cc  __mspabi_slli_13        
0000c8ca  __mspabi_slli_14        
0000c8c8  __mspabi_slli_15        
0000c8e2  __mspabi_slli_2         
0000c8e0  __mspabi_slli_3         
0000c8de  __mspabi_slli_4         
0000c8dc  __mspabi_slli_5         
0000c8da  __mspabi_slli_6         
0000c8d8  __mspabi_slli_7         
0000c8d6  __mspabi_slli_8         
0000c8d4  __mspabi_slli_9         
0000c890  __mspabi_srai           
0000c8b8  __mspabi_srai_1         
0000c8a6  __mspabi_srai_10        
0000c8a4  __mspabi_srai_11        
0000c8a2  __mspabi_srai_12        
0000c8a0  __mspabi_srai_13        
0000c89e  __mspabi_srai_14        
0000c89c  __mspabi_srai_15        
0000c8b6  __mspabi_srai_2         
0000c8b4  __mspabi_srai_3         
0000c8b2  __mspabi_srai_4         
0000c8b0  __mspabi_srai_5         
0000c8ae  __mspabi_srai_6         
0000c8ac  __mspabi_srai_7         
0000c8aa  __mspabi_srai_8         
0000c8a8  __mspabi_srai_9         
0000c6be  __mspabi_srli           
0000c704  __mspabi_srli_1         
0000c6e0  __mspabi_srli_10        
0000c6dc  __mspabi_srli_11        
0000c6d8  __mspabi_srli_12        
0000c6d4  __mspabi_srli_13        
0000c6d0  __mspabi_srli_14        
0000c6cc  __mspabi_srli_15        
0000c700  __mspabi_srli_2         
0000c6fc  __mspabi_srli_3         
0000c6f8  __mspabi_srli_4         
0000c6f4  __mspabi_srli_5         
0000c6f0  __mspabi_srli_6         
0000c6ec  __mspabi_srli_7         
0000c6e8  __mspabi_srli_8         
0000c6e4  __mspabi_srli_9         
0000c4f6  _auto_init              
0000c9a6  _c_int00_noargs_noexit  
0000fffe  _reset_vector           
000003b0  _stack                  
0000cace  _system_post_cinit      
0000cac6  _system_pre_init        
0000caba  abort                   
0000caa2  abs                     
00000254  btnIndex                
00000264  buttonreleased          
0000025c  cfg_memory              
0000c9d8  clearUARTbuf            
0000c5c6  copy_in                 
0000cad0  flash_regions           
0000c198  handleUART              
00000246  img                     
0000c564  img_find_chained        
0000025f  img_halt                
0000ca78  img_isRunning           
00000260  img_loop                
0000c8e8  img_start               
0000cac0  img_stop                
0000c238  img_update              
0000c620  inAllowedMem            
0000c000  main                    
0000ca3a  memcpy                  
0000ca00  memset                  
0000025e  n_descriptors           
0000c96e  uartTransmit            
0000cb44  version_data            
0000c98a  watchdog_timer          


GLOBAL SYMBOLS: SORTED BY Symbol Address 

address   name                    
-------   ----                    
00000000  IE1                     
00000001  IE2                     
00000002  IFG1                    
00000003  IFG2                    
00000010  P3REN                   
00000018  P3IN                    
00000019  P3OUT                   
0000001a  P3DIR                   
0000001b  P3SEL                   
00000020  P1IN                    
00000021  P1OUT                   
00000022  P1DIR                   
00000023  P1IFG                   
00000024  P1IES                   
00000025  P1IE                    
00000026  P1SEL                   
00000027  P1REN                   
00000028  P2IN                    
00000029  P2OUT                   
0000002a  P2DIR                   
0000002b  P2IFG                   
0000002c  P2IES                   
0000002d  P2IE                    
0000002e  P2SEL                   
0000002f  P2REN                   
00000041  P1SEL2                  
00000042  P2SEL2                  
00000043  P3SEL2                  
00000048  ADC10DTC0               
00000049  ADC10DTC1               
0000004a  ADC10AE0                
00000050  __STACK_SIZE            
00000053  BCSCTL3                 
00000056  DCOCTL                  
00000057  BCSCTL1                 
00000058  BCSCTL2                 
00000059  CACTL1                  
0000005a  CACTL2                  
0000005b  CAPD                    
0000005d  UCA0ABCTL               
0000005e  UCA0IRTCTL              
0000005f  UCA0IRRCTL              
00000060  UCA0CTL0                
00000061  UCA0CTL1                
00000062  UCA0BR0                 
00000063  UCA0BR1                 
00000064  UCA0MCTL                
00000065  UCA0STAT                
00000066  UCA0RXBUF               
00000067  UCA0TXBUF               
00000068  UCB0CTL0                
00000069  UCB0CTL1                
0000006a  UCB0BR0                 
0000006b  UCB0BR1                 
0000006c  UCB0I2CIE               
0000006d  UCB0STAT                
0000006e  UCB0RXBUF               
0000006f  UCB0TXBUF               
00000118  UCB0I2COA               
0000011a  UCB0I2CSA               
0000011e  TA1IV                   
00000120  WDTCTL                  
00000128  FCTL1                   
0000012a  FCTL2                   
0000012c  FCTL3                   
0000012e  TA0IV                   
00000160  TA0CTL                  
00000162  TA0CCTL0                
00000164  TA0CCTL1                
00000166  TA0CCTL2                
00000170  TA0R                    
00000172  TA0CCR0                 
00000174  TA0CCR1                 
00000176  TA0CCR2                 
00000180  TA1CTL                  
00000182  TA1CCTL0                
00000184  TA1CCTL1                
00000186  TA1CCTL2                
00000190  TA1R                    
00000192  TA1CCR0                 
00000194  TA1CCR1                 
00000196  TA1CCR2                 
000001b0  ADC10CTL0               
000001b2  ADC10CTL1               
000001b4  ADC10MEM                
000001bc  ADC10SA                 
00000200  UART_Buf                
00000246  img                     
00000250  UART_TXBUF              
00000254  btnIndex                
00000255  UART_DOONCE             
00000256  UART_Available          
00000258  FRAME_OFFS              
0000025a  STATUS_VEC              
0000025c  cfg_memory              
0000025e  n_descriptors           
0000025f  img_halt                
00000260  img_loop                
00000262  FRAME_CNTR              
00000264  buttonreleased          
00000266  UART_BYTE_CNTR          
00000268  UART_BYTES_TX           
00000269  UART_TXDONE             
0000026a  BYTE_CNTR               
000003b0  _stack                  
00000400  __STACK_END             
000010c0  TLV_CHECKSUM            
000010da  TLV_ADC10_1_TAG         
000010db  TLV_ADC10_1_LEN         
000010f6  TLV_DCO_30_TAG          
000010f7  TLV_DCO_30_LEN          
000010f8  CALDCO_16MHZ            
000010f9  CALBC1_16MHZ            
000010fa  CALDCO_12MHZ            
000010fb  CALBC1_12MHZ            
000010fc  CALDCO_8MHZ             
000010fd  CALBC1_8MHZ             
000010fe  CALDCO_1MHZ             
000010ff  CALBC1_1MHZ             
0000c000  main                    
0000c198  handleUART              
0000c238  img_update              
0000c2d6  Flash_Load_Descriptor   
0000c36e  USCIAB0RX_ISR           
0000c3fa  ADC10_ISR               
0000c47a  __TI_decompress_lzss    
0000c4f6  _auto_init              
0000c564  img_find_chained        
0000c5c6  copy_in                 
0000c620  inAllowedMem            
0000c672  USCI_B0_Init            
0000c6be  __mspabi_srli           
0000c6cc  __mspabi_srli_15        
0000c6d0  __mspabi_srli_14        
0000c6d4  __mspabi_srli_13        
0000c6d8  __mspabi_srli_12        
0000c6dc  __mspabi_srli_11        
0000c6e0  __mspabi_srli_10        
0000c6e4  __mspabi_srli_9         
0000c6e8  __mspabi_srli_8         
0000c6ec  __mspabi_srli_7         
0000c6f0  __mspabi_srli_6         
0000c6f4  __mspabi_srli_5         
0000c6f8  __mspabi_srli_4         
0000c6fc  __mspabi_srli_3         
0000c700  __mspabi_srli_2         
0000c704  __mspabi_srli_1         
0000c70a  Eyes_Set                
0000c750  Flash_Erase             
0000c792  Flash_Write             
0000c7d2  USCIAB0TX_ISR           
0000c808  Status_Set              
0000c836  T1A0_ISR                
0000c864  USCI_A0_Init            
0000c890  __mspabi_srai           
0000c89c  __mspabi_srai_15        
0000c89e  __mspabi_srai_14        
0000c8a0  __mspabi_srai_13        
0000c8a2  __mspabi_srai_12        
0000c8a4  __mspabi_srai_11        
0000c8a6  __mspabi_srai_10        
0000c8a8  __mspabi_srai_9         
0000c8aa  __mspabi_srai_8         
0000c8ac  __mspabi_srai_7         
0000c8ae  __mspabi_srai_6         
0000c8b0  __mspabi_srai_5         
0000c8b2  __mspabi_srai_4         
0000c8b4  __mspabi_srai_3         
0000c8b6  __mspabi_srai_2         
0000c8b8  __mspabi_srai_1         
0000c8bc  __mspabi_slli           
0000c8c8  __mspabi_slli_15        
0000c8ca  __mspabi_slli_14        
0000c8cc  __mspabi_slli_13        
0000c8ce  __mspabi_slli_12        
0000c8d0  __mspabi_slli_11        
0000c8d2  __mspabi_slli_10        
0000c8d4  __mspabi_slli_9         
0000c8d6  __mspabi_slli_8         
0000c8d8  __mspabi_slli_7         
0000c8da  __mspabi_slli_6         
0000c8dc  __mspabi_slli_5         
0000c8de  __mspabi_slli_4         
0000c8e0  __mspabi_slli_3         
0000c8e2  __mspabi_slli_2         
0000c8e4  __mspabi_slli_1         
0000c8e8  img_start               
0000c90c  DCO_Calib               
0000c92e  Flash_Count_Descriptors 
0000c94e  TIMER_A1_Init           
0000c96e  uartTransmit            
0000c98a  watchdog_timer          
0000c9a6  _c_int00_noargs_noexit  
0000c9c0  ADC10_Init_BTN          
0000c9d8  clearUARTbuf            
0000c9ec  __TI_zero_init          
0000ca00  memset                  
0000ca14  __mspabi_mpyi           
0000ca14  __mspabi_mpyi_sw        
0000ca28  __TI_decompress_none    
0000ca3a  memcpy                  
0000ca4c  __mspabi_func_epilog_7  
0000ca4e  __mspabi_func_epilog_6  
0000ca50  __mspabi_func_epilog_5  
0000ca52  __mspabi_func_epilog_4  
0000ca54  __mspabi_func_epilog_3  
0000ca56  __mspabi_func_epilog_2  
0000ca58  __mspabi_func_epilog_1  
0000ca5c  Eyes_Init               
0000ca6a  TIMER_A0_Init           
0000ca78  img_isRunning           
0000ca84  ADC10_Init              
0000ca8e  T0A1_ISR                
0000ca98  T1A1_ISR                
0000caa2  abs                     
0000caac  __TI_ISR_TRAP           
0000cab4  WDT_Init                
0000caba  C$$EXIT                 
0000caba  abort                   
0000cac0  img_stop                
0000cac6  _system_pre_init        
0000caca  Port_1                  
0000cacc  T0A0_ISR                
0000cace  _system_post_cinit      
0000cad0  flash_regions           
0000cb44  version_data            
0000cba0  __TI_Handler_Table_Base 
0000cba6  __TI_Handler_Table_Limit
0000cbaa  __TI_CINIT_Base         
0000cbb2  __TI_CINIT_Limit        
0000ffe0  __TI_int00              
0000ffe4  __TI_int02              
0000ffe6  __TI_int03              
0000ffea  __TI_int05              
0000ffec  __TI_int06              
0000ffee  __TI_int07              
0000fff0  __TI_int08              
0000fff2  __TI_int09              
0000fff4  __TI_int10              
0000fff6  __TI_int11              
0000fff8  __TI_int12              
0000fffa  __TI_int13              
0000fffc  __TI_int14              
0000fffe  _reset_vector           
ffffffff  __TI_pprof_out_hndl     
ffffffff  __TI_prof_data_size     
ffffffff  __TI_prof_data_start    
ffffffff  __c_args__              
UNDEFED   __TI_BINIT_Base         
UNDEFED   __TI_BINIT_Limit        
UNDEFED   __TI_INITARRAY_Base     
UNDEFED   __TI_INITARRAY_Limit    

[252 symbols]
